2026-10-04T13:09:58.3586116Z Current runner version: '2.337.0'
2026-10-04T13:09:58.3612032Z ##[group]Runner Image Provisioner
2026-10-04T13:09:58.3613002Z Hosted Compute Agent
2026-10-04T13:09:58.3613613Z Version: 20260901.588
2026-10-04T13:09:58.3614228Z Commit: f88ec8081b781fac6c440065ac7ff9e710ce3d0b
2026-10-04T13:09:58.3614977Z Build Date: 2026-09-01T19:56:44Z
2026-10-04T13:09:58.3615630Z Worker ID: {7aa9e1fc-6179-4618-8ace-8c9b265530c9}
2026-10-04T13:09:58.3616654Z Azure Region: westcentralus
2026-10-04T13:09:58.3617348Z ##[endgroup]
2026-10-04T13:09:58.3619292Z ##[group]Operating System
2026-10-04T13:09:58.3619931Z Ubuntu
2026-10-04T13:09:58.3620445Z 24.04.5
2026-10-04T13:09:58.3620955Z LTS
2026-10-04T13:09:58.3621486Z ##[endgroup]
2026-10-04T13:09:58.3622015Z ##[group]Runner Image
2026-10-04T13:09:58.3622582Z Image: ubuntu-24.04
2026-10-04T13:09:58.3623138Z Version: 20260927.320.1
2026-10-04T13:09:58.3624401Z Included Software: https://github.com/actions/runner-images/blob/ubuntu24/20260927.320/images/ubuntu/Ubuntu2404-Readme.md
2026-10-04T13:09:58.3625859Z Image Release: https://github.com/actions/runner-images/releases/tag/ubuntu24%2F20260927.320
2026-10-04T13:09:58.3626784Z ##[endgroup]
2026-10-04T13:09:58.3628019Z ##[group]GITHUB_TOKEN Permissions
2026-10-04T13:09:58.3630556Z Contents: read
2026-10-04T13:09:58.3631132Z Metadata: read
2026-10-04T13:09:58.3631703Z Packages: read
2026-10-04T13:09:58.3632272Z ##[endgroup]
2026-10-04T13:09:58.3634326Z Secret source: Actions
2026-10-04T13:09:58.3635199Z Cache mode: write
2026-10-04T13:09:58.3635851Z Prepare workflow directory
2026-10-04T13:09:58.4011183Z Prepare all required actions
2026-10-04T13:09:58.4060737Z Getting action download info
2026-10-04T13:09:58.6861618Z Download action repository 'actions/checkout@v4' (SHA:11d5960a326750d5838078e36cf38b85af677262)
2026-10-04T13:09:58.7898369Z Download action repository 'actions/setup-python@v5' (SHA:a26af69be951a213d495a4c3e4e4022e16d87065)
2026-10-04T13:09:58.9015979Z Download action repository 'actions/upload-artifact@v4' (SHA:ea165f8d65b6e75b540449e92b4886f43607fa02)
2026-10-04T13:09:59.1957030Z Complete job name: validate
2026-10-04T13:09:59.2645139Z ##[group]Run actions/checkout@v4
2026-10-04T13:09:59.2645972Z with:
2026-10-04T13:09:59.2646553Z   repository: Horororong/quant-marcap-runner
2026-10-04T13:09:59.2650615Z   token: ***
2026-10-04T13:09:59.2651171Z   ssh-strict: true
2026-10-04T13:09:59.2651673Z   ssh-user: git
2026-10-04T13:09:59.2652177Z   persist-credentials: true
2026-10-04T13:09:59.2652728Z   clean: true
2026-10-04T13:09:59.2653283Z   sparse-checkout-cone-mode: true
2026-10-04T13:09:59.2653879Z   fetch-depth: 1
2026-10-04T13:09:59.2654368Z   fetch-tags: false
2026-10-04T13:09:59.2654940Z   show-progress: true
2026-10-04T13:09:59.2655595Z   lfs: false
2026-10-04T13:09:59.2656181Z   submodules: false
2026-10-04T13:09:59.2656710Z   set-safe-directory: true
2026-10-04T13:09:59.2657282Z   allow-unsafe-pr-checkout: false
2026-10-04T13:09:59.2658052Z ##[endgroup]
2026-10-04T13:09:59.3679243Z Syncing repository: Horororong/quant-marcap-runner
2026-10-04T13:09:59.3681944Z ##[group]Getting Git version info
2026-10-04T13:09:59.3682974Z Working directory is '/home/runner/work/quant-marcap-runner/quant-marcap-runner'
2026-10-04T13:09:59.3684640Z [command]/usr/bin/git version
2026-10-04T13:09:59.3754753Z git version 2.55.0
2026-10-04T13:09:59.3774962Z ##[endgroup]
2026-10-04T13:09:59.3788965Z Temporarily overriding HOME='/home/runner/work/_temp/5b4e07f9-bec8-44a2-8506-a227b4ae7928' before making global git config changes
2026-10-04T13:09:59.3791476Z Adding repository directory to the temporary git global config as a safe directory
2026-10-04T13:09:59.3796305Z [command]/usr/bin/git config --global --add safe.directory /home/runner/work/quant-marcap-runner/quant-marcap-runner
2026-10-04T13:09:59.3899633Z Deleting the contents of '/home/runner/work/quant-marcap-runner/quant-marcap-runner'
2026-10-04T13:09:59.3901991Z ##[group]Initializing the repository
2026-10-04T13:09:59.3903481Z [command]/usr/bin/git init /home/runner/work/quant-marcap-runner/quant-marcap-runner
2026-10-04T13:09:59.3974829Z hint: Using 'master' as the name for the initial branch. This default branch name
2026-10-04T13:09:59.3976554Z hint: will change to "main" in Git 3.0. To configure the initial branch name
2026-10-04T13:09:59.3981878Z hint: to use in all of your new repositories, which will suppress this warning,
2026-10-04T13:09:59.3983545Z hint: call:
2026-10-04T13:09:59.3984342Z hint:
2026-10-04T13:09:59.3985260Z hint: 	git config --global init.defaultBranch <name>
2026-10-04T13:09:59.3986357Z hint:
2026-10-04T13:09:59.3987334Z hint: Names commonly chosen instead of 'master' are 'main', 'trunk' and
2026-10-04T13:09:59.3989468Z hint: 'development'. The just-created branch can be renamed via this command:
2026-10-04T13:09:59.3990643Z hint:
2026-10-04T13:09:59.3991760Z hint: 	git branch -m <name>
2026-10-04T13:09:59.3992656Z hint:
2026-10-04T13:09:59.3993837Z hint: Disable this message with "git config set advice.defaultBranchName false"
2026-10-04T13:09:59.3995961Z Initialized empty Git repository in /home/runner/work/quant-marcap-runner/quant-marcap-runner/.git/
2026-10-04T13:09:59.3999394Z [command]/usr/bin/git remote add origin https://github.com/Horororong/quant-marcap-runner
2026-10-04T13:09:59.4050091Z ##[endgroup]
2026-10-04T13:09:59.4051589Z ##[group]Disabling automatic garbage collection
2026-10-04T13:09:59.4053746Z [command]/usr/bin/git config --local gc.auto 0
2026-10-04T13:09:59.4087426Z ##[endgroup]
2026-10-04T13:09:59.4089011Z ##[group]Setting up auth
2026-10-04T13:09:59.4095393Z [command]/usr/bin/git config --local --name-only --get-regexp core\.sshCommand
2026-10-04T13:09:59.4124268Z [command]/usr/bin/git submodule foreach --recursive sh -c "git config --local --name-only --get-regexp 'core\.sshCommand' && git config --local --unset-all 'core.sshCommand' || :"
2026-10-04T13:09:59.4468002Z [command]/usr/bin/git config --local --name-only --get-regexp http\.https\:\/\/github\.com\/\.extraheader
2026-10-04T13:09:59.4503281Z [command]/usr/bin/git submodule foreach --recursive sh -c "git config --local --name-only --get-regexp 'http\.https\:\/\/github\.com\/\.extraheader' && git config --local --unset-all 'http.https://github.com/.extraheader' || :"
2026-10-04T13:09:59.4716492Z [command]/usr/bin/git config --local --name-only --get-regexp ^includeIf\.gitdir:
2026-10-04T13:09:59.4750353Z [command]/usr/bin/git submodule foreach --recursive git config --local --show-origin --name-only --get-regexp remote.origin.url
2026-10-04T13:09:59.4954106Z [command]/usr/bin/git config --local http.https://github.com/.extraheader AUTHORIZATION: basic ***
2026-10-04T13:09:59.4996008Z ##[endgroup]
2026-10-04T13:09:59.4997546Z ##[group]Fetching the repository
2026-10-04T13:09:59.5007431Z [command]/usr/bin/git -c protocol.version=2 fetch --no-tags --prune --no-recurse-submodules --depth=1 origin +18857483e77a8fd1f9ab8d4587bb479fe37ab301:refs/remotes/origin/fix/legacy-no-metrics-resume-20261004
2026-10-04T13:11:04.1565704Z From https://github.com/Horororong/quant-marcap-runner
2026-10-04T13:11:04.1567694Z  * [new ref]         18857483e77a8fd1f9ab8d4587bb479fe37ab301 -> origin/fix/legacy-no-metrics-resume-20261004
2026-10-04T13:11:04.1569882Z ##[endgroup]
2026-10-04T13:11:04.1570489Z ##[group]Determining the checkout info
2026-10-04T13:11:04.1571117Z ##[endgroup]
2026-10-04T13:11:04.1571795Z [command]/usr/bin/git sparse-checkout disable
2026-10-04T13:11:04.1620443Z [command]/usr/bin/git config --local --unset-all extensions.worktreeConfig
2026-10-04T13:11:04.1657697Z ##[group]Checking out the ref
2026-10-04T13:11:04.1660371Z [command]/usr/bin/git checkout --progress --force -B fix/legacy-no-metrics-resume-20261004 refs/remotes/origin/fix/legacy-no-metrics-resume-20261004
2026-10-04T13:11:05.2901394Z Updating files:  32% (370/1151)
2026-10-04T13:11:05.4174731Z Updating files:  33% (380/1151)
2026-10-04T13:11:05.4777120Z Updating files:  34% (392/1151)
2026-10-04T13:11:05.5391102Z Updating files:  35% (403/1151)
2026-10-04T13:11:05.8307938Z Updating files:  36% (415/1151)
2026-10-04T13:11:06.2366581Z Updating files:  37% (426/1151)
2026-10-04T13:11:06.9894360Z Updating files:  37% (431/1151)
2026-10-04T13:11:07.2229068Z Updating files:  38% (438/1151)
2026-10-04T13:11:08.2170022Z Updating files:  38% (440/1151)
2026-10-04T13:11:08.3634133Z Updating files:  38% (448/1151)
2026-10-04T13:11:09.2923141Z Updating files:  39% (449/1151)
2026-10-04T13:11:09.2956495Z Updating files:  39% (455/1151)
2026-10-04T13:11:09.3108036Z Updating files:  40% (461/1151)
2026-10-04T13:11:09.3591225Z Updating files:  41% (472/1151)
2026-10-04T13:11:09.3592569Z Updating files:  42% (484/1151)
2026-10-04T13:11:09.3602503Z Updating files:  43% (495/1151)
2026-10-04T13:11:09.3616053Z Updating files:  44% (507/1151)
2026-10-04T13:11:09.3628253Z Updating files:  45% (518/1151)
2026-10-04T13:11:09.3640394Z Updating files:  46% (530/1151)
2026-10-04T13:11:09.3646424Z Updating files:  47% (541/1151)
2026-10-04T13:11:09.3687386Z Updating files:  48% (553/1151)
2026-10-04T13:11:09.3695653Z Updating files:  49% (564/1151)
2026-10-04T13:11:09.3706977Z Updating files:  50% (576/1151)
2026-10-04T13:11:09.3714424Z Updating files:  51% (588/1151)
2026-10-04T13:11:09.3724082Z Updating files:  52% (599/1151)
2026-10-04T13:11:09.3730573Z Updating files:  53% (611/1151)
2026-10-04T13:11:09.3737327Z Updating files:  54% (622/1151)
2026-10-04T13:11:09.3745729Z Updating files:  55% (634/1151)
2026-10-04T13:11:09.3751256Z Updating files:  56% (645/1151)
2026-10-04T13:11:09.3757728Z Updating files:  57% (657/1151)
2026-10-04T13:11:09.3761985Z Updating files:  58% (668/1151)
2026-10-04T13:11:09.3767982Z Updating files:  59% (680/1151)
2026-10-04T13:11:09.3777325Z Updating files:  60% (691/1151)
2026-10-04T13:11:09.3785697Z Updating files:  61% (703/1151)
2026-10-04T13:11:09.3817000Z Updating files:  62% (714/1151)
2026-10-04T13:11:09.3831089Z Updating files:  63% (726/1151)
2026-10-04T13:11:09.3894777Z Updating files:  64% (737/1151)
2026-10-04T13:11:09.4124600Z Updating files:  65% (749/1151)
2026-10-04T13:11:09.4769328Z Updating files:  66% (760/1151)
2026-10-04T13:11:09.4886365Z Updating files:  67% (772/1151)
2026-10-04T13:11:09.5017551Z Updating files:  68% (783/1151)
2026-10-04T13:11:09.5069149Z Updating files:  69% (795/1151)
2026-10-04T13:11:09.5128284Z Updating files:  70% (806/1151)
2026-10-04T13:11:09.5158529Z Updating files:  71% (818/1151)
2026-10-04T13:11:09.5219820Z Updating files:  72% (829/1151)
2026-10-04T13:11:09.5271019Z Updating files:  73% (841/1151)
2026-10-04T13:11:09.5298943Z Updating files:  74% (852/1151)
2026-10-04T13:11:09.5322736Z Updating files:  75% (864/1151)
2026-10-04T13:11:09.5376343Z Updating files:  76% (875/1151)
2026-10-04T13:11:09.5388912Z Updating files:  77% (887/1151)
2026-10-04T13:11:09.5425922Z Updating files:  78% (898/1151)
2026-10-04T13:11:09.5478076Z Updating files:  79% (910/1151)
2026-10-04T13:11:09.5552335Z Updating files:  80% (921/1151)
2026-10-04T13:11:09.6305972Z Updating files:  81% (933/1151)
2026-10-04T13:11:09.6340166Z Updating files:  82% (944/1151)
2026-10-04T13:11:09.6365160Z Updating files:  83% (956/1151)
2026-10-04T13:11:09.6399223Z Updating files:  84% (967/1151)
2026-10-04T13:11:09.6406435Z Updating files:  85% (979/1151)
2026-10-04T13:11:09.6413322Z Updating files:  86% (990/1151)
2026-10-04T13:11:09.6422799Z Updating files:  87% (1002/1151)
2026-10-04T13:11:09.6431648Z Updating files:  88% (1013/1151)
2026-10-04T13:11:09.6437645Z Updating files:  89% (1025/1151)
2026-10-04T13:11:09.6445180Z Updating files:  90% (1036/1151)
2026-10-04T13:11:09.6464020Z Updating files:  91% (1048/1151)
2026-10-04T13:11:09.6474056Z Updating files:  92% (1059/1151)
2026-10-04T13:11:09.6482593Z Updating files:  93% (1071/1151)
2026-10-04T13:11:09.6491459Z Updating files:  94% (1082/1151)
2026-10-04T13:11:09.6498782Z Updating files:  95% (1094/1151)
2026-10-04T13:11:09.6509384Z Updating files:  96% (1105/1151)
2026-10-04T13:11:09.6516321Z Updating files:  97% (1117/1151)
2026-10-04T13:11:09.6520827Z Updating files:  98% (1128/1151)
2026-10-04T13:11:09.6525824Z Updating files:  99% (1140/1151)
2026-10-04T13:11:09.6527111Z Updating files: 100% (1151/1151)
2026-10-04T13:11:09.6527860Z Updating files: 100% (1151/1151), done.
2026-10-04T13:11:09.6559131Z Switched to a new branch 'fix/legacy-no-metrics-resume-20261004'
2026-10-04T13:11:09.6560779Z branch 'fix/legacy-no-metrics-resume-20261004' set up to track 'origin/fix/legacy-no-metrics-resume-20261004'.
2026-10-04T13:11:09.6669417Z ##[endgroup]
2026-10-04T13:11:09.6714570Z [command]/usr/bin/git log -1 --format=%H
2026-10-04T13:11:09.6737516Z 18857483e77a8fd1f9ab8d4587bb479fe37ab301
2026-10-04T13:11:09.6990300Z ##[group]Run actions/setup-python@v5
2026-10-04T13:11:09.6990709Z with:
2026-10-04T13:11:09.6991029Z   python-version: 3.12
2026-10-04T13:11:09.6991353Z   check-latest: false
2026-10-04T13:11:09.6993672Z   token: ***
2026-10-04T13:11:09.6993993Z   update-environment: true
2026-10-04T13:11:09.6994358Z   allow-prereleases: false
2026-10-04T13:11:09.6994694Z   freethreaded: false
2026-10-04T13:11:09.6995002Z ##[endgroup]
2026-10-04T13:11:09.8259136Z ##[group]Installed versions
2026-10-04T13:11:09.8358080Z (node:2370) [DEP0040] DeprecationWarning: The `punycode` module is deprecated. Please use a userland alternative instead.
2026-10-04T13:11:09.8359410Z (Use `node --trace-deprecation ...` to show where the warning was created)
2026-10-04T13:11:09.8360040Z Successfully set up CPython (3.12.14)
2026-10-04T13:11:09.8360983Z ##[endgroup]
2026-10-04T13:11:09.8480924Z ##[group]Run pip install pandas requests beautifulsoup4 lxml pytest pyyaml
2026-10-04T13:11:09.8481615Z [36;1mpip install pandas requests beautifulsoup4 lxml pytest pyyaml[0m
2026-10-04T13:11:09.8720710Z shell: /usr/bin/bash -e {0}
2026-10-04T13:11:09.8721585Z env:
2026-10-04T13:11:09.8722483Z   pythonLocation: /opt/hostedtoolcache/Python/3.12.14/x64
2026-10-04T13:11:09.8723818Z   PKG_CONFIG_PATH: /opt/hostedtoolcache/Python/3.12.14/x64/lib/pkgconfig
2026-10-04T13:11:09.8725059Z   Python_ROOT_DIR: /opt/hostedtoolcache/Python/3.12.14/x64
2026-10-04T13:11:09.8726075Z   Python2_ROOT_DIR: /opt/hostedtoolcache/Python/3.12.14/x64
2026-10-04T13:11:09.8727156Z   Python3_ROOT_DIR: /opt/hostedtoolcache/Python/3.12.14/x64
2026-10-04T13:11:09.8727798Z   LD_LIBRARY_PATH: /opt/hostedtoolcache/Python/3.12.14/x64/lib
2026-10-04T13:11:09.8728651Z ##[endgroup]
2026-10-04T13:11:10.9415797Z Collecting pandas
2026-10-04T13:11:11.0495318Z   Downloading pandas-3.0.6-cp312-cp312-manylinux_2_24_x86_64.manylinux_2_28_x86_64.whl.metadata (79 kB)
2026-10-04T13:11:11.1448642Z Collecting requests
2026-10-04T13:11:11.1637663Z   Downloading requests-2.34.2-py3-none-any.whl.metadata (4.8 kB)
2026-10-04T13:11:11.1954433Z Collecting beautifulsoup4
2026-10-04T13:11:11.2142428Z   Downloading beautifulsoup4-4.15.0-py3-none-any.whl.metadata (3.8 kB)
2026-10-04T13:11:11.4679592Z Collecting lxml
2026-10-04T13:11:11.4869717Z   Downloading lxml-6.1.3-cp312-cp312-manylinux_2_26_x86_64.manylinux_2_28_x86_64.whl.metadata (3.3 kB)
2026-10-04T13:11:11.5303889Z Collecting pytest
2026-10-04T13:11:11.5496794Z   Downloading pytest-9.1.1-py3-none-any.whl.metadata (7.6 kB)
2026-10-04T13:11:11.6016477Z Collecting pyyaml
2026-10-04T13:11:11.6210347Z   Downloading pyyaml-6.0.3-cp312-cp312-manylinux2014_x86_64.manylinux_2_17_x86_64.manylinux_2_28_x86_64.whl.metadata (2.4 kB)
2026-10-04T13:11:11.8008519Z Collecting numpy>=1.26.0 (from pandas)
2026-10-04T13:11:11.8208865Z   Downloading numpy-2.5.3-cp312-cp312-manylinux_2_27_x86_64.manylinux_2_28_x86_64.whl.metadata (6.6 kB)
2026-10-04T13:11:11.8492478Z Collecting python-dateutil>=2.8.2 (from pandas)
2026-10-04T13:11:11.8684961Z   Downloading python_dateutil-2.9.0.post0-py2.py3-none-any.whl.metadata (8.4 kB)
2026-10-04T13:11:11.9836719Z Collecting charset_normalizer<4,>=2 (from requests)
2026-10-04T13:11:12.0027932Z   Downloading charset_normalizer-3.5.2-cp312-cp312-manylinux2014_x86_64.manylinux_2_17_x86_64.manylinux_2_28_x86_64.whl.metadata (46 kB)
2026-10-04T13:11:12.0360244Z Collecting idna<4,>=2.5 (from requests)
2026-10-04T13:11:12.0551921Z   Downloading idna-3.20-py3-none-any.whl.metadata (7.2 kB)
2026-10-04T13:11:12.1040825Z Collecting urllib3<3,>=1.26 (from requests)
2026-10-04T13:11:12.1235180Z   Downloading urllib3-2.8.0-py3-none-any.whl.metadata (7.4 kB)
2026-10-04T13:11:12.1553628Z Collecting certifi>=2023.5.7 (from requests)
2026-10-04T13:11:12.1743712Z   Downloading certifi-2026.7.22-py3-none-any.whl.metadata (2.5 kB)
2026-10-04T13:11:12.2066629Z Collecting soupsieve>=1.6.1 (from beautifulsoup4)
2026-10-04T13:11:12.2425261Z   Downloading soupsieve-2.10-py3-none-any.whl.metadata (4.4 kB)
2026-10-04T13:11:12.2739186Z Collecting typing-extensions>=4.0.0 (from beautifulsoup4)
2026-10-04T13:11:12.2932210Z   Downloading typing_extensions-4.16.0-py3-none-any.whl.metadata (3.3 kB)
2026-10-04T13:11:12.3251824Z Collecting iniconfig>=1.0.1 (from pytest)
2026-10-04T13:11:12.3441332Z   Downloading iniconfig-2.3.0-py3-none-any.whl.metadata (2.5 kB)
2026-10-04T13:11:12.3736848Z Collecting packaging>=22 (from pytest)
2026-10-04T13:11:12.3924590Z   Downloading packaging-26.3-py3-none-any.whl.metadata (3.5 kB)
2026-10-04T13:11:12.4196152Z Collecting pluggy<2,>=1.5 (from pytest)
2026-10-04T13:11:12.4387469Z   Downloading pluggy-1.6.0-py3-none-any.whl.metadata (4.8 kB)
2026-10-04T13:11:12.4709780Z Collecting pygments>=2.7.2 (from pytest)
2026-10-04T13:11:12.4901647Z   Downloading pygments-2.21.0-py3-none-any.whl.metadata (2.5 kB)
2026-10-04T13:11:12.5229465Z Collecting six>=1.5 (from python-dateutil>=2.8.2->pandas)
2026-10-04T13:11:12.5418022Z   Downloading six-1.17.0-py2.py3-none-any.whl.metadata (1.7 kB)
2026-10-04T13:11:12.5656294Z Downloading pandas-3.0.6-cp312-cp312-manylinux_2_24_x86_64.manylinux_2_28_x86_64.whl (10.8 MB)
2026-10-04T13:11:12.8633024Z    ━━━━━━━━━━━━━━━━━━━━━━━━━━━━━━━━━━━━━━━━ 10.8/10.8 MB 40.9 MB/s  0:00:00
2026-10-04T13:11:12.8826162Z Downloading requests-2.34.2-py3-none-any.whl (73 kB)
2026-10-04T13:11:12.9046351Z Downloading charset_normalizer-3.5.2-cp312-cp312-manylinux2014_x86_64.manylinux_2_17_x86_64.manylinux_2_28_x86_64.whl (257 kB)
2026-10-04T13:11:12.9269252Z Downloading idna-3.20-py3-none-any.whl (69 kB)
2026-10-04T13:11:12.9483621Z Downloading urllib3-2.8.0-py3-none-any.whl (135 kB)
2026-10-04T13:11:12.9700049Z Downloading beautifulsoup4-4.15.0-py3-none-any.whl (109 kB)
2026-10-04T13:11:12.9926353Z Downloading lxml-6.1.3-cp312-cp312-manylinux_2_26_x86_64.manylinux_2_28_x86_64.whl (5.2 MB)
2026-10-04T13:11:13.0346825Z    ━━━━━━━━━━━━━━━━━━━━━━━━━━━━━━━━━━━━━━━━ 5.2/5.2 MB 125.8 MB/s  0:00:00
2026-10-04T13:11:13.0538900Z Downloading pytest-9.1.1-py3-none-any.whl (386 kB)
2026-10-04T13:11:13.0779162Z Downloading pluggy-1.6.0-py3-none-any.whl (20 kB)
2026-10-04T13:11:13.0996040Z Downloading pyyaml-6.0.3-cp312-cp312-manylinux2014_x86_64.manylinux_2_17_x86_64.manylinux_2_28_x86_64.whl (807 kB)
2026-10-04T13:11:13.1224913Z    ━━━━━━━━━━━━━━━━━━━━━━━━━━━━━━━━━━━━━━━━ 807.9/807.9 kB 27.6 MB/s  0:00:00
2026-10-04T13:11:13.1415773Z Downloading certifi-2026.7.22-py3-none-any.whl (136 kB)
2026-10-04T13:11:13.1635794Z Downloading iniconfig-2.3.0-py3-none-any.whl (7.5 kB)
2026-10-04T13:11:13.1853506Z Downloading numpy-2.5.3-cp312-cp312-manylinux_2_27_x86_64.manylinux_2_28_x86_64.whl (16.7 MB)
2026-10-04T13:11:13.3178407Z    ━━━━━━━━━━━━━━━━━━━━━━━━━━━━━━━━━━━━━━━━ 16.7/16.7 MB 126.6 MB/s  0:00:00
2026-10-04T13:11:13.3370858Z Downloading packaging-26.3-py3-none-any.whl (129 kB)
2026-10-04T13:11:13.3595103Z Downloading pygments-2.21.0-py3-none-any.whl (1.3 MB)
2026-10-04T13:11:13.3804302Z    ━━━━━━━━━━━━━━━━━━━━━━━━━━━━━━━━━━━━━━━━ 1.3/1.3 MB 53.0 MB/s  0:00:00
2026-10-04T13:11:13.4009643Z Downloading python_dateutil-2.9.0.post0-py2.py3-none-any.whl (229 kB)
2026-10-04T13:11:13.4233901Z Downloading six-1.17.0-py2.py3-none-any.whl (11 kB)
2026-10-04T13:11:13.4446243Z Downloading soupsieve-2.10-py3-none-any.whl (38 kB)
2026-10-04T13:11:13.4659882Z Downloading typing_extensions-4.16.0-py3-none-any.whl (45 kB)
2026-10-04T13:11:13.6342571Z Installing collected packages: urllib3, typing-extensions, soupsieve, six, pyyaml, pygments, pluggy, packaging, numpy, lxml, iniconfig, idna, charset_normalizer, certifi, requests, python-dateutil, pytest, beautifulsoup4, pandas
2026-10-04T13:11:20.9122685Z 
2026-10-04T13:11:20.9142936Z Successfully installed beautifulsoup4-4.15.0 certifi-2026.7.22 charset_normalizer-3.5.2 idna-3.20 iniconfig-2.3.0 lxml-6.1.3 numpy-2.5.3 packaging-26.3 pandas-3.0.6 pluggy-1.6.0 pygments-2.21.0 pytest-9.1.1 python-dateutil-2.9.0.post0 pyyaml-6.0.3 requests-2.34.2 six-1.17.0 soupsieve-2.10 typing-extensions-4.16.0 urllib3-2.8.0
2026-10-04T13:11:21.0026360Z ##[group]Run for test_file in tests/test_legacy_dart_parser.py tests/test_legacy_backfill_resume.py tests/test_legacy_backfill_automation.py tests/test_legacy_source_evidence.py tests/test_legacy_document_quality.py; do
2026-10-04T13:11:21.0027779Z [36;1mfor test_file in tests/test_legacy_dart_parser.py tests/test_legacy_backfill_resume.py tests/test_legacy_backfill_automation.py tests/test_legacy_source_evidence.py tests/test_legacy_document_quality.py; do[0m
2026-10-04T13:11:21.0029226Z [36;1m  timeout -k 5s 60s python -u -m pytest "$test_file" -vv -s -o faulthandler_timeout=15 || exit $?[0m
2026-10-04T13:11:21.0029758Z [36;1mdone[0m
2026-10-04T13:11:21.0030194Z [36;1mtimeout -k 5s 30s python -u scripts/test_legacy_no_metrics_recovery.py[0m
2026-10-04T13:11:21.0030727Z [36;1mtimeout -k 5s 30s python -u scripts/test_legacy_document_quality.py[0m
2026-10-04T13:11:21.0031294Z [36;1mtimeout -k 5s 30s python -u scripts/test_legacy_viewer_sections.py[0m
2026-10-04T13:11:21.0031892Z [36;1mtimeout -k 5s 30s python -u scripts/test_legacy_viewer_source.py[0m
2026-10-04T13:11:21.0032669Z [36;1mtimeout -k 5s 60s python -u scripts/recheck_legacy_primary_audit.py --output-dir "$RUNNER_TEMP/legacy-primary-72-recheck"[0m
2026-10-04T13:11:21.0033428Z [36;1mtimeout -k 5s 60s python -u docs/audits/viewer-staging46-20261004/test_audit_guards.py[0m
2026-10-04T13:11:21.0034275Z [36;1mtimeout -k 5s 60s python -u docs/audits/viewer-staging46-20261004/verify_remaining_cells.py --output-dir "$RUNNER_TEMP/legacy-staging-46-audit"[0m
2026-10-04T13:11:21.0035032Z [36;1mtimeout -k 5s 30s python -u scripts/test_legacy_schedule_gate.py[0m
2026-10-04T13:11:21.0081072Z shell: /usr/bin/bash -e {0}
2026-10-04T13:11:21.0081472Z env:
2026-10-04T13:11:21.0081951Z   pythonLocation: /opt/hostedtoolcache/Python/3.12.14/x64
2026-10-04T13:11:21.0082465Z   PKG_CONFIG_PATH: /opt/hostedtoolcache/Python/3.12.14/x64/lib/pkgconfig
2026-10-04T13:11:21.0083000Z   Python_ROOT_DIR: /opt/hostedtoolcache/Python/3.12.14/x64
2026-10-04T13:11:21.0083489Z   Python2_ROOT_DIR: /opt/hostedtoolcache/Python/3.12.14/x64
2026-10-04T13:11:21.0083937Z   Python3_ROOT_DIR: /opt/hostedtoolcache/Python/3.12.14/x64
2026-10-04T13:11:21.0084394Z   LD_LIBRARY_PATH: /opt/hostedtoolcache/Python/3.12.14/x64/lib
2026-10-04T13:11:21.0084789Z ##[endgroup]
2026-10-04T13:11:21.3793810Z ============================= test session starts ==============================
2026-10-04T13:11:21.3796403Z platform linux -- Python 3.12.14, pytest-9.1.1, pluggy-1.6.0 -- /opt/hostedtoolcache/Python/3.12.14/x64/bin/python
2026-10-04T13:11:21.3797389Z cachedir: .pytest_cache
2026-10-04T13:11:21.3798712Z rootdir: /home/runner/work/quant-marcap-runner/quant-marcap-runner
2026-10-04T13:11:21.8387079Z collecting ... collected 19 items
2026-10-04T13:11:21.8391565Z 
2026-10-04T13:11:21.8403151Z tests/test_legacy_dart_parser.py::test_legacy_negative_symbols PASSED
2026-10-04T13:11:21.8426483Z tests/test_legacy_dart_parser.py::test_loss_label_normalizes_positive_magnitude PASSED
2026-10-04T13:11:21.8432043Z tests/test_legacy_dart_parser.py::test_parser_version_requires_reprocessing PASSED
2026-10-04T13:11:21.8439783Z tests/test_legacy_dart_parser.py::test_ambiguous_or_missing_numeric_cells_are_not_invented_amounts[751,637 22,35416,940] PASSED
2026-10-04T13:11:21.8446277Z tests/test_legacy_dart_parser.py::test_ambiguous_or_missing_numeric_cells_are_not_invented_amounts[670,000200,0001,500,000] PASSED
2026-10-04T13:11:21.8452895Z tests/test_legacy_dart_parser.py::test_ambiguous_or_missing_numeric_cells_are_not_invented_amounts[83 15,787 13,418 100] PASSED
2026-10-04T13:11:21.8459026Z tests/test_legacy_dart_parser.py::test_ambiguous_or_missing_numeric_cells_are_not_invented_amounts[12,34] PASSED
2026-10-04T13:11:21.8465286Z tests/test_legacy_dart_parser.py::test_ambiguous_or_missing_numeric_cells_are_not_invented_amounts[1.5%] PASSED
2026-10-04T13:11:21.8471681Z tests/test_legacy_dart_parser.py::test_ambiguous_or_missing_numeric_cells_are_not_invented_amounts[1 (\uc8fc2)] PASSED
2026-10-04T13:11:21.8478080Z tests/test_legacy_dart_parser.py::test_ambiguous_or_missing_numeric_cells_are_not_invented_amounts[-] PASSED
2026-10-04T13:11:21.8484196Z tests/test_legacy_dart_parser.py::test_ambiguous_or_missing_numeric_cells_are_not_invented_amounts[\u2014] PASSED
2026-10-04T13:11:21.8490798Z tests/test_legacy_dart_parser.py::test_ambiguous_or_missing_numeric_cells_are_not_invented_amounts[\u2013] PASSED
2026-10-04T13:11:21.8526198Z tests/test_legacy_dart_parser.py::test_real_source_combined_annual_summary_is_not_current_quarter_income PASSED
2026-10-04T13:11:21.8532167Z tests/test_legacy_dart_parser.py::test_explicit_valid_amounts_and_zero_remain_supported PASSED
2026-10-04T13:11:21.8548495Z tests/test_legacy_dart_parser.py::test_unknown_statement_and_partial_alias_do_not_become_financial_metrics PASSED
2026-10-04T13:11:21.8560113Z tests/test_legacy_dart_parser.py::test_nonfinite_scaled_value_cannot_be_usable_money PASSED
2026-10-04T13:11:21.8567511Z tests/test_legacy_dart_parser.py::test_parentheses_and_negative_sign_do_not_double_flip[(-1,170,019,230)--1170019230] PASSED
2026-10-04T13:11:21.8574640Z tests/test_legacy_dart_parser.py::test_parentheses_and_negative_sign_do_not_double_flip[(-482,479,885)--482479885] PASSED
2026-10-04T13:11:21.8586812Z tests/test_legacy_dart_parser.py::test_parentheses_and_negative_sign_do_not_double_flip[(\u25b362,175,514)--62175514] PASSED
2026-10-04T13:11:21.8587801Z 
2026-10-04T13:11:21.8588634Z ============================== 19 passed in 0.48s ==============================
2026-10-04T13:11:22.1108852Z ============================= test session starts ==============================
2026-10-04T13:11:22.1109844Z platform linux -- Python 3.12.14, pytest-9.1.1, pluggy-1.6.0 -- /opt/hostedtoolcache/Python/3.12.14/x64/bin/python
2026-10-04T13:11:22.1110621Z cachedir: .pytest_cache
2026-10-04T13:11:22.1111254Z rootdir: /home/runner/work/quant-marcap-runner/quant-marcap-runner
2026-10-04T13:11:22.5038628Z collecting ... collected 22 items
2026-10-04T13:11:22.5042398Z 
2026-10-04T13:11:22.5269913Z tests/test_legacy_backfill_resume.py::test_checkpoint_survives_interruption_and_resume_skips_durable_receipt legacy checkpoint: 1 receipts persisted
2026-10-04T13:11:22.5550827Z legacy checkpoint: 1 receipts persisted
2026-10-04T13:11:22.5628687Z legacy checkpoint: 2 receipts persisted
2026-10-04T13:11:22.5717457Z PASSED
2026-10-04T13:11:22.5771105Z tests/test_legacy_backfill_resume.py::test_data_publication_failure_never_marks_receipt_complete PASSED
2026-10-04T13:11:22.5880968Z tests/test_legacy_backfill_resume.py::test_state_cannot_skip_missing_or_mismatched_normalized_data[missing_file] PASSED
2026-10-04T13:11:22.6032319Z tests/test_legacy_backfill_resume.py::test_state_cannot_skip_missing_or_mismatched_normalized_data[wrong_hash] PASSED
2026-10-04T13:11:22.6181423Z tests/test_legacy_backfill_resume.py::test_state_cannot_skip_missing_or_mismatched_normalized_data[wrong_row_count] PASSED
2026-10-04T13:11:22.6506090Z tests/test_legacy_backfill_resume.py::test_parser_version_resume_keeps_old_observations_and_does_not_reparse_current legacy checkpoint: 1 receipts persisted
2026-10-04T13:11:22.6522910Z PASSED
2026-10-04T13:11:22.6531711Z tests/test_legacy_backfill_resume.py::test_rate_limit_stops_replenishment_and_flushes_completed_work PASSED
2026-10-04T13:11:22.6549885Z tests/test_legacy_backfill_resume.py::test_request_budget_counts_every_attempt_and_deferred_is_not_source_gap PASSED
2026-10-04T13:11:22.6558268Z tests/test_legacy_backfill_resume.py::test_deadline_and_signal_stop_have_no_new_requests_and_flush_work PASSED
2026-10-04T13:11:22.6647357Z tests/test_legacy_backfill_resume.py::test_error_retry_quarantine_does_not_starve_other_receipts legacy checkpoint: 1 receipts persisted
2026-10-04T13:11:22.6773402Z legacy checkpoint: 1 receipts persisted
2026-10-04T13:11:22.6886625Z legacy checkpoint: 1 receipts persisted
2026-10-04T13:11:22.7201425Z PASSED
2026-10-04T13:11:22.7488429Z tests/test_legacy_backfill_resume.py::test_retry_count_survives_state_migration_and_mixed_empty_attempts legacy checkpoint: 1 receipts persisted
2026-10-04T13:11:22.7629663Z legacy checkpoint: 1 receipts persisted
2026-10-04T13:11:22.7745875Z legacy checkpoint: 1 receipts persisted
2026-10-04T13:11:22.7829787Z PASSED
2026-10-04T13:11:22.7870624Z tests/test_legacy_backfill_resume.py::test_index_data_is_published_before_ok_state PASSED
2026-10-04T13:11:22.8407599Z tests/test_legacy_backfill_resume.py::test_collection_complete_requires_independent_audit_and_noop_preserves_bytes PASSED
2026-10-04T13:11:22.8413643Z tests/test_legacy_backfill_resume.py::test_error_diagnostics_never_persist_api_key PASSED
2026-10-04T13:11:22.8430557Z tests/test_legacy_backfill_resume.py::test_missing_key_does_not_overwrite_progress PASSED
2026-10-04T13:11:22.8476181Z tests/test_legacy_backfill_resume.py::test_index_rate_limit_blocks_following_document_requests PASSED
2026-10-04T13:11:22.8494102Z tests/test_legacy_backfill_resume.py::test_authentication_failure_stops_without_classifying_source_as_missing PASSED
2026-10-04T13:11:23.9153473Z tests/test_legacy_backfill_resume.py::test_real_saved_index_noop_preserves_mapped_queue_and_leading_zero_codes PASSED
2026-10-04T13:11:23.9280587Z tests/test_legacy_backfill_resume.py::test_append_preserves_all_old_numeric_tokens_and_missing_strings_verbatim PASSED
2026-10-04T13:11:23.9457490Z tests/test_legacy_backfill_resume.py::test_numeric_parser_change_preserves_transport_only_no_document_state legacy checkpoint: 1 receipts persisted
2026-10-04T13:11:23.9737419Z PASSED
2026-10-04T13:11:23.9834301Z tests/test_legacy_backfill_resume.py::test_source_adapter_change_invalidates_previous_no_document_result PASSED
2026-10-04T13:11:24.0024899Z tests/test_legacy_backfill_resume.py::test_initial_coverage_without_state_does_not_invent_completed_receipts PASSED
2026-10-04T13:11:24.0025569Z 
2026-10-04T13:11:24.0025985Z ============================== 22 passed in 1.89s ==============================
2026-10-04T13:11:24.2528674Z ============================= test session starts ==============================
2026-10-04T13:11:24.2530093Z platform linux -- Python 3.12.14, pytest-9.1.1, pluggy-1.6.0 -- /opt/hostedtoolcache/Python/3.12.14/x64/bin/python
2026-10-04T13:11:24.2530833Z cachedir: .pytest_cache
2026-10-04T13:11:24.2531504Z rootdir: /home/runner/work/quant-marcap-runner/quant-marcap-runner
2026-10-04T13:11:24.6280511Z collecting ... collected 9 items
2026-10-04T13:11:24.6284638Z 
2026-10-04T13:11:24.6320006Z tests/test_legacy_backfill_automation.py::test_daily_wrapper_uses_whole_index_and_generic_checkpoint PASSED
2026-10-04T13:11:24.6372081Z tests/test_legacy_backfill_automation.py::test_legacy_runs_first_and_rate_limit_blocks_modern_calls                      mode  modern_run_tasks  modern_skipped  legacy_rate_limited                   updated_at_utc
2026-10-04T13:11:24.6373229Z SUPER_VALUE_FAST_BACKFILL                 0            True                 True 2026-10-04T13:11:24.632479+00:00
2026-10-04T13:11:24.6386841Z PASSED
2026-10-04T13:11:24.6393757Z tests/test_legacy_backfill_automation.py::test_zero_legacy_limit_makes_no_api_or_index_calls PASSED
2026-10-04T13:11:24.6575032Z tests/test_legacy_backfill_automation.py::test_scheduled_and_manual_writers_share_lock_without_cancellation PASSED
2026-10-04T13:11:24.6653219Z tests/test_legacy_backfill_automation.py::test_extra_batches_gate_all_api_and_publish_steps_and_skip_modern PASSED
2026-10-04T13:11:24.6735561Z tests/test_legacy_backfill_automation.py::test_workflow_saves_checkpoint_after_failure_and_has_time_to_publish[backfill-super-value-fast.yml] PASSED
2026-10-04T13:11:24.6794129Z tests/test_legacy_backfill_automation.py::test_workflow_saves_checkpoint_after_failure_and_has_time_to_publish[backfill-dart-legacy-2000-2014.yml] PASSED
2026-10-04T13:11:24.6908638Z tests/test_legacy_backfill_automation.py::test_source_capture_reuses_existing_audit_workflow_without_new_schedule PASSED
2026-10-04T13:11:24.6998537Z tests/test_legacy_backfill_automation.py::test_verified_operator_batch_is_explicit_and_uses_existing_bounded_job PASSED
2026-10-04T13:11:24.6999952Z 
2026-10-04T13:11:24.7000290Z ============================== 9 passed in 0.45s ===============================
2026-10-04T13:11:24.9473454Z ============================= test session starts ==============================
2026-10-04T13:11:24.9474305Z platform linux -- Python 3.12.14, pytest-9.1.1, pluggy-1.6.0 -- /opt/hostedtoolcache/Python/3.12.14/x64/bin/python
2026-10-04T13:11:24.9475007Z cachedir: .pytest_cache
2026-10-04T13:11:24.9475437Z rootdir: /home/runner/work/quant-marcap-runner/quant-marcap-runner
2026-10-04T13:11:25.3097750Z collecting ... collected 7 items
2026-10-04T13:11:25.3102033Z 
2026-10-04T13:11:25.3395967Z tests/test_legacy_source_evidence.py::test_literal_source_spans_preserve_native_tags_heading_unit_and_column_order PASSED
2026-10-04T13:11:25.3406214Z tests/test_legacy_source_evidence.py::test_excerpt_budget_marks_clipping_without_changing_source PASSED
2026-10-04T13:11:25.3413026Z tests/test_legacy_source_evidence.py::test_non_html_document_still_preserves_inspectable_literal_evidence PASSED
2026-10-04T13:11:25.3438228Z tests/test_legacy_source_evidence.py::test_probe_api_014_and_viewer_403_do_not_certify_source_absence PASSED
2026-10-04T13:11:25.3447840Z tests/test_legacy_source_evidence.py::test_rate_limit_stops_public_probe_too PASSED
2026-10-04T13:11:25.3523935Z tests/test_legacy_source_evidence.py::test_same_parser_reparse_success_cannot_certify_financial_correctness PASSED
2026-10-04T13:11:25.3553460Z tests/test_legacy_source_evidence.py::test_corrupt_normalized_data_is_an_explicit_audit_failure PASSED
2026-10-04T13:11:25.3554279Z 
2026-10-04T13:11:25.3554524Z ============================== 7 passed in 0.41s ===============================
2026-10-04T13:11:25.6015852Z ============================= test session starts ==============================
2026-10-04T13:11:25.6017731Z platform linux -- Python 3.12.14, pytest-9.1.1, pluggy-1.6.0 -- /opt/hostedtoolcache/Python/3.12.14/x64/bin/python
2026-10-04T13:11:25.6019144Z cachedir: .pytest_cache
2026-10-04T13:11:25.6019778Z rootdir: /home/runner/work/quant-marcap-runner/quant-marcap-runner
2026-10-04T13:11:25.9661992Z collecting ... collected 15 items
2026-10-04T13:11:25.9666068Z 
2026-10-04T13:11:25.9694552Z tests/test_legacy_document_quality.py::test_broken_source_cannot_be_recorded_as_no_metrics PASSED
2026-10-04T13:11:25.9706164Z tests/test_legacy_document_quality.py::test_valid_absent_metric_keeps_distinct_status PASSED
2026-10-04T13:11:25.9811569Z tests/test_legacy_document_quality.py::test_truncated_source_cannot_publish_tolerantly_parsed_amounts PASSED
2026-10-04T13:11:26.8565727Z tests/test_legacy_document_quality.py::test_five_actual_no_metrics_sources_are_source_gaps_and_archives_match_checkpoints PASSED
2026-10-04T13:11:26.8645215Z tests/test_legacy_document_quality.py::test_valid_existing_normal_amount_and_parser_version_are_preserved PASSED
2026-10-04T13:11:26.8660585Z tests/test_legacy_document_quality.py::test_source_gap_is_quarantined_without_infinite_retries PASSED
2026-10-04T13:11:26.8846096Z tests/test_legacy_document_quality.py::test_real_native_archives_reproduce_source_gaps PASSED
2026-10-04T13:11:26.9117595Z tests/test_legacy_document_quality.py::test_quarantine_overlay_preserves_original_state_and_old_values PASSED
2026-10-04T13:11:27.0053363Z tests/test_legacy_document_quality.py::test_source_gap_prevents_collection_and_quality_completion PASSED
2026-10-04T13:11:27.0065720Z tests/test_legacy_document_quality.py::test_original_download_is_preserved_before_parsing PASSED
2026-10-04T13:11:27.0076886Z tests/test_legacy_document_quality.py::test_evidence_budget_stops_before_new_publication PASSED
2026-10-04T13:11:27.0139616Z tests/test_legacy_document_quality.py::test_empty_compatible_state_is_not_mutated_by_unmatched_ledger PASSED
2026-10-04T13:11:27.0187719Z tests/test_legacy_document_quality.py::test_probe_rate_limit_stops_following_downloads PASSED
2026-10-04T13:11:27.0608906Z tests/test_legacy_document_quality.py::test_source_sample_selection_is_frozen_diverse_and_excludes_original_seven PASSED
2026-10-04T13:11:27.4134025Z tests/test_legacy_document_quality.py::test_evidence_snapshot_subset_preserves_exact_originals_and_checkpoint PASSED
2026-10-04T13:11:27.4135064Z 
2026-10-04T13:11:27.4135474Z =============================== warnings summary ===============================
2026-10-04T13:11:27.4136631Z tests/test_legacy_document_quality.py::test_five_actual_no_metrics_sources_are_source_gaps_and_archives_match_checkpoints
2026-10-04T13:11:27.4138438Z   /home/runner/work/quant-marcap-runner/quant-marcap-runner/scripts/backfill_dart_legacy_2000_2014.py:559: XMLParsedAsHTMLWarning: It looks like you're using an HTML parser to parse an XML document.
2026-10-04T13:11:27.4139691Z   
2026-10-04T13:11:27.4141127Z   Assuming this really is an XML document, what you're doing might work, but you should know that using an XML parser will be more reliable. To parse this document as XML, make sure you have the Python package 'lxml' installed, and pass the keyword argument `features="xml"` into the BeautifulSoup constructor.
2026-10-04T13:11:27.4142680Z   
2026-10-04T13:11:27.4143706Z   If you want or need to use an HTML parser on this document, you can make this warning go away by filtering it. To do that, run this code before calling the BeautifulSoup constructor:
2026-10-04T13:11:27.4144867Z   
2026-10-04T13:11:27.4145350Z       from bs4 import XMLParsedAsHTMLWarning
2026-10-04T13:11:27.4145935Z       import warnings
2026-10-04T13:11:27.4146390Z   
2026-10-04T13:11:27.4146970Z       warnings.filterwarnings("ignore", category=XMLParsedAsHTMLWarning)
2026-10-04T13:11:27.4147668Z   
2026-10-04T13:11:27.4148453Z     soup = BeautifulSoup(text, "lxml")
2026-10-04T13:11:27.4148799Z 
2026-10-04T13:11:27.4149233Z -- Docs: https://docs.pytest.org/en/stable/how-to/capture-warnings.html
2026-10-04T13:11:27.4150032Z ======================== 15 passed, 1 warning in 1.81s =========================
2026-10-04T13:11:28.1046089Z test_changed_native_archive_cannot_recover_or_publish (__main__.RecoveryTests.test_changed_native_archive_cannot_recover_or_publish) ... ok
2026-10-04T13:11:28.1048491Z test_missing_viewer_date_is_not_inferred_from_receipt (__main__.RecoveryTests.test_missing_viewer_date_is_not_inferred_from_receipt) ... ok
2026-10-04T13:11:29.6045319Z test_real_five_receipt_checkpoint_resume_skips_duplicates (__main__.RecoveryTests.test_real_five_receipt_checkpoint_resume_skips_duplicates) ... ok
2026-10-04T13:11:29.6046961Z test_visible_date_does_not_certify_original_or_correction_chain (__main__.RecoveryTests.test_visible_date_does_not_certify_original_or_correction_chain) ... ok
2026-10-04T13:11:29.6047616Z 
2026-10-04T13:11:29.6047795Z ----------------------------------------------------------------------
2026-10-04T13:11:29.6048456Z Ran 4 tests in 1.973s
2026-10-04T13:11:29.6048661Z 
2026-10-04T13:11:29.6048832Z OK
2026-10-04T13:11:29.6773401Z test_actual_absent_consolidated_scope_is_not_recovered_from_ofs (__main__.QualityTests.test_actual_absent_consolidated_scope_is_not_recovered_from_ofs) ... ok
2026-10-04T13:11:29.6774853Z test_clean_absent_item_remains_no_metrics (__main__.QualityTests.test_clean_absent_item_remains_no_metrics) ... ok
2026-10-04T13:11:29.6776089Z test_invalid_declared_encoding_is_explicit_gap (__main__.QualityTests.test_invalid_declared_encoding_is_explicit_gap) ... ok
2026-10-04T13:11:29.6777532Z test_replacement_characters_are_unrecoverable_source_damage (__main__.QualityTests.test_replacement_characters_are_unrecoverable_source_damage) ... ok
2026-10-04T13:11:29.6778973Z test_truncated_source_is_not_item_absence (__main__.QualityTests.test_truncated_source_is_not_item_absence) ... ok
2026-10-04T13:11:29.6780252Z test_valid_financial_source_is_not_quarantined (__main__.QualityTests.test_valid_financial_source_is_not_quarantined) ... ok
2026-10-04T13:11:29.6780945Z 
2026-10-04T13:11:29.6781173Z ----------------------------------------------------------------------
2026-10-04T13:11:29.6781597Z Ran 6 tests in 0.012s
2026-10-04T13:11:29.6781805Z 
2026-10-04T13:11:29.6781952Z OK
2026-10-04T13:11:31.0020432Z test_body_limit_and_request_deadline_bound_reads (__main__.ViewerEvidenceTests.test_body_limit_and_request_deadline_bound_reads) ... ok
2026-10-04T13:11:31.0032588Z test_mismatched_receipt_url_and_duplicate_route_are_rejected (__main__.ViewerEvidenceTests.test_mismatched_receipt_url_and_duplicate_route_are_rejected) ... ok
2026-10-04T13:11:31.0045479Z test_publication_failure_cannot_leave_complete_report (__main__.ViewerEvidenceTests.test_publication_failure_cannot_leave_complete_report) ... ok
2026-10-04T13:11:31.1491599Z viewer section 20010103000052/3618: HTTP_RESPONSE_CAPTURED HTTP=200 audit=NOT_RUN
2026-10-04T13:11:31.1501529Z test_raw_bytes_precede_report_and_second_run_is_noop (__main__.ViewerEvidenceTests.test_raw_bytes_precede_report_and_second_run_is_noop) ... ok
2026-10-04T13:11:31.1508039Z test_real_artifact_supplies_twelve_routes_without_reinventing_offsets (__main__.ViewerEvidenceTests.test_real_artifact_supplies_twelve_routes_without_reinventing_offsets) ... ok
2026-10-04T13:11:31.2551896Z viewer section 20010103000052/3618: HTTP_RESPONSE_CAPTURED HTTP=403 audit=NOT_RUN
2026-10-04T13:11:31.2560323Z test_redirect_is_not_followed_and_http_error_is_source_evidence_only (__main__.ViewerEvidenceTests.test_redirect_is_not_followed_and_http_error_is_source_evidence_only) ... ok
2026-10-04T13:11:31.4182005Z viewer section 20010103000052/3618: HTTP_RESPONSE_CAPTURED HTTP=200 audit=NOT_RUN
2026-10-04T13:11:31.4981804Z viewer section 20010103000052/10627: DEFERRED HTTP=None audit=NOT_RUN
2026-10-04T13:11:31.4990365Z test_request_budget_never_submits_additional_calls (__main__.ViewerEvidenceTests.test_request_budget_never_submits_additional_calls) ... ok
2026-10-04T13:11:31.5121191Z viewer section 20010103000052/3618: TRANSPORT_ERROR HTTP=None audit=NOT_RUN
2026-10-04T13:11:31.5126587Z test_transport_failure_stops_and_is_not_automatically_retried (__main__.ViewerEvidenceTests.test_transport_failure_stops_and_is_not_automatically_retried) ... ok
2026-10-04T13:11:31.5127517Z 
2026-10-04T13:11:31.5127858Z ----------------------------------------------------------------------
2026-10-04T13:11:31.5129022Z Ran 8 tests in 0.512s
2026-10-04T13:11:31.5129395Z 
2026-10-04T13:11:31.5129596Z OK
2026-10-04T13:11:31.5999276Z test_ambiguous_parentheses_do_not_guess_sign (__main__.ViewerGuardTests.test_ambiguous_parentheses_do_not_guess_sign) ... ok
2026-10-04T13:11:31.6010260Z test_annual_flow_is_not_quarter_even_if_end_matches (__main__.ViewerGuardTests.test_annual_flow_is_not_quarter_even_if_end_matches) ... ok
2026-10-04T13:11:31.6021532Z test_br_empty_lines_are_preserved_without_concatenation (__main__.ViewerGuardTests.test_br_empty_lines_are_preserved_without_concatenation) ... ok
2026-10-04T13:11:31.6026553Z test_br_missing_line_is_not_shifted_or_padded (__main__.ViewerGuardTests.test_br_missing_line_is_not_shifted_or_padded) ... ok
2026-10-04T13:11:31.6035924Z test_colspan_group_requires_one_unambiguous_amount (__main__.ViewerGuardTests.test_colspan_group_requires_one_unambiguous_amount) ... ok
2026-10-04T13:11:31.6043475Z test_conflicting_units_and_future_table_unit_do_not_fill (__main__.ViewerGuardTests.test_conflicting_units_and_future_table_unit_do_not_fill) ... ok
2026-10-04T13:11:31.6047120Z test_contrary_statement_scope_cannot_inherit_ofs (__main__.ViewerGuardTests.test_contrary_statement_scope_cannot_inherit_ofs) ... ok
2026-10-04T13:11:31.6052528Z test_current_column_is_selected_after_previous_column (__main__.ViewerGuardTests.test_current_column_is_selected_after_previous_column) ... ok
2026-10-04T13:11:31.6062109Z test_current_term_or_date_mismatch_is_a_gap (__main__.ViewerGuardTests.test_current_term_or_date_mismatch_is_a_gap) ... ok
2026-10-04T13:11:31.6068563Z test_current_unit_date_are_not_inherited_by_following_table (__main__.ViewerGuardTests.test_current_unit_date_are_not_inherited_by_following_table) ... ok
2026-10-04T13:11:31.6091135Z test_daewoo_loss_note_group_requires_exact_one_current_token (__main__.ViewerGuardTests.test_daewoo_loss_note_group_requires_exact_one_current_token) ... ok
2026-10-04T13:11:31.6097879Z test_duplicate_current_alias_is_not_resolved_by_priority (__main__.ViewerGuardTests.test_duplicate_current_alias_is_not_resolved_by_priority) ... ok
2026-10-04T13:11:31.6105837Z test_explicit_per_share_tail_retains_prefix_empty_lines (__main__.ViewerGuardTests.test_explicit_per_share_tail_retains_prefix_empty_lines) ... ok
2026-10-04T13:11:31.6121753Z test_explicit_unit_multiplier (__main__.ViewerGuardTests.test_explicit_unit_multiplier) ... ok
2026-10-04T13:11:31.6127085Z test_explicit_zero_remains_a_source_observation (__main__.ViewerGuardTests.test_explicit_zero_remains_a_source_observation) ... ok
2026-10-04T13:11:31.6129024Z test_first_of_month_and_missing_scope_are_invalid_requests (__main__.ViewerGuardTests.test_first_of_month_and_missing_scope_are_invalid_requests) ... ok
2026-10-04T13:11:31.6136599Z test_generic_quarter_requires_source_date_range_proof (__main__.ViewerGuardTests.test_generic_quarter_requires_source_date_range_proof) ... ok
2026-10-04T13:11:31.6152983Z test_missing_blank_or_unsupported_unit_is_a_gap (__main__.ViewerGuardTests.test_missing_blank_or_unsupported_unit_is_a_gap) ... ok
2026-10-04T13:11:31.6173236Z test_missing_current_cell_never_falls_back_to_previous_value (__main__.ViewerGuardTests.test_missing_current_cell_never_falls_back_to_previous_value) ... ok
2026-10-04T13:11:31.6197085Z test_multiple_numeric_tokens_are_rejected (__main__.ViewerGuardTests.test_multiple_numeric_tokens_are_rejected) ... ok
2026-10-04T13:11:31.6349133Z test_native_archives_and_viewer_bodies_recover_exact_14_primary_sources (__main__.ViewerGuardTests.test_native_archives_and_viewer_bodies_recover_exact_14_primary_sources) ... ok
2026-10-04T13:11:31.6378428Z test_nested_tables_and_budget_overflow_are_gaps (__main__.ViewerGuardTests.test_nested_tables_and_budget_overflow_are_gaps) ... ok
2026-10-04T13:11:31.6380059Z test_non_200_or_unknown_encoding_is_a_gap (__main__.ViewerGuardTests.test_non_200_or_unknown_encoding_is_a_gap) ... ok
2026-10-04T13:11:31.6381644Z test_non_dart_or_mismatched_receipt_is_rejected (__main__.ViewerGuardTests.test_non_dart_or_mismatched_receipt_is_rejected) ... ok
2026-10-04T13:11:31.6387716Z test_note_column_cannot_be_a_numeric_amount (__main__.ViewerGuardTests.test_note_column_cannot_be_a_numeric_amount) ... ok
2026-10-04T13:11:31.6392937Z test_per_share_alignment_is_not_a_balance_sheet_rule (__main__.ViewerGuardTests.test_per_share_alignment_is_not_a_balance_sheet_rule) ... ok
2026-10-04T13:11:31.6398711Z test_per_share_boundary_must_follow_net_income (__main__.ViewerGuardTests.test_per_share_boundary_must_follow_net_income) ... ok
2026-10-04T13:11:31.6408685Z test_per_share_notes_do_not_bypass_period_scope_or_unit_guard (__main__.ViewerGuardTests.test_per_share_notes_do_not_bypass_period_scope_or_unit_guard) ... ok
2026-10-04T13:11:31.6414726Z test_per_share_tail_also_rejects_shifted_prior_column (__main__.ViewerGuardTests.test_per_share_tail_also_rejects_shifted_prior_column) ... ok
2026-10-04T13:11:31.6425360Z test_per_share_tail_amount_column_notes_are_not_financial_amounts (__main__.ViewerGuardTests.test_per_share_tail_amount_column_notes_are_not_financial_amounts) ... ok
2026-10-04T13:11:31.6441281Z test_per_share_tail_cannot_supply_missing_current_profit (__main__.ViewerGuardTests.test_per_share_tail_cannot_supply_missing_current_profit) ... ok
2026-10-04T13:11:31.6450817Z test_per_share_tail_does_not_repair_an_interior_missing_br (__main__.ViewerGuardTests.test_per_share_tail_does_not_repair_an_interior_missing_br) ... ok
2026-10-04T13:11:31.6456449Z test_per_share_tail_does_not_shift_amount_on_blank_account_line (__main__.ViewerGuardTests.test_per_share_tail_does_not_shift_amount_on_blank_account_line) ... ok
2026-10-04T13:11:31.6472487Z test_per_share_tail_rejects_unknown_or_additional_account_text (__main__.ViewerGuardTests.test_per_share_tail_rejects_unknown_or_additional_account_text) ... ok
2026-10-04T13:11:32.0550997Z test_primary_all_49_cells_and_12_bodies (__main__.ViewerGuardTests.test_primary_all_49_cells_and_12_bodies) ... ok
2026-10-04T13:11:32.0558664Z test_primary_body_sha_detects_corruption (__main__.ViewerGuardTests.test_primary_body_sha_detects_corruption) ... ok
2026-10-04T13:11:32.4612701Z test_primary_cfs_prior_annual_is_not_current_ofs (__main__.ViewerGuardTests.test_primary_cfs_prior_annual_is_not_current_ofs) ... ok
2026-10-04T13:11:32.8710771Z test_primary_five_previously_withheld_values_and_original_indices (__main__.ViewerGuardTests.test_primary_five_previously_withheld_values_and_original_indices) ... ok
2026-10-04T13:11:32.8717384Z test_primary_native_sha_chain_matches_preexisting_probe (__main__.ViewerGuardTests.test_primary_native_sha_chain_matches_preexisting_probe) ... ok
2026-10-04T13:11:33.2760140Z test_primary_previous_annual_ocf_never_becomes_current_quarter (__main__.ViewerGuardTests.test_primary_previous_annual_ocf_never_becomes_current_quarter) ... ok
2026-10-04T13:11:33.6846702Z test_primary_unknown_vitz_unit_cannot_inherit_later_cf_unit (__main__.ViewerGuardTests.test_primary_unknown_vitz_unit_cannot_inherit_later_cf_unit) ... ok
2026-10-04T13:11:33.6854380Z test_ragged_rows_without_explicit_per_share_tail_still_fail (__main__.ViewerGuardTests.test_ragged_rows_without_explicit_per_share_tail_still_fail) ... ok
2026-10-04T13:11:33.6858894Z test_replay_preserves_existing_outputs (__main__.ViewerGuardTests.test_replay_preserves_existing_outputs) ... ok
2026-10-04T13:11:33.6860596Z test_scope_requires_matching_route_and_body_heading (__main__.ViewerGuardTests.test_scope_requires_matching_route_and_body_heading) ... ok
2026-10-04T13:11:33.6865556Z test_source_negative_prefix_triangles_and_loss_labels (__main__.ViewerGuardTests.test_source_negative_prefix_triangles_and_loss_labels) ... ok
2026-10-04T13:11:33.6869369Z test_unknown_statement_is_not_inferred_from_account (__main__.ViewerGuardTests.test_unknown_statement_is_not_inferred_from_account) ... ok
2026-10-04T13:11:33.6881206Z test_viewer_loss_alias_is_exact_and_does_not_change_native (__main__.ViewerGuardTests.test_viewer_loss_alias_is_exact_and_does_not_change_native) ... ok
2026-10-04T13:11:33.6888739Z test_wrapped_explicit_per_share_notes_are_supported (__main__.ViewerGuardTests.test_wrapped_explicit_per_share_notes_are_supported) ... ok
2026-10-04T13:11:33.6889320Z 
2026-10-04T13:11:33.6889526Z ----------------------------------------------------------------------
2026-10-04T13:11:33.6889974Z Ran 48 tests in 2.090s
2026-10-04T13:11:33.6890205Z 
2026-10-04T13:11:33.6890357Z OK
2026-10-04T13:11:35.8723976Z {"samples": 72, "companies": 8, "receipts": 8, "source_period_end_years": ["1999", "2000"], "scope_counts": {"OFS": 46, "CFS": 26}, "results": {"stored_missing": 49, "period_mismatch": 18, "amount_mismatch": 3, "semantic_mismatch": 2}, "numeric_equal": 19, "numeric_unequal": 3, "stored_present": 23, "stored_missing": 49, "unit_unverified": 5, "correction_chain_verified": 0, "verified_pit_items": 0, "expected_sha256": "e95e0c4199905d7d59a27ed9a12b72ec4b698961f33a1c29c495819a49992240", "source_verification": "full archived primary body SHA and original literal cell offsets", "interpretation": "failure-oriented sample; not full-data certification; preserved v4 observations are not current provider inputs"}
2026-10-04T13:11:37.7108988Z test_changed_literal_span_cannot_pass_hash (__main__.AuditGuards.test_changed_literal_span_cannot_pass_hash) ... ok
2026-10-04T13:11:39.4931331Z test_changed_manual_token_disagrees_with_primary (__main__.AuditGuards.test_changed_manual_token_disagrees_with_primary) ... ok
2026-10-04T13:11:39.4959894Z test_changed_selection_is_rejected (__main__.AuditGuards.test_changed_selection_is_rejected) ... ok
2026-10-04T13:11:41.3281928Z test_changed_staging_amount_is_compared_to_primary (__main__.AuditGuards.test_changed_staging_amount_is_compared_to_primary) ... ok
2026-10-04T13:11:43.1373264Z test_complete_primary_population_and_measurement_limits (__main__.AuditGuards.test_complete_primary_population_and_measurement_limits) ... ok
2026-10-04T13:11:44.9065912Z test_consolidated_heading_cannot_supply_separate_values (__main__.AuditGuards.test_consolidated_heading_cannot_supply_separate_values) ... ok
2026-10-04T13:11:44.9527353Z test_existing_output_is_preserved (__main__.AuditGuards.test_existing_output_is_preserved) ... ok
2026-10-04T13:11:46.7211857Z test_quarter_span_cannot_be_relabelled_as_annual (__main__.AuditGuards.test_quarter_span_cannot_be_relabelled_as_annual) ... ok
2026-10-04T13:11:48.4973463Z test_unknown_unit_is_never_filled (__main__.AuditGuards.test_unknown_unit_is_never_filled) ... ok
2026-10-04T13:11:50.2840214Z test_wrong_period_end_is_rejected_by_original_header (__main__.AuditGuards.test_wrong_period_end_is_rejected_by_original_header) ... ok
2026-10-04T13:11:52.0437860Z test_wrong_previous_numeric_column_is_rejected (__main__.AuditGuards.test_wrong_previous_numeric_column_is_rejected) ... ok
2026-10-04T13:11:52.0440358Z 
2026-10-04T13:11:52.0440577Z ----------------------------------------------------------------------
2026-10-04T13:11:52.0441297Z Ran 11 tests in 16.103s
2026-10-04T13:11:52.0441487Z 
2026-10-04T13:11:52.0441656Z OK
2026-10-04T13:11:53.9017470Z {"selected_items": 46, "companies": 5, "numeric_matches": 46, "source_contract_matches": 46, "results": {"MATCH": 40, "MATCH_SOURCE_COMPONENT": 6}, "production_results": {"stored_missing": 46}, "previously_matched_staging_rows": 32, "total_numeric_matched_staging_rows": 78, "total_staging_rows": 78, "remaining_selected_staging_unreviewed": 0, "verified_pit_items": 0, "full_data_quality_complete": false, "production_rows_changed": 0, "inputs_unchanged": true, "sample_plan_sha256": "a34001b3d3b9930a06581c2a96ddc5cca403a86ec93be4c5e7cb47a7f4cdfc38"}
2026-10-04T13:11:53.9538826Z test_kst_expiry_skips_even_without_status (__main__.ScheduleGateTests.test_kst_expiry_skips_even_without_status) ... ok
2026-10-04T13:11:53.9543634Z test_last_second_of_october_allows_pending_batch (__main__.ScheduleGateTests.test_last_second_of_october_allows_pending_batch) ... ok
2026-10-04T13:11:53.9565987Z test_missing_or_corrupt_status_fails_before_collection (__main__.ScheduleGateTests.test_missing_or_corrupt_status_fails_before_collection) ... ok
2026-10-04T13:11:53.9568860Z test_queue_completion_skips_extra_batch (__main__.ScheduleGateTests.test_queue_completion_skips_extra_batch) ... ok
2026-10-04T13:11:53.9570947Z test_regular_daily_push_and_manual_do_not_depend_on_coverage (__main__.ScheduleGateTests.test_regular_daily_push_and_manual_do_not_depend_on_coverage) ... ok
2026-10-04T13:11:53.9572701Z test_unknown_schedule_and_naive_time_fail_closed (__main__.ScheduleGateTests.test_unknown_schedule_and_naive_time_fail_closed) ... ok
2026-10-04T13:11:53.9573488Z 
2026-10-04T13:11:53.9573676Z ----------------------------------------------------------------------
2026-10-04T13:11:53.9574106Z Ran 6 tests in 0.004s
2026-10-04T13:11:53.9574314Z 
2026-10-04T13:11:53.9574531Z OK
2026-10-04T13:11:53.9740532Z ##[group]Run actions/upload-artifact@v4
2026-10-04T13:11:53.9740940Z with:
2026-10-04T13:11:53.9741271Z   name: legacy-primary-72-recheck
2026-10-04T13:11:53.9741706Z   path: /home/runner/work/_temp/legacy-primary-72-recheck
2026-10-04T13:11:53.9742104Z   if-no-files-found: error
2026-10-04T13:11:53.9742437Z   retention-days: 90
2026-10-04T13:11:53.9742766Z   compression-level: 6
2026-10-04T13:11:53.9743074Z   overwrite: false
2026-10-04T13:11:53.9743443Z   include-hidden-files: false
2026-10-04T13:11:53.9743740Z env:
2026-10-04T13:11:53.9744102Z   pythonLocation: /opt/hostedtoolcache/Python/3.12.14/x64
2026-10-04T13:11:53.9744617Z   PKG_CONFIG_PATH: /opt/hostedtoolcache/Python/3.12.14/x64/lib/pkgconfig
2026-10-04T13:11:53.9745161Z   Python_ROOT_DIR: /opt/hostedtoolcache/Python/3.12.14/x64
2026-10-04T13:11:53.9745610Z   Python2_ROOT_DIR: /opt/hostedtoolcache/Python/3.12.14/x64
2026-10-04T13:11:53.9746175Z   Python3_ROOT_DIR: /opt/hostedtoolcache/Python/3.12.14/x64
2026-10-04T13:11:53.9746804Z   LD_LIBRARY_PATH: /opt/hostedtoolcache/Python/3.12.14/x64/lib
2026-10-04T13:11:53.9747173Z ##[endgroup]
2026-10-04T13:11:54.1324007Z (node:2544) [DEP0040] DeprecationWarning: The `punycode` module is deprecated. Please use a userland alternative instead.
2026-10-04T13:11:54.1324800Z (Use `node --trace-deprecation ...` to show where the warning was created)
2026-10-04T13:11:54.1404195Z With the provided path, there will be 4 files uploaded
2026-10-04T13:11:54.1405485Z Artifact name is valid!
2026-10-04T13:11:54.1406247Z Root directory input is valid!
2026-10-04T13:11:54.4402213Z Beginning upload of artifact content to blob storage
2026-10-04T13:11:54.4641102Z (node:2544) [DEP0169] DeprecationWarning: `url.parse()` behavior is not standardized and prone to errors that have security implications. Use the WHATWG URL API instead. CVEs are not issued for `url.parse()` vulnerabilities.
2026-10-04T13:11:54.7182012Z Uploaded bytes 14301
2026-10-04T13:11:54.7761712Z Finished uploading artifact content to blob storage!
2026-10-04T13:11:54.7762605Z SHA256 digest of uploaded artifact zip is 1e64de9f138b08582580778f28bb10112ecaa4925f148b9d5ea75f200f6dbbb0
2026-10-04T13:11:54.7763301Z Finalizing artifact upload
2026-10-04T13:11:55.0280859Z Artifact legacy-primary-72-recheck.zip successfully finalized. Artifact ID 11303838196
2026-10-04T13:11:55.0282332Z Artifact legacy-primary-72-recheck has been successfully uploaded! Final size is 14301 bytes. Artifact ID is 11303838196
2026-10-04T13:11:55.0287518Z Artifact download URL: https://github.com/Horororong/quant-marcap-runner/actions/runs/37204637739/artifacts/11303838196
2026-10-04T13:11:55.0421341Z ##[group]Run actions/upload-artifact@v4
2026-10-04T13:11:55.0421756Z with:
2026-10-04T13:11:55.0422096Z   name: legacy-staging-46-audit
2026-10-04T13:11:55.0422495Z   path: /home/runner/work/_temp/legacy-staging-46-audit
2026-10-04T13:11:55.0422916Z   if-no-files-found: error
2026-10-04T13:11:55.0423304Z   retention-days: 90
2026-10-04T13:11:55.0423596Z   compression-level: 6
2026-10-04T13:11:55.0423930Z   overwrite: false
2026-10-04T13:11:55.0424229Z   include-hidden-files: false
2026-10-04T13:11:55.0424589Z env:
2026-10-04T13:11:55.0424949Z   pythonLocation: /opt/hostedtoolcache/Python/3.12.14/x64
2026-10-04T13:11:55.0425425Z   PKG_CONFIG_PATH: /opt/hostedtoolcache/Python/3.12.14/x64/lib/pkgconfig
2026-10-04T13:11:55.0426130Z   Python_ROOT_DIR: /opt/hostedtoolcache/Python/3.12.14/x64
2026-10-04T13:11:55.0426617Z   Python2_ROOT_DIR: /opt/hostedtoolcache/Python/3.12.14/x64
2026-10-04T13:11:55.0427078Z   Python3_ROOT_DIR: /opt/hostedtoolcache/Python/3.12.14/x64
2026-10-04T13:11:55.0427652Z   LD_LIBRARY_PATH: /opt/hostedtoolcache/Python/3.12.14/x64/lib
2026-10-04T13:11:55.0428056Z ##[endgroup]
2026-10-04T13:11:55.2045774Z (node:2556) [DEP0040] DeprecationWarning: The `punycode` module is deprecated. Please use a userland alternative instead.
2026-10-04T13:11:55.2047080Z (Use `node --trace-deprecation ...` to show where the warning was created)
2026-10-04T13:11:55.2148763Z With the provided path, there will be 4 files uploaded
2026-10-04T13:11:55.2150854Z Artifact name is valid!
2026-10-04T13:11:55.2151419Z Root directory input is valid!
2026-10-04T13:11:55.5239751Z Beginning upload of artifact content to blob storage
2026-10-04T13:11:55.5467650Z (node:2556) [DEP0169] DeprecationWarning: `url.parse()` behavior is not standardized and prone to errors that have security implications. Use the WHATWG URL API instead. CVEs are not issued for `url.parse()` vulnerabilities.
2026-10-04T13:11:55.7579180Z Uploaded bytes 11101
2026-10-04T13:11:55.8179877Z Finished uploading artifact content to blob storage!
2026-10-04T13:11:55.8181181Z SHA256 digest of uploaded artifact zip is a78e06cd15fade72576ed313276a41f9d704f515d62569f57e74460323e3bb1c
2026-10-04T13:11:55.8182288Z Finalizing artifact upload
2026-10-04T13:11:56.0620089Z Artifact legacy-staging-46-audit.zip successfully finalized. Artifact ID 11303912992
2026-10-04T13:11:56.0622205Z Artifact legacy-staging-46-audit has been successfully uploaded! Final size is 11101 bytes. Artifact ID is 11303912992
2026-10-04T13:11:56.0626498Z Artifact download URL: https://github.com/Horororong/quant-marcap-runner/actions/runs/37204637739/artifacts/11303912992
2026-10-04T13:11:56.0730181Z ##[group]Run python -m py_compile scripts/backfill_dart_legacy_2000_2014.py scripts/backfill_super_value_fast.py
2026-10-04T13:11:56.0731023Z [36;1mpython -m py_compile scripts/backfill_dart_legacy_2000_2014.py scripts/backfill_super_value_fast.py[0m
2026-10-04T13:11:56.0773030Z shell: /usr/bin/bash -e {0}
2026-10-04T13:11:56.0773415Z env:
2026-10-04T13:11:56.0773818Z   pythonLocation: /opt/hostedtoolcache/Python/3.12.14/x64
2026-10-04T13:11:56.0774414Z   PKG_CONFIG_PATH: /opt/hostedtoolcache/Python/3.12.14/x64/lib/pkgconfig
2026-10-04T13:11:56.0774920Z   Python_ROOT_DIR: /opt/hostedtoolcache/Python/3.12.14/x64
2026-10-04T13:11:56.0775429Z   Python2_ROOT_DIR: /opt/hostedtoolcache/Python/3.12.14/x64
2026-10-04T13:11:56.0775902Z   Python3_ROOT_DIR: /opt/hostedtoolcache/Python/3.12.14/x64
2026-10-04T13:11:56.0776410Z   LD_LIBRARY_PATH: /opt/hostedtoolcache/Python/3.12.14/x64/lib
2026-10-04T13:11:56.0776845Z ##[endgroup]
2026-10-04T13:11:56.1352805Z ##[group]Run python - <<'PY'
2026-10-04T13:11:56.1353294Z [36;1mpython - <<'PY'[0m
2026-10-04T13:11:56.1353662Z [36;1mimport sys[0m
2026-10-04T13:11:56.1354048Z [36;1msys.path.insert(0, "scripts")[0m
2026-10-04T13:11:56.1354464Z [36;1mimport backfill_dart_legacy_2000_2014 as m[0m
2026-10-04T13:11:56.1354838Z [36;1mrequired = {[0m
2026-10-04T13:11:56.1355289Z [36;1m    "equity","revenue","net_income","ocf",[0m
2026-10-04T13:11:56.1355797Z [36;1m    "total_assets","total_liabilities","current_assets","current_liabilities",[0m
2026-10-04T13:11:56.1356437Z [36;1m    "cash_and_equivalents","short_term_borrowings","long_term_borrowings",[0m
2026-10-04T13:11:56.1356976Z [36;1m    "operating_income","gross_profit","ppe","capex_ppe",[0m
2026-10-04T13:11:56.1357529Z [36;1m    "depreciation","amortization","dividends_paid",[0m
2026-10-04T13:11:56.1358003Z [36;1m    "cash_dividend_total","dividend_per_share",[0m
2026-10-04T13:11:56.1358601Z [36;1m}[0m
2026-10-04T13:11:56.1359106Z [36;1mmissing = required - set(m.ALIASES)[0m
2026-10-04T13:11:56.1359597Z [36;1massert not missing, f"missing canonical metrics: {sorted(missing)}"[0m
2026-10-04T13:11:56.1360175Z [36;1massert m.CORE_4F == {"equity","revenue","net_income","ocf"}[0m
2026-10-04T13:11:56.1360754Z [36;1mprint("legacy schema OK:", m.PARSER_VERSION, len(m.ALIASES), "canonical metrics")[0m
2026-10-04T13:11:56.1361316Z [36;1mPY[0m
2026-10-04T13:11:56.1404319Z shell: /usr/bin/bash -e {0}
2026-10-04T13:11:56.1404751Z env:
2026-10-04T13:11:56.1405243Z   pythonLocation: /opt/hostedtoolcache/Python/3.12.14/x64
2026-10-04T13:11:56.1405809Z   PKG_CONFIG_PATH: /opt/hostedtoolcache/Python/3.12.14/x64/lib/pkgconfig
2026-10-04T13:11:56.1406401Z   Python_ROOT_DIR: /opt/hostedtoolcache/Python/3.12.14/x64
2026-10-04T13:11:56.1406894Z   Python2_ROOT_DIR: /opt/hostedtoolcache/Python/3.12.14/x64
2026-10-04T13:11:56.1407399Z   Python3_ROOT_DIR: /opt/hostedtoolcache/Python/3.12.14/x64
2026-10-04T13:11:56.1407897Z   LD_LIBRARY_PATH: /opt/hostedtoolcache/Python/3.12.14/x64/lib
2026-10-04T13:11:56.1408533Z ##[endgroup]
2026-10-04T13:11:56.5208637Z legacy schema OK: legacy-v5-single-amount 25 canonical metrics
2026-10-04T13:11:56.5936411Z Post job cleanup.
2026-10-04T13:11:56.7091512Z (node:2576) [DEP0040] DeprecationWarning: The `punycode` module is deprecated. Please use a userland alternative instead.
2026-10-04T13:11:56.7092801Z (Use `node --trace-deprecation ...` to show where the warning was created)
2026-10-04T13:11:56.7222855Z Post job cleanup.
2026-10-04T13:11:56.8109593Z [command]/usr/bin/git version
2026-10-04T13:11:56.8149267Z git version 2.55.0
2026-10-04T13:11:56.8218755Z Temporarily overriding HOME='/home/runner/work/_temp/00a409e6-5f0e-4c60-a342-414e9f08348d' before making global git config changes
2026-10-04T13:11:56.8220712Z Adding repository directory to the temporary git global config as a safe directory
2026-10-04T13:11:56.8222032Z [command]/usr/bin/git config --global --add safe.directory /home/runner/work/quant-marcap-runner/quant-marcap-runner
2026-10-04T13:11:56.8279448Z [command]/usr/bin/git config --local --name-only --get-regexp core\.sshCommand
2026-10-04T13:11:56.8310210Z [command]/usr/bin/git submodule foreach --recursive sh -c "git config --local --name-only --get-regexp 'core\.sshCommand' && git config --local --unset-all 'core.sshCommand' || :"
2026-10-04T13:11:56.8566978Z [command]/usr/bin/git config --local --name-only --get-regexp http\.https\:\/\/github\.com\/\.extraheader
2026-10-04T13:11:56.8592293Z http.https://github.com/.extraheader
2026-10-04T13:11:56.8617726Z [command]/usr/bin/git config --local --unset-all http.https://github.com/.extraheader
2026-10-04T13:11:56.8656300Z [command]/usr/bin/git submodule foreach --recursive sh -c "git config --local --name-only --get-regexp 'http\.https\:\/\/github\.com\/\.extraheader' && git config --local --unset-all 'http.https://github.com/.extraheader' || :"
2026-10-04T13:11:56.8874278Z [command]/usr/bin/git config --local --name-only --get-regexp ^includeIf\.gitdir:
2026-10-04T13:11:56.8921095Z [command]/usr/bin/git submodule foreach --recursive git config --local --show-origin --name-only --get-regexp remote.origin.url
2026-10-04T13:11:56.9320713Z Cleaning up orphan processes
2026-10-04T13:11:56.9607337Z ##[warning]Node.js 20 is deprecated. The following actions target Node.js 20 but are being forced to run on Node.js 24: actions/checkout@v4, actions/setup-python@v5, actions/upload-artifact@v4. For more information see: https://github.blog/changelog/2025-09-19-deprecation-of-node-20-on-github-actions-runners/
