2026-10-04T15:50:12.9219199Z Current runner version: '2.337.0'
2026-10-04T15:50:12.9239430Z ##[group]Runner Image Provisioner
2026-10-04T15:50:12.9240295Z Hosted Compute Agent
2026-10-04T15:50:12.9240767Z Version: 20260901.588
2026-10-04T15:50:12.9241277Z Commit: f88ec8081b781fac6c440065ac7ff9e710ce3d0b
2026-10-04T15:50:12.9242129Z Build Date: 2026-09-01T19:56:44Z
2026-10-04T15:50:12.9242747Z Worker ID: {914b37b8-a907-41b3-83e2-2986a6f5fb61}
2026-10-04T15:50:12.9243342Z Azure Region: centralus
2026-10-04T15:50:12.9243800Z ##[endgroup]
2026-10-04T15:50:12.9244884Z ##[group]Operating System
2026-10-04T15:50:12.9245395Z Ubuntu
2026-10-04T15:50:12.9245832Z 24.04.5
2026-10-04T15:50:12.9246272Z LTS
2026-10-04T15:50:12.9246686Z ##[endgroup]
2026-10-04T15:50:12.9247131Z ##[group]Runner Image
2026-10-04T15:50:12.9247642Z Image: ubuntu-24.04
2026-10-04T15:50:12.9248100Z Version: 20260927.320.1
2026-10-04T15:50:12.9249173Z Included Software: https://github.com/actions/runner-images/blob/ubuntu24/20260927.320/images/ubuntu/Ubuntu2404-Readme.md
2026-10-04T15:50:12.9250366Z Image Release: https://github.com/actions/runner-images/releases/tag/ubuntu24%2F20260927.320
2026-10-04T15:50:12.9251181Z ##[endgroup]
2026-10-04T15:50:12.9252173Z ##[group]GITHUB_TOKEN Permissions
2026-10-04T15:50:12.9253875Z Contents: write
2026-10-04T15:50:12.9254323Z Metadata: read
2026-10-04T15:50:12.9254812Z ##[endgroup]
2026-10-04T15:50:12.9256493Z Secret source: Actions
2026-10-04T15:50:12.9257263Z Cache mode: write
2026-10-04T15:50:12.9257809Z Prepare workflow directory
2026-10-04T15:50:12.9781378Z Prepare all required actions
2026-10-04T15:50:12.9837515Z Getting action download info
2026-10-04T15:50:13.2499087Z Download action repository 'actions/checkout@v4' (SHA:11d5960a326750d5838078e36cf38b85af677262)
2026-10-04T15:50:13.6070978Z Download action repository 'actions/setup-python@v5' (SHA:a26af69be951a213d495a4c3e4e4022e16d87065)
2026-10-04T15:50:14.2325500Z Download action repository 'actions/upload-artifact@v4' (SHA:ea165f8d65b6e75b540449e92b4886f43607fa02)
2026-10-04T15:50:14.5392241Z Complete job name: fast
2026-10-04T15:50:14.6091185Z ##[group]Run actions/checkout@v4
2026-10-04T15:50:14.6092959Z with:
2026-10-04T15:50:14.6093720Z   ref: main
2026-10-04T15:50:14.6094639Z   repository: Horororong/quant-marcap-runner
2026-10-04T15:50:14.6100978Z   token: ***
2026-10-04T15:50:14.6101971Z   ssh-strict: true
2026-10-04T15:50:14.6103085Z   ssh-user: git
2026-10-04T15:50:14.6103890Z   persist-credentials: true
2026-10-04T15:50:14.6104794Z   clean: true
2026-10-04T15:50:14.6105627Z   sparse-checkout-cone-mode: true
2026-10-04T15:50:14.6106562Z   fetch-depth: 1
2026-10-04T15:50:14.6107372Z   fetch-tags: false
2026-10-04T15:50:14.6108187Z   show-progress: true
2026-10-04T15:50:14.6109161Z   lfs: false
2026-10-04T15:50:14.6109956Z   submodules: false
2026-10-04T15:50:14.6110770Z   set-safe-directory: true
2026-10-04T15:50:14.6111810Z   allow-unsafe-pr-checkout: false
2026-10-04T15:50:14.6113037Z env:
2026-10-04T15:50:14.6114038Z   DART_API_KEY: ***
2026-10-04T15:50:14.6114883Z   SUPER_VALUE_FAST_MODERN_TASKS: 0
2026-10-04T15:50:14.6115957Z   SUPER_VALUE_FAST_LEGACY_DOCS: 100
2026-10-04T15:50:14.6116943Z   SUPER_VALUE_FAST_LEGACY_INDEX_TASKS: 6
2026-10-04T15:50:14.6117967Z   SUPER_VALUE_FAST_MODERN_WORKERS: 3
2026-10-04T15:50:14.6118956Z   SUPER_VALUE_FAST_LEGACY_WORKERS: 3
2026-10-04T15:50:14.6119926Z   LEGACY_DART_MAX_REQUESTS: 150
2026-10-04T15:50:14.6120927Z   LEGACY_DART_MAX_SECONDS: 600
2026-10-04T15:50:14.6122071Z   LEGACY_DART_REQUEST_INTERVAL: 0.5
2026-10-04T15:50:14.6123088Z   LEGACY_DART_CHECKPOINT_SIZE: 25
2026-10-04T15:50:14.6124047Z ##[endgroup]
2026-10-04T15:50:14.6980686Z Syncing repository: Horororong/quant-marcap-runner
2026-10-04T15:50:14.6983680Z ##[group]Getting Git version info
2026-10-04T15:50:14.6985192Z Working directory is '/home/runner/work/quant-marcap-runner/quant-marcap-runner'
2026-10-04T15:50:14.6987311Z [command]/usr/bin/git version
2026-10-04T15:50:14.7052810Z git version 2.55.0
2026-10-04T15:50:14.7080465Z ##[endgroup]
2026-10-04T15:50:14.7092862Z Temporarily overriding HOME='/home/runner/work/_temp/0edaadcb-8ff6-4c44-905e-b4a49fc9ca35' before making global git config changes
2026-10-04T15:50:14.7095455Z Adding repository directory to the temporary git global config as a safe directory
2026-10-04T15:50:14.7097635Z [command]/usr/bin/git config --global --add safe.directory /home/runner/work/quant-marcap-runner/quant-marcap-runner
2026-10-04T15:50:14.7137735Z Deleting the contents of '/home/runner/work/quant-marcap-runner/quant-marcap-runner'
2026-10-04T15:50:14.7140620Z ##[group]Initializing the repository
2026-10-04T15:50:14.7145147Z [command]/usr/bin/git init /home/runner/work/quant-marcap-runner/quant-marcap-runner
2026-10-04T15:50:14.7241581Z hint: Using 'master' as the name for the initial branch. This default branch name
2026-10-04T15:50:14.7244149Z hint: will change to "main" in Git 3.0. To configure the initial branch name
2026-10-04T15:50:14.7246336Z hint: to use in all of your new repositories, which will suppress this warning,
2026-10-04T15:50:14.7248064Z hint: call:
2026-10-04T15:50:14.7249013Z hint:
2026-10-04T15:50:14.7250096Z hint: 	git config --global init.defaultBranch <name>
2026-10-04T15:50:14.7251187Z hint:
2026-10-04T15:50:14.7252815Z hint: Names commonly chosen instead of 'master' are 'main', 'trunk' and
2026-10-04T15:50:14.7254758Z hint: 'development'. The just-created branch can be renamed via this command:
2026-10-04T15:50:14.7256049Z hint:
2026-10-04T15:50:14.7256982Z hint: 	git branch -m <name>
2026-10-04T15:50:14.7257905Z hint:
2026-10-04T15:50:14.7259518Z hint: Disable this message with "git config set advice.defaultBranchName false"
2026-10-04T15:50:14.7262451Z Initialized empty Git repository in /home/runner/work/quant-marcap-runner/quant-marcap-runner/.git/
2026-10-04T15:50:14.7266905Z [command]/usr/bin/git remote add origin https://github.com/Horororong/quant-marcap-runner
2026-10-04T15:50:14.7303332Z ##[endgroup]
2026-10-04T15:50:14.7304935Z ##[group]Disabling automatic garbage collection
2026-10-04T15:50:14.7306612Z [command]/usr/bin/git config --local gc.auto 0
2026-10-04T15:50:14.7334052Z ##[endgroup]
2026-10-04T15:50:14.7335551Z ##[group]Setting up auth
2026-10-04T15:50:14.7339251Z [command]/usr/bin/git config --local --name-only --get-regexp core\.sshCommand
2026-10-04T15:50:14.7367201Z [command]/usr/bin/git submodule foreach --recursive sh -c "git config --local --name-only --get-regexp 'core\.sshCommand' && git config --local --unset-all 'core.sshCommand' || :"
2026-10-04T15:50:14.7673326Z [command]/usr/bin/git config --local --name-only --get-regexp http\.https\:\/\/github\.com\/\.extraheader
2026-10-04T15:50:14.7699139Z [command]/usr/bin/git submodule foreach --recursive sh -c "git config --local --name-only --get-regexp 'http\.https\:\/\/github\.com\/\.extraheader' && git config --local --unset-all 'http.https://github.com/.extraheader' || :"
2026-10-04T15:50:14.7878585Z [command]/usr/bin/git config --local --name-only --get-regexp ^includeIf\.gitdir:
2026-10-04T15:50:14.7909002Z [command]/usr/bin/git submodule foreach --recursive git config --local --show-origin --name-only --get-regexp remote.origin.url
2026-10-04T15:50:14.8068223Z [command]/usr/bin/git config --local http.https://github.com/.extraheader AUTHORIZATION: basic ***
2026-10-04T15:50:14.8100436Z ##[endgroup]
2026-10-04T15:50:14.8102208Z ##[group]Fetching the repository
2026-10-04T15:50:14.8110637Z [command]/usr/bin/git -c protocol.version=2 fetch --no-tags --prune --no-recurse-submodules --depth=1 origin +refs/heads/main*:refs/remotes/origin/main* +refs/tags/main*:refs/tags/main*
2026-10-04T15:51:16.7377584Z From https://github.com/Horororong/quant-marcap-runner
2026-10-04T15:51:16.7378230Z  * [new branch]      main       -> origin/main
2026-10-04T15:51:16.7382356Z ##[endgroup]
2026-10-04T15:51:16.7383026Z ##[group]Determining the checkout info
2026-10-04T15:51:16.7394368Z [command]/usr/bin/git branch --list --remote origin/main
2026-10-04T15:51:16.7420303Z   origin/main
2026-10-04T15:51:16.7423913Z ##[endgroup]
2026-10-04T15:51:16.7433435Z [command]/usr/bin/git sparse-checkout disable
2026-10-04T15:51:16.7521637Z [command]/usr/bin/git config --local --unset-all extensions.worktreeConfig
2026-10-04T15:51:16.7546563Z ##[group]Checking out the ref
2026-10-04T15:51:16.7550966Z [command]/usr/bin/git checkout --progress --force -B main refs/remotes/origin/main
2026-10-04T15:51:17.8318976Z Updating files:  32% (385/1181)
2026-10-04T15:51:17.9046528Z Updating files:  33% (390/1181)
2026-10-04T15:51:17.9578348Z Updating files:  34% (402/1181)
2026-10-04T15:51:18.1507112Z Updating files:  35% (414/1181)
2026-10-04T15:51:18.8129175Z Updating files:  36% (426/1181)
2026-10-04T15:51:18.9947707Z Updating files:  36% (435/1181)
2026-10-04T15:51:19.7888676Z Updating files:  37% (437/1181)
2026-10-04T15:51:20.2299564Z Updating files:  37% (445/1181)
2026-10-04T15:51:20.8895210Z Updating files:  38% (449/1181)
2026-10-04T15:51:21.1476738Z Updating files:  38% (454/1181)
2026-10-04T15:51:21.1605806Z Updating files:  39% (461/1181)
2026-10-04T15:51:21.2027343Z Updating files:  40% (473/1181)
2026-10-04T15:51:21.2030719Z Updating files:  41% (485/1181)
2026-10-04T15:51:21.2037067Z Updating files:  42% (497/1181)
2026-10-04T15:51:21.2047291Z Updating files:  43% (508/1181)
2026-10-04T15:51:21.2058370Z Updating files:  44% (520/1181)
2026-10-04T15:51:21.2068163Z Updating files:  45% (532/1181)
2026-10-04T15:51:21.2073878Z Updating files:  46% (544/1181)
2026-10-04T15:51:21.2109780Z Updating files:  47% (556/1181)
2026-10-04T15:51:21.2117031Z Updating files:  48% (567/1181)
2026-10-04T15:51:21.2124701Z Updating files:  49% (579/1181)
2026-10-04T15:51:21.2132774Z Updating files:  50% (591/1181)
2026-10-04T15:51:21.2138977Z Updating files:  51% (603/1181)
2026-10-04T15:51:21.2144565Z Updating files:  52% (615/1181)
2026-10-04T15:51:21.2150366Z Updating files:  53% (626/1181)
2026-10-04T15:51:21.2160550Z Updating files:  54% (638/1181)
2026-10-04T15:51:21.2166502Z Updating files:  55% (650/1181)
2026-10-04T15:51:21.2169924Z Updating files:  56% (662/1181)
2026-10-04T15:51:21.2175490Z Updating files:  57% (674/1181)
2026-10-04T15:51:21.2181043Z Updating files:  58% (685/1181)
2026-10-04T15:51:21.2184999Z Updating files:  59% (697/1181)
2026-10-04T15:51:21.2193584Z Updating files:  60% (709/1181)
2026-10-04T15:51:21.2198726Z Updating files:  61% (721/1181)
2026-10-04T15:51:21.2233195Z Updating files:  62% (733/1181)
2026-10-04T15:51:21.2242102Z Updating files:  63% (745/1181)
2026-10-04T15:51:21.2490320Z Updating files:  64% (756/1181)
2026-10-04T15:51:21.3014295Z Updating files:  65% (768/1181)
2026-10-04T15:51:21.3110021Z Updating files:  66% (780/1181)
2026-10-04T15:51:21.3218328Z Updating files:  67% (792/1181)
2026-10-04T15:51:21.3249616Z Updating files:  68% (804/1181)
2026-10-04T15:51:21.3297524Z Updating files:  69% (815/1181)
2026-10-04T15:51:21.3309937Z Updating files:  70% (827/1181)
2026-10-04T15:51:21.3370176Z Updating files:  71% (839/1181)
2026-10-04T15:51:21.3421376Z Updating files:  72% (851/1181)
2026-10-04T15:51:21.3442093Z Updating files:  73% (863/1181)
2026-10-04T15:51:21.3464784Z Updating files:  74% (874/1181)
2026-10-04T15:51:21.3507981Z Updating files:  75% (886/1181)
2026-10-04T15:51:21.3519579Z Updating files:  76% (898/1181)
2026-10-04T15:51:21.3550157Z Updating files:  77% (910/1181)
2026-10-04T15:51:21.3592133Z Updating files:  78% (922/1181)
2026-10-04T15:51:21.3655988Z Updating files:  79% (933/1181)
2026-10-04T15:51:21.4309216Z Updating files:  80% (945/1181)
2026-10-04T15:51:21.4325360Z Updating files:  81% (957/1181)
2026-10-04T15:51:21.4357700Z Updating files:  82% (969/1181)
2026-10-04T15:51:21.4372209Z Updating files:  83% (981/1181)
2026-10-04T15:51:21.4381113Z Updating files:  84% (993/1181)
2026-10-04T15:51:21.4388787Z Updating files:  85% (1004/1181)
2026-10-04T15:51:21.4400004Z Updating files:  86% (1016/1181)
2026-10-04T15:51:21.4405180Z Updating files:  87% (1028/1181)
2026-10-04T15:51:21.4411383Z Updating files:  88% (1040/1181)
2026-10-04T15:51:21.4432664Z Updating files:  89% (1052/1181)
2026-10-04T15:51:21.4435504Z Updating files:  90% (1063/1181)
2026-10-04T15:51:21.4442023Z Updating files:  91% (1075/1181)
2026-10-04T15:51:21.4450419Z Updating files:  92% (1087/1181)
2026-10-04T15:51:21.4455197Z Updating files:  93% (1099/1181)
2026-10-04T15:51:21.4462477Z Updating files:  94% (1111/1181)
2026-10-04T15:51:21.4474707Z Updating files:  95% (1122/1181)
2026-10-04T15:51:21.4494270Z Updating files:  96% (1134/1181)
2026-10-04T15:51:21.4509677Z Updating files:  97% (1146/1181)
2026-10-04T15:51:21.4513908Z Updating files:  98% (1158/1181)
2026-10-04T15:51:21.4518226Z Updating files:  99% (1170/1181)
2026-10-04T15:51:21.4518975Z Updating files: 100% (1181/1181)
2026-10-04T15:51:21.4519414Z Updating files: 100% (1181/1181), done.
2026-10-04T15:51:21.4625181Z Switched to a new branch 'main'
2026-10-04T15:51:21.4625971Z branch 'main' set up to track 'origin/main'.
2026-10-04T15:51:21.4724837Z ##[endgroup]
2026-10-04T15:51:21.4762088Z [command]/usr/bin/git log -1 --format=%H
2026-10-04T15:51:21.4788561Z 967dae0805cd62a3ffaa8d9d85ac4e5bfc02a561
2026-10-04T15:51:21.4984064Z ##[group]Run python scripts/legacy_schedule_gate.py
2026-10-04T15:51:21.4984549Z [36;1mpython scripts/legacy_schedule_gate.py[0m
2026-10-04T15:51:21.5156233Z shell: /usr/bin/bash -e {0}
2026-10-04T15:51:21.5156556Z env:
2026-10-04T15:51:21.5157068Z   DART_API_KEY: ***
2026-10-04T15:51:21.5157338Z   SUPER_VALUE_FAST_MODERN_TASKS: 0
2026-10-04T15:51:21.5157628Z   SUPER_VALUE_FAST_LEGACY_DOCS: 100
2026-10-04T15:51:21.5157938Z   SUPER_VALUE_FAST_LEGACY_INDEX_TASKS: 6
2026-10-04T15:51:21.5158283Z   SUPER_VALUE_FAST_MODERN_WORKERS: 3
2026-10-04T15:51:21.5158568Z   SUPER_VALUE_FAST_LEGACY_WORKERS: 3
2026-10-04T15:51:21.5158860Z   LEGACY_DART_MAX_REQUESTS: 150
2026-10-04T15:51:21.5159137Z   LEGACY_DART_MAX_SECONDS: 600
2026-10-04T15:51:21.5159419Z   LEGACY_DART_REQUEST_INTERVAL: 0.5
2026-10-04T15:51:21.5159749Z   LEGACY_DART_CHECKPOINT_SIZE: 25
2026-10-04T15:51:21.5160023Z   BATCH_SCHEDULE: 
2026-10-04T15:51:21.5160271Z ##[endgroup]
2026-10-04T15:51:21.5419147Z Legacy batch: REGULAR_BATCH; run=True
2026-10-04T15:51:21.5530822Z ##[group]Run actions/setup-python@v5
2026-10-04T15:51:21.5531146Z with:
2026-10-04T15:51:21.5531398Z   python-version: 3.12
2026-10-04T15:51:21.5531955Z   check-latest: false
2026-10-04T15:51:21.5533982Z   token: ***
2026-10-04T15:51:21.5534254Z   update-environment: true
2026-10-04T15:51:21.5534560Z   allow-prereleases: false
2026-10-04T15:51:21.5534865Z   freethreaded: false
2026-10-04T15:51:21.5535129Z env:
2026-10-04T15:51:21.5535412Z   DART_API_KEY: ***
2026-10-04T15:51:21.5535663Z   SUPER_VALUE_FAST_MODERN_TASKS: 0
2026-10-04T15:51:21.5535970Z   SUPER_VALUE_FAST_LEGACY_DOCS: 100
2026-10-04T15:51:21.5536288Z   SUPER_VALUE_FAST_LEGACY_INDEX_TASKS: 6
2026-10-04T15:51:21.5536627Z   SUPER_VALUE_FAST_MODERN_WORKERS: 3
2026-10-04T15:51:21.5536957Z   SUPER_VALUE_FAST_LEGACY_WORKERS: 3
2026-10-04T15:51:21.5537248Z   LEGACY_DART_MAX_REQUESTS: 150
2026-10-04T15:51:21.5537543Z   LEGACY_DART_MAX_SECONDS: 600
2026-10-04T15:51:21.5537838Z   LEGACY_DART_REQUEST_INTERVAL: 0.5
2026-10-04T15:51:21.5538223Z   LEGACY_DART_CHECKPOINT_SIZE: 25
2026-10-04T15:51:21.5538507Z ##[endgroup]
2026-10-04T15:51:21.6573809Z ##[group]Installed versions
2026-10-04T15:51:21.6653206Z (node:2101) [DEP0040] DeprecationWarning: The `punycode` module is deprecated. Please use a userland alternative instead.
2026-10-04T15:51:21.6654086Z (Use `node --trace-deprecation ...` to show where the warning was created)
2026-10-04T15:51:21.6654633Z Successfully set up CPython (3.12.14)
2026-10-04T15:51:21.6655413Z ##[endgroup]
2026-10-04T15:51:21.6794044Z ##[group]Run python -m pip install --upgrade pip
2026-10-04T15:51:21.6794571Z [36;1mpython -m pip install --upgrade pip[0m
2026-10-04T15:51:21.6795141Z [36;1mpip install pandas requests pyarrow beautifulsoup4 lxml[0m
2026-10-04T15:51:21.6854287Z shell: /usr/bin/bash -e {0}
2026-10-04T15:51:21.6854705Z env:
2026-10-04T15:51:21.6855184Z   DART_API_KEY: ***
2026-10-04T15:51:21.6855536Z   SUPER_VALUE_FAST_MODERN_TASKS: 0
2026-10-04T15:51:21.6855908Z   SUPER_VALUE_FAST_LEGACY_DOCS: 100
2026-10-04T15:51:21.6856541Z   SUPER_VALUE_FAST_LEGACY_INDEX_TASKS: 6
2026-10-04T15:51:21.6857058Z   SUPER_VALUE_FAST_MODERN_WORKERS: 3
2026-10-04T15:51:21.6857924Z   SUPER_VALUE_FAST_LEGACY_WORKERS: 3
2026-10-04T15:51:21.6858851Z   LEGACY_DART_MAX_REQUESTS: 150
2026-10-04T15:51:21.6859641Z   LEGACY_DART_MAX_SECONDS: 600
2026-10-04T15:51:21.6860264Z   LEGACY_DART_REQUEST_INTERVAL: 0.5
2026-10-04T15:51:21.6860852Z   LEGACY_DART_CHECKPOINT_SIZE: 25
2026-10-04T15:51:21.6862378Z   pythonLocation: /opt/hostedtoolcache/Python/3.12.14/x64
2026-10-04T15:51:21.6863252Z   PKG_CONFIG_PATH: /opt/hostedtoolcache/Python/3.12.14/x64/lib/pkgconfig
2026-10-04T15:51:21.6863951Z   Python_ROOT_DIR: /opt/hostedtoolcache/Python/3.12.14/x64
2026-10-04T15:51:21.6864412Z   Python2_ROOT_DIR: /opt/hostedtoolcache/Python/3.12.14/x64
2026-10-04T15:51:21.6865265Z   Python3_ROOT_DIR: /opt/hostedtoolcache/Python/3.12.14/x64
2026-10-04T15:51:21.6866408Z   LD_LIBRARY_PATH: /opt/hostedtoolcache/Python/3.12.14/x64/lib
2026-10-04T15:51:21.6867210Z ##[endgroup]
2026-10-04T15:51:22.2987120Z Requirement already satisfied: pip in /opt/hostedtoolcache/Python/3.12.14/x64/lib/python3.12/site-packages (26.2.1)
2026-10-04T15:51:22.8918114Z Collecting pandas
2026-10-04T15:51:22.9730759Z   Downloading pandas-3.0.6-cp312-cp312-manylinux_2_24_x86_64.manylinux_2_28_x86_64.whl.metadata (79 kB)
2026-10-04T15:51:23.0475584Z Collecting requests
2026-10-04T15:51:23.0602561Z   Downloading requests-2.34.2-py3-none-any.whl.metadata (4.8 kB)
2026-10-04T15:51:23.1327227Z Collecting pyarrow
2026-10-04T15:51:23.1453863Z   Downloading pyarrow-25.0.1-cp312-cp312-manylinux_2_28_x86_64.whl.metadata (3.0 kB)
2026-10-04T15:51:23.1642134Z Collecting beautifulsoup4
2026-10-04T15:51:23.1771399Z   Downloading beautifulsoup4-4.15.0-py3-none-any.whl.metadata (3.8 kB)
2026-10-04T15:51:23.3641080Z Collecting lxml
2026-10-04T15:51:23.3771176Z   Downloading lxml-6.1.3-cp312-cp312-manylinux_2_26_x86_64.manylinux_2_28_x86_64.whl.metadata (3.3 kB)
2026-10-04T15:51:23.5408752Z Collecting numpy>=1.26.0 (from pandas)
2026-10-04T15:51:23.5538694Z   Downloading numpy-2.5.3-cp312-cp312-manylinux_2_27_x86_64.manylinux_2_28_x86_64.whl.metadata (6.6 kB)
2026-10-04T15:51:23.5713984Z Collecting python-dateutil>=2.8.2 (from pandas)
2026-10-04T15:51:23.5842996Z   Downloading python_dateutil-2.9.0.post0-py2.py3-none-any.whl.metadata (8.4 kB)
2026-10-04T15:51:23.6764592Z Collecting charset_normalizer<4,>=2 (from requests)
2026-10-04T15:51:23.6891977Z   Downloading charset_normalizer-3.5.2-cp312-cp312-manylinux2014_x86_64.manylinux_2_17_x86_64.manylinux_2_28_x86_64.whl.metadata (46 kB)
2026-10-04T15:51:23.7131105Z Collecting idna<4,>=2.5 (from requests)
2026-10-04T15:51:23.7257535Z   Downloading idna-3.20-py3-none-any.whl.metadata (7.2 kB)
2026-10-04T15:51:23.7628979Z Collecting urllib3<3,>=1.26 (from requests)
2026-10-04T15:51:23.7756857Z   Downloading urllib3-2.8.0-py3-none-any.whl.metadata (7.4 kB)
2026-10-04T15:51:23.7942309Z Collecting certifi>=2023.5.7 (from requests)
2026-10-04T15:51:23.8068548Z   Downloading certifi-2026.7.22-py3-none-any.whl.metadata (2.5 kB)
2026-10-04T15:51:23.8415229Z Collecting soupsieve>=1.6.1 (from beautifulsoup4)
2026-10-04T15:51:23.8542881Z   Downloading soupsieve-2.10-py3-none-any.whl.metadata (4.4 kB)
2026-10-04T15:51:23.8732118Z Collecting typing-extensions>=4.0.0 (from beautifulsoup4)
2026-10-04T15:51:23.8859312Z   Downloading typing_extensions-4.16.0-py3-none-any.whl.metadata (3.3 kB)
2026-10-04T15:51:23.9047705Z Collecting six>=1.5 (from python-dateutil>=2.8.2->pandas)
2026-10-04T15:51:23.9175782Z   Downloading six-1.17.0-py2.py3-none-any.whl.metadata (1.7 kB)
2026-10-04T15:51:23.9336520Z Downloading pandas-3.0.6-cp312-cp312-manylinux_2_24_x86_64.manylinux_2_28_x86_64.whl (10.8 MB)
2026-10-04T15:51:24.4787230Z    ━━━━━━━━━━━━━━━━━━━━━━━━━━━━━━━━━━━━━━━━ 10.8/10.8 MB 20.8 MB/s  0:00:00
2026-10-04T15:51:24.4924818Z Downloading requests-2.34.2-py3-none-any.whl (73 kB)
2026-10-04T15:51:24.5080191Z Downloading charset_normalizer-3.5.2-cp312-cp312-manylinux2014_x86_64.manylinux_2_17_x86_64.manylinux_2_28_x86_64.whl (257 kB)
2026-10-04T15:51:24.5263034Z Downloading idna-3.20-py3-none-any.whl (69 kB)
2026-10-04T15:51:24.5414212Z Downloading urllib3-2.8.0-py3-none-any.whl (135 kB)
2026-10-04T15:51:24.5577084Z Downloading pyarrow-25.0.1-cp312-cp312-manylinux_2_28_x86_64.whl (50.1 MB)
2026-10-04T15:51:25.2209130Z    ━━━━━━━━━━━━━━━━━━━━━━━━━━━━━━━━━━━━━━━━ 50.1/50.1 MB 75.7 MB/s  0:00:00
2026-10-04T15:51:25.2342407Z Downloading beautifulsoup4-4.15.0-py3-none-any.whl (109 kB)
2026-10-04T15:51:25.2497868Z Downloading lxml-6.1.3-cp312-cp312-manylinux_2_26_x86_64.manylinux_2_28_x86_64.whl (5.2 MB)
2026-10-04T15:51:25.2877595Z    ━━━━━━━━━━━━━━━━━━━━━━━━━━━━━━━━━━━━━━━━ 5.2/5.2 MB 138.3 MB/s  0:00:00
2026-10-04T15:51:25.3008822Z Downloading certifi-2026.7.22-py3-none-any.whl (136 kB)
2026-10-04T15:51:25.3159579Z Downloading numpy-2.5.3-cp312-cp312-manylinux_2_27_x86_64.manylinux_2_28_x86_64.whl (16.7 MB)
2026-10-04T15:51:25.4495634Z    ━━━━━━━━━━━━━━━━━━━━━━━━━━━━━━━━━━━━━━━━ 16.7/16.7 MB 125.1 MB/s  0:00:00
2026-10-04T15:51:25.4625028Z Downloading python_dateutil-2.9.0.post0-py2.py3-none-any.whl (229 kB)
2026-10-04T15:51:25.4788752Z Downloading six-1.17.0-py2.py3-none-any.whl (11 kB)
2026-10-04T15:51:25.4941320Z Downloading soupsieve-2.10-py3-none-any.whl (38 kB)
2026-10-04T15:51:25.5092788Z Downloading typing_extensions-4.16.0-py3-none-any.whl (45 kB)
2026-10-04T15:51:25.6600006Z Installing collected packages: urllib3, typing-extensions, soupsieve, six, pyarrow, numpy, lxml, idna, charset_normalizer, certifi, requests, python-dateutil, beautifulsoup4, pandas
2026-10-04T15:51:32.1759880Z 
2026-10-04T15:51:32.1776370Z Successfully installed beautifulsoup4-4.15.0 certifi-2026.7.22 charset_normalizer-3.5.2 idna-3.20 lxml-6.1.3 numpy-2.5.3 pandas-3.0.6 pyarrow-25.0.1 python-dateutil-2.9.0.post0 requests-2.34.2 six-1.17.0 soupsieve-2.10 typing-extensions-4.16.0 urllib3-2.8.0
2026-10-04T15:51:32.2557771Z ##[group]Run python scripts/legacy_batch_evidence.py begin
2026-10-04T15:51:32.2558182Z [36;1mpython scripts/legacy_batch_evidence.py begin[0m
2026-10-04T15:51:32.2591240Z shell: /usr/bin/bash -e {0}
2026-10-04T15:51:32.2591549Z env:
2026-10-04T15:51:32.2592116Z   DART_API_KEY: ***
2026-10-04T15:51:32.2592363Z   SUPER_VALUE_FAST_MODERN_TASKS: 0
2026-10-04T15:51:32.2592721Z   SUPER_VALUE_FAST_LEGACY_DOCS: 100
2026-10-04T15:51:32.2593004Z   SUPER_VALUE_FAST_LEGACY_INDEX_TASKS: 6
2026-10-04T15:51:32.2593275Z   SUPER_VALUE_FAST_MODERN_WORKERS: 3
2026-10-04T15:51:32.2593544Z   SUPER_VALUE_FAST_LEGACY_WORKERS: 3
2026-10-04T15:51:32.2593801Z   LEGACY_DART_MAX_REQUESTS: 150
2026-10-04T15:51:32.2594111Z   LEGACY_DART_MAX_SECONDS: 600
2026-10-04T15:51:32.2594371Z   LEGACY_DART_REQUEST_INTERVAL: 0.5
2026-10-04T15:51:32.2594631Z   LEGACY_DART_CHECKPOINT_SIZE: 25
2026-10-04T15:51:32.2594945Z   pythonLocation: /opt/hostedtoolcache/Python/3.12.14/x64
2026-10-04T15:51:32.2595458Z   PKG_CONFIG_PATH: /opt/hostedtoolcache/Python/3.12.14/x64/lib/pkgconfig
2026-10-04T15:51:32.2595877Z   Python_ROOT_DIR: /opt/hostedtoolcache/Python/3.12.14/x64
2026-10-04T15:51:32.2596234Z   Python2_ROOT_DIR: /opt/hostedtoolcache/Python/3.12.14/x64
2026-10-04T15:51:32.2596604Z   Python3_ROOT_DIR: /opt/hostedtoolcache/Python/3.12.14/x64
2026-10-04T15:51:32.2596939Z   LD_LIBRARY_PATH: /opt/hostedtoolcache/Python/3.12.14/x64/lib
2026-10-04T15:51:32.2597323Z   LEGACY_DART_EVIDENCE_DIR: /home/runner/work/_temp/legacy-source-evidence
2026-10-04T15:51:32.2597692Z ##[endgroup]
2026-10-04T15:51:34.6831095Z ##[group]Run python scripts/backfill_super_value_fast.py
2026-10-04T15:51:34.6831521Z [36;1mpython scripts/backfill_super_value_fast.py[0m
2026-10-04T15:51:34.6868334Z shell: /usr/bin/bash -e {0}
2026-10-04T15:51:34.6868707Z env:
2026-10-04T15:51:34.6869442Z   DART_API_KEY: ***
2026-10-04T15:51:34.6869757Z   SUPER_VALUE_FAST_MODERN_TASKS: 0
2026-10-04T15:51:34.6870108Z   SUPER_VALUE_FAST_LEGACY_DOCS: 100
2026-10-04T15:51:34.6870409Z   SUPER_VALUE_FAST_LEGACY_INDEX_TASKS: 6
2026-10-04T15:51:34.6870742Z   SUPER_VALUE_FAST_MODERN_WORKERS: 3
2026-10-04T15:51:34.6871249Z   SUPER_VALUE_FAST_LEGACY_WORKERS: 3
2026-10-04T15:51:34.6871567Z   LEGACY_DART_MAX_REQUESTS: 150
2026-10-04T15:51:34.6872072Z   LEGACY_DART_MAX_SECONDS: 600
2026-10-04T15:51:34.6872366Z   LEGACY_DART_REQUEST_INTERVAL: 0.5
2026-10-04T15:51:34.6872693Z   LEGACY_DART_CHECKPOINT_SIZE: 25
2026-10-04T15:51:34.6873040Z   pythonLocation: /opt/hostedtoolcache/Python/3.12.14/x64
2026-10-04T15:51:34.6873569Z   PKG_CONFIG_PATH: /opt/hostedtoolcache/Python/3.12.14/x64/lib/pkgconfig
2026-10-04T15:51:34.6874021Z   Python_ROOT_DIR: /opt/hostedtoolcache/Python/3.12.14/x64
2026-10-04T15:51:34.6874413Z   Python2_ROOT_DIR: /opt/hostedtoolcache/Python/3.12.14/x64
2026-10-04T15:51:34.6874805Z   Python3_ROOT_DIR: /opt/hostedtoolcache/Python/3.12.14/x64
2026-10-04T15:51:34.6875240Z   LD_LIBRARY_PATH: /opt/hostedtoolcache/Python/3.12.14/x64/lib
2026-10-04T15:51:34.6875697Z   LEGACY_DART_RUN_REPORT: /home/runner/work/_temp/legacy-collection-run.json
2026-10-04T15:51:34.6876171Z   LEGACY_DART_SOURCE_DIR: /home/runner/work/_temp/legacy-source-evidence/native
2026-10-04T15:51:34.6876556Z ##[endgroup]
2026-10-04T15:52:42.5758236Z legacy checkpoint: 25 receipts persisted
2026-10-04T15:53:24.6034910Z legacy checkpoint: 50 receipts persisted
2026-10-04T15:54:06.2489920Z legacy checkpoint: 75 receipts persisted
2026-10-04T15:54:37.2399157Z legacy checkpoint: 100 receipts persisted
2026-10-04T15:55:25.7242912Z                      mode  modern_run_tasks  modern_skipped        legacy_scope  legacy_run_docs  legacy_pending_before_run  legacy_rate_limited legacy_stop_reason  legacy_requests  legacy_quarantined_errors                   updated_at_utc
2026-10-04T15:55:25.7245799Z SUPER_VALUE_FAST_BACKFILL                 0            True ALL_MAPPED_RECEIPTS              100                      99644                False     BATCH_COMPLETE              100                          0 2026-10-04T15:55:25.720856+00:00
2026-10-04T15:55:25.8016579Z ##[group]Run python scripts/legacy_batch_evidence.py probe
2026-10-04T15:55:25.8017024Z [36;1mpython scripts/legacy_batch_evidence.py probe[0m
2026-10-04T15:55:25.8053664Z shell: /usr/bin/bash -e {0}
2026-10-04T15:55:25.8053968Z env:
2026-10-04T15:55:25.8054438Z   DART_API_KEY: ***
2026-10-04T15:55:25.8054780Z   SUPER_VALUE_FAST_MODERN_TASKS: 0
2026-10-04T15:55:25.8055077Z   SUPER_VALUE_FAST_LEGACY_DOCS: 100
2026-10-04T15:55:25.8055454Z   SUPER_VALUE_FAST_LEGACY_INDEX_TASKS: 6
2026-10-04T15:55:25.8055797Z   SUPER_VALUE_FAST_MODERN_WORKERS: 3
2026-10-04T15:55:25.8056072Z   SUPER_VALUE_FAST_LEGACY_WORKERS: 3
2026-10-04T15:55:25.8056467Z   LEGACY_DART_MAX_REQUESTS: 150
2026-10-04T15:55:25.8056749Z   LEGACY_DART_MAX_SECONDS: 600
2026-10-04T15:55:25.8057029Z   LEGACY_DART_REQUEST_INTERVAL: 0.5
2026-10-04T15:55:25.8057359Z   LEGACY_DART_CHECKPOINT_SIZE: 25
2026-10-04T15:55:25.8057684Z   pythonLocation: /opt/hostedtoolcache/Python/3.12.14/x64
2026-10-04T15:55:25.8058290Z   PKG_CONFIG_PATH: /opt/hostedtoolcache/Python/3.12.14/x64/lib/pkgconfig
2026-10-04T15:55:25.8058687Z   Python_ROOT_DIR: /opt/hostedtoolcache/Python/3.12.14/x64
2026-10-04T15:55:25.8059103Z   Python2_ROOT_DIR: /opt/hostedtoolcache/Python/3.12.14/x64
2026-10-04T15:55:25.8059529Z   Python3_ROOT_DIR: /opt/hostedtoolcache/Python/3.12.14/x64
2026-10-04T15:55:25.8059911Z   LD_LIBRARY_PATH: /opt/hostedtoolcache/Python/3.12.14/x64/lib
2026-10-04T15:55:25.8060396Z   LEGACY_DART_EVIDENCE_DIR: /home/runner/work/_temp/legacy-source-evidence
2026-10-04T15:55:25.8060909Z   LEGACY_DART_SOURCE_DIR: /home/runner/work/_temp/legacy-source-evidence/native
2026-10-04T15:55:25.8061449Z   LEGACY_DART_RUN_REPORT: /home/runner/work/_temp/legacy-collection-run.json
2026-10-04T15:55:25.8061962Z ##[endgroup]
2026-10-04T15:57:14.9964625Z ##[group]Run python scripts/legacy_batch_evidence.py end
2026-10-04T15:57:14.9965058Z [36;1mpython scripts/legacy_batch_evidence.py end[0m
2026-10-04T15:57:15.0001047Z shell: /usr/bin/bash -e {0}
2026-10-04T15:57:15.0001454Z env:
2026-10-04T15:57:15.0002065Z   DART_API_KEY: ***
2026-10-04T15:57:15.0002360Z   SUPER_VALUE_FAST_MODERN_TASKS: 0
2026-10-04T15:57:15.0002865Z   SUPER_VALUE_FAST_LEGACY_DOCS: 100
2026-10-04T15:57:15.0003167Z   SUPER_VALUE_FAST_LEGACY_INDEX_TASKS: 6
2026-10-04T15:57:15.0003525Z   SUPER_VALUE_FAST_MODERN_WORKERS: 3
2026-10-04T15:57:15.0003819Z   SUPER_VALUE_FAST_LEGACY_WORKERS: 3
2026-10-04T15:57:15.0004093Z   LEGACY_DART_MAX_REQUESTS: 150
2026-10-04T15:57:15.0004423Z   LEGACY_DART_MAX_SECONDS: 600
2026-10-04T15:57:15.0004704Z   LEGACY_DART_REQUEST_INTERVAL: 0.5
2026-10-04T15:57:15.0004988Z   LEGACY_DART_CHECKPOINT_SIZE: 25
2026-10-04T15:57:15.0005364Z   pythonLocation: /opt/hostedtoolcache/Python/3.12.14/x64
2026-10-04T15:57:15.0005893Z   PKG_CONFIG_PATH: /opt/hostedtoolcache/Python/3.12.14/x64/lib/pkgconfig
2026-10-04T15:57:15.0006302Z   Python_ROOT_DIR: /opt/hostedtoolcache/Python/3.12.14/x64
2026-10-04T15:57:15.0006666Z   Python2_ROOT_DIR: /opt/hostedtoolcache/Python/3.12.14/x64
2026-10-04T15:57:15.0007078Z   Python3_ROOT_DIR: /opt/hostedtoolcache/Python/3.12.14/x64
2026-10-04T15:57:15.0007453Z   LD_LIBRARY_PATH: /opt/hostedtoolcache/Python/3.12.14/x64/lib
2026-10-04T15:57:15.0007933Z   LEGACY_DART_EVIDENCE_DIR: /home/runner/work/_temp/legacy-source-evidence
2026-10-04T15:57:15.0008298Z ##[endgroup]
2026-10-04T15:58:06.5062120Z ##[group]Run git config user.name "github-actions[bot]"
2026-10-04T15:58:06.5062672Z [36;1mgit config user.name "github-actions[bot]"[0m
2026-10-04T15:58:06.5063109Z [36;1mgit config user.email "41898282+github-actions[bot]@users.noreply.github.com"[0m
2026-10-04T15:58:06.5063609Z [36;1mgit add data/financials/dart_historical_code_map.csv || true[0m
2026-10-04T15:58:06.5064052Z [36;1mgit add data/financials/full_history/*.csv.gz || true[0m
2026-10-04T15:58:06.5064412Z [36;1mgit add data/financials/legacy_2000_2014/ || true[0m
2026-10-04T15:58:06.5064815Z [36;1mgit add data/status/dart_full_backfill_state.csv || true[0m
2026-10-04T15:58:06.5065190Z [36;1mgit add data/status/dart_legacy_*.csv || true[0m
2026-10-04T15:58:06.5065634Z [36;1mgit add data/status/super_value_fast_backfill_status.csv || true[0m
2026-10-04T15:58:06.5066038Z [36;1mif git diff --cached --quiet; then[0m
2026-10-04T15:58:06.5066364Z [36;1m  echo "No super-value fast-backfill changes"[0m
2026-10-04T15:58:06.5066853Z [36;1melse[0m
2026-10-04T15:58:06.5067177Z [36;1m  git commit -m "Fast-backfill super-value PIT inputs"[0m
2026-10-04T15:58:06.5067560Z [36;1m  git pull --rebase origin main[0m
2026-10-04T15:58:06.5067861Z [36;1m  git push origin HEAD:main[0m
2026-10-04T15:58:06.5068187Z [36;1mfi[0m
2026-10-04T15:58:06.5103502Z shell: /usr/bin/bash -e {0}
2026-10-04T15:58:06.5103805Z env:
2026-10-04T15:58:06.5104250Z   DART_API_KEY: ***
2026-10-04T15:58:06.5104550Z   SUPER_VALUE_FAST_MODERN_TASKS: 0
2026-10-04T15:58:06.5104911Z   SUPER_VALUE_FAST_LEGACY_DOCS: 100
2026-10-04T15:58:06.5105232Z   SUPER_VALUE_FAST_LEGACY_INDEX_TASKS: 6
2026-10-04T15:58:06.5105535Z   SUPER_VALUE_FAST_MODERN_WORKERS: 3
2026-10-04T15:58:06.5105811Z   SUPER_VALUE_FAST_LEGACY_WORKERS: 3
2026-10-04T15:58:06.5106122Z   LEGACY_DART_MAX_REQUESTS: 150
2026-10-04T15:58:06.5106468Z   LEGACY_DART_MAX_SECONDS: 600
2026-10-04T15:58:06.5106767Z   LEGACY_DART_REQUEST_INTERVAL: 0.5
2026-10-04T15:58:06.5107065Z   LEGACY_DART_CHECKPOINT_SIZE: 25
2026-10-04T15:58:06.5107390Z   pythonLocation: /opt/hostedtoolcache/Python/3.12.14/x64
2026-10-04T15:58:06.5107830Z   PKG_CONFIG_PATH: /opt/hostedtoolcache/Python/3.12.14/x64/lib/pkgconfig
2026-10-04T15:58:06.5108260Z   Python_ROOT_DIR: /opt/hostedtoolcache/Python/3.12.14/x64
2026-10-04T15:58:06.5108691Z   Python2_ROOT_DIR: /opt/hostedtoolcache/Python/3.12.14/x64
2026-10-04T15:58:06.5109060Z   Python3_ROOT_DIR: /opt/hostedtoolcache/Python/3.12.14/x64
2026-10-04T15:58:06.5109426Z   LD_LIBRARY_PATH: /opt/hostedtoolcache/Python/3.12.14/x64/lib
2026-10-04T15:58:06.5109801Z ##[endgroup]
2026-10-04T15:58:07.0673327Z [main ed5232c] Fast-backfill super-value PIT inputs
2026-10-04T15:58:07.0673932Z  6 files changed, 241 insertions(+), 230 deletions(-)
2026-10-04T15:58:07.3837742Z From https://github.com/Horororong/quant-marcap-runner
2026-10-04T15:58:07.3838557Z  * branch            main       -> FETCH_HEAD
2026-10-04T15:58:07.3890684Z Current branch main is up to date.
2026-10-04T15:58:10.1163047Z To https://github.com/Horororong/quant-marcap-runner
2026-10-04T15:58:10.1163613Z    967dae0..ed5232c  HEAD -> main
2026-10-04T15:58:10.1284846Z ##[group]Run actions/upload-artifact@v4
2026-10-04T15:58:10.1285315Z with:
2026-10-04T15:58:10.1285693Z   name: super-value-fast-backfill-status
2026-10-04T15:58:10.1286911Z   path: /home/runner/work/_temp/legacy-collection-run.json
data/status/super_value_fast_backfill_status.csv
data/status/dart_legacy_backfill_status.csv
data/status/dart_full_backfill_status.csv

2026-10-04T15:58:10.1288096Z   if-no-files-found: warn
2026-10-04T15:58:10.1288516Z   retention-days: 14
2026-10-04T15:58:10.1288939Z   compression-level: 6
2026-10-04T15:58:10.1289322Z   overwrite: false
2026-10-04T15:58:10.1289688Z   include-hidden-files: false
2026-10-04T15:58:10.1290046Z env:
2026-10-04T15:58:10.1290681Z   DART_API_KEY: ***
2026-10-04T15:58:10.1291060Z   SUPER_VALUE_FAST_MODERN_TASKS: 0
2026-10-04T15:58:10.1291492Z   SUPER_VALUE_FAST_LEGACY_DOCS: 100
2026-10-04T15:58:10.1292125Z   SUPER_VALUE_FAST_LEGACY_INDEX_TASKS: 6
2026-10-04T15:58:10.1292572Z   SUPER_VALUE_FAST_MODERN_WORKERS: 3
2026-10-04T15:58:10.1293147Z   SUPER_VALUE_FAST_LEGACY_WORKERS: 3
2026-10-04T15:58:10.1293629Z   LEGACY_DART_MAX_REQUESTS: 150
2026-10-04T15:58:10.1294055Z   LEGACY_DART_MAX_SECONDS: 600
2026-10-04T15:58:10.1294473Z   LEGACY_DART_REQUEST_INTERVAL: 0.5
2026-10-04T15:58:10.1294898Z   LEGACY_DART_CHECKPOINT_SIZE: 25
2026-10-04T15:58:10.1295473Z   pythonLocation: /opt/hostedtoolcache/Python/3.12.14/x64
2026-10-04T15:58:10.1296114Z   PKG_CONFIG_PATH: /opt/hostedtoolcache/Python/3.12.14/x64/lib/pkgconfig
2026-10-04T15:58:10.1296718Z   Python_ROOT_DIR: /opt/hostedtoolcache/Python/3.12.14/x64
2026-10-04T15:58:10.1297224Z   Python2_ROOT_DIR: /opt/hostedtoolcache/Python/3.12.14/x64
2026-10-04T15:58:10.1297755Z   Python3_ROOT_DIR: /opt/hostedtoolcache/Python/3.12.14/x64
2026-10-04T15:58:10.1298391Z   LD_LIBRARY_PATH: /opt/hostedtoolcache/Python/3.12.14/x64/lib
2026-10-04T15:58:10.1298841Z ##[endgroup]
2026-10-04T15:58:10.2657238Z (node:2333) [DEP0040] DeprecationWarning: The `punycode` module is deprecated. Please use a userland alternative instead.
2026-10-04T15:58:10.2657942Z (Use `node --trace-deprecation ...` to show where the warning was created)
2026-10-04T15:58:10.2783881Z Multiple search paths detected. Calculating the least common ancestor of all paths
2026-10-04T15:58:10.2813668Z The least common ancestor is /home/runner/work. This will be the root directory of the artifact
2026-10-04T15:58:10.2814421Z With the provided path, there will be 4 files uploaded
2026-10-04T15:58:10.2815848Z Artifact name is valid!
2026-10-04T15:58:10.2816280Z Root directory input is valid!
2026-10-04T15:58:10.5498092Z Beginning upload of artifact content to blob storage
2026-10-04T15:58:10.5670482Z (node:2333) [DEP0169] DeprecationWarning: `url.parse()` behavior is not standardized and prone to errors that have security implications. Use the WHATWG URL API instead. CVEs are not issued for `url.parse()` vulnerabilities.
2026-10-04T15:58:10.6975057Z Uploaded bytes 2065
2026-10-04T15:58:10.7378842Z Finished uploading artifact content to blob storage!
2026-10-04T15:58:10.7379648Z SHA256 digest of uploaded artifact zip is c87ac56c37b5e9decb6d478d8e36ae3b9e69a375c0b64916328bd6748e5501b4
2026-10-04T15:58:10.7380889Z Finalizing artifact upload
2026-10-04T15:58:10.9757954Z Artifact super-value-fast-backfill-status.zip successfully finalized. Artifact ID 11308555011
2026-10-04T15:58:10.9758830Z Artifact super-value-fast-backfill-status has been successfully uploaded! Final size is 2065 bytes. Artifact ID is 11308555011
2026-10-04T15:58:10.9762635Z Artifact download URL: https://github.com/Horororong/quant-marcap-runner/actions/runs/37214492414/artifacts/11308555011
2026-10-04T15:58:10.9875613Z ##[group]Run actions/upload-artifact@v4
2026-10-04T15:58:10.9876017Z with:
2026-10-04T15:58:10.9876686Z   name: legacy-source-evidence-1
2026-10-04T15:58:10.9877078Z   path: /home/runner/work/_temp/legacy-source-evidence
2026-10-04T15:58:10.9877576Z   if-no-files-found: error
2026-10-04T15:58:10.9877913Z   retention-days: 90
2026-10-04T15:58:10.9878225Z   compression-level: 6
2026-10-04T15:58:10.9878585Z   overwrite: false
2026-10-04T15:58:10.9878919Z   include-hidden-files: false
2026-10-04T15:58:10.9879297Z env:
2026-10-04T15:58:10.9879731Z   DART_API_KEY: ***
2026-10-04T15:58:10.9880087Z   SUPER_VALUE_FAST_MODERN_TASKS: 0
2026-10-04T15:58:10.9880433Z   SUPER_VALUE_FAST_LEGACY_DOCS: 100
2026-10-04T15:58:10.9880773Z   SUPER_VALUE_FAST_LEGACY_INDEX_TASKS: 6
2026-10-04T15:58:10.9881194Z   SUPER_VALUE_FAST_MODERN_WORKERS: 3
2026-10-04T15:58:10.9881549Z   SUPER_VALUE_FAST_LEGACY_WORKERS: 3
2026-10-04T15:58:10.9882112Z   LEGACY_DART_MAX_REQUESTS: 150
2026-10-04T15:58:10.9882544Z   LEGACY_DART_MAX_SECONDS: 600
2026-10-04T15:58:10.9882952Z   LEGACY_DART_REQUEST_INTERVAL: 0.5
2026-10-04T15:58:10.9883310Z   LEGACY_DART_CHECKPOINT_SIZE: 25
2026-10-04T15:58:10.9884043Z   pythonLocation: /opt/hostedtoolcache/Python/3.12.14/x64
2026-10-04T15:58:10.9884570Z   PKG_CONFIG_PATH: /opt/hostedtoolcache/Python/3.12.14/x64/lib/pkgconfig
2026-10-04T15:58:10.9885052Z   Python_ROOT_DIR: /opt/hostedtoolcache/Python/3.12.14/x64
2026-10-04T15:58:10.9885539Z   Python2_ROOT_DIR: /opt/hostedtoolcache/Python/3.12.14/x64
2026-10-04T15:58:10.9885974Z   Python3_ROOT_DIR: /opt/hostedtoolcache/Python/3.12.14/x64
2026-10-04T15:58:10.9886428Z   LD_LIBRARY_PATH: /opt/hostedtoolcache/Python/3.12.14/x64/lib
2026-10-04T15:58:10.9886822Z ##[endgroup]
2026-10-04T15:58:11.1242642Z (node:2347) [DEP0040] DeprecationWarning: The `punycode` module is deprecated. Please use a userland alternative instead.
2026-10-04T15:58:11.1243578Z (Use `node --trace-deprecation ...` to show where the warning was created)
2026-10-04T15:58:11.1706986Z With the provided path, there will be 241 files uploaded
2026-10-04T15:58:11.1707875Z Artifact name is valid!
2026-10-04T15:58:11.1708345Z Root directory input is valid!
2026-10-04T15:58:11.4311442Z Beginning upload of artifact content to blob storage
2026-10-04T15:58:11.7259219Z (node:2347) [DEP0169] DeprecationWarning: `url.parse()` behavior is not standardized and prone to errors that have security implications. Use the WHATWG URL API instead. CVEs are not issued for `url.parse()` vulnerabilities.
2026-10-04T15:58:12.2123827Z Uploaded bytes 8388608
2026-10-04T15:58:12.4820885Z Uploaded bytes 16777216
2026-10-04T15:58:12.4960720Z Uploaded bytes 25165824
2026-10-04T15:58:12.7757537Z Uploaded bytes 33554432
2026-10-04T15:58:12.8644400Z Uploaded bytes 36730771
2026-10-04T15:58:12.9029077Z Finished uploading artifact content to blob storage!
2026-10-04T15:58:12.9031565Z SHA256 digest of uploaded artifact zip is 8e0b1c37cae4396d7da46ef1f6b51685274383d38dd9de46058b6a703032fd97
2026-10-04T15:58:12.9033453Z Finalizing artifact upload
2026-10-04T15:58:13.1412923Z Artifact legacy-source-evidence-1.zip successfully finalized. Artifact ID 11307654311
2026-10-04T15:58:13.1413552Z Artifact legacy-source-evidence-1 has been successfully uploaded! Final size is 36730771 bytes. Artifact ID is 11307654311
2026-10-04T15:58:13.1416034Z Artifact download URL: https://github.com/Horororong/quant-marcap-runner/actions/runs/37214492414/artifacts/11307654311
2026-10-04T15:58:13.1529487Z ##[group]Run actions/upload-artifact@v4
2026-10-04T15:58:13.1529745Z with:
2026-10-04T15:58:13.1529950Z   name: legacy-source-audit-subset-1
2026-10-04T15:58:13.1530284Z   path: /home/runner/work/_temp/legacy-source-evidence/audit-subset
2026-10-04T15:58:13.1530630Z   if-no-files-found: error
2026-10-04T15:58:13.1530871Z   retention-days: 90
2026-10-04T15:58:13.1531076Z   compression-level: 6
2026-10-04T15:58:13.1531292Z   overwrite: false
2026-10-04T15:58:13.1531488Z   include-hidden-files: false
2026-10-04T15:58:13.1531944Z env:
2026-10-04T15:58:13.1532341Z   DART_API_KEY: ***
2026-10-04T15:58:13.1532586Z   SUPER_VALUE_FAST_MODERN_TASKS: 0
2026-10-04T15:58:13.1532988Z   SUPER_VALUE_FAST_LEGACY_DOCS: 100
2026-10-04T15:58:13.1533231Z   SUPER_VALUE_FAST_LEGACY_INDEX_TASKS: 6
2026-10-04T15:58:13.1533489Z   SUPER_VALUE_FAST_MODERN_WORKERS: 3
2026-10-04T15:58:13.1533723Z   SUPER_VALUE_FAST_LEGACY_WORKERS: 3
2026-10-04T15:58:13.1533966Z   LEGACY_DART_MAX_REQUESTS: 150
2026-10-04T15:58:13.1534232Z   LEGACY_DART_MAX_SECONDS: 600
2026-10-04T15:58:13.1534461Z   LEGACY_DART_REQUEST_INTERVAL: 0.5
2026-10-04T15:58:13.1534747Z   LEGACY_DART_CHECKPOINT_SIZE: 25
2026-10-04T15:58:13.1535032Z   pythonLocation: /opt/hostedtoolcache/Python/3.12.14/x64
2026-10-04T15:58:13.1535458Z   PKG_CONFIG_PATH: /opt/hostedtoolcache/Python/3.12.14/x64/lib/pkgconfig
2026-10-04T15:58:13.1535822Z   Python_ROOT_DIR: /opt/hostedtoolcache/Python/3.12.14/x64
2026-10-04T15:58:13.1536196Z   Python2_ROOT_DIR: /opt/hostedtoolcache/Python/3.12.14/x64
2026-10-04T15:58:13.1536533Z   Python3_ROOT_DIR: /opt/hostedtoolcache/Python/3.12.14/x64
2026-10-04T15:58:13.1536879Z   LD_LIBRARY_PATH: /opt/hostedtoolcache/Python/3.12.14/x64/lib
2026-10-04T15:58:13.1537165Z ##[endgroup]
2026-10-04T15:58:13.2905624Z (node:2360) [DEP0040] DeprecationWarning: The `punycode` module is deprecated. Please use a userland alternative instead.
2026-10-04T15:58:13.2906240Z (Use `node --trace-deprecation ...` to show where the warning was created)
2026-10-04T15:58:13.3045734Z With the provided path, there will be 69 files uploaded
2026-10-04T15:58:13.3046342Z Artifact name is valid!
2026-10-04T15:58:13.3046665Z Root directory input is valid!
2026-10-04T15:58:13.5907025Z Beginning upload of artifact content to blob storage
2026-10-04T15:58:13.7855541Z (node:2360) [DEP0169] DeprecationWarning: `url.parse()` behavior is not standardized and prone to errors that have security implications. Use the WHATWG URL API instead. CVEs are not issued for `url.parse()` vulnerabilities.
2026-10-04T15:58:14.1851092Z Uploaded bytes 3352517
2026-10-04T15:58:14.2269311Z Finished uploading artifact content to blob storage!
2026-10-04T15:58:14.2269926Z SHA256 digest of uploaded artifact zip is f4f96899071c39ee74002e7fd47fb398bffcdef8fd19f74b78b2214d93b145d5
2026-10-04T15:58:14.2271911Z Finalizing artifact upload
2026-10-04T15:58:14.4765082Z Artifact legacy-source-audit-subset-1.zip successfully finalized. Artifact ID 11307484514
2026-10-04T15:58:14.4765961Z Artifact legacy-source-audit-subset-1 has been successfully uploaded! Final size is 3352517 bytes. Artifact ID is 11307484514
2026-10-04T15:58:14.4772316Z Artifact download URL: https://github.com/Horororong/quant-marcap-runner/actions/runs/37214492414/artifacts/11307484514
2026-10-04T15:58:14.4909417Z Post job cleanup.
2026-10-04T15:58:14.5857938Z (node:2372) [DEP0040] DeprecationWarning: The `punycode` module is deprecated. Please use a userland alternative instead.
2026-10-04T15:58:14.5903640Z (Use `node --trace-deprecation ...` to show where the warning was created)
2026-10-04T15:58:14.5965527Z Post job cleanup.
2026-10-04T15:58:14.6649333Z [command]/usr/bin/git version
2026-10-04T15:58:14.6680616Z git version 2.55.0
2026-10-04T15:58:14.6705815Z Temporarily overriding HOME='/home/runner/work/_temp/5cda47ab-039e-475d-8489-a196bd8218d7' before making global git config changes
2026-10-04T15:58:14.6706786Z Adding repository directory to the temporary git global config as a safe directory
2026-10-04T15:58:14.6710313Z [command]/usr/bin/git config --global --add safe.directory /home/runner/work/quant-marcap-runner/quant-marcap-runner
2026-10-04T15:58:14.6739199Z [command]/usr/bin/git config --local --name-only --get-regexp core\.sshCommand
2026-10-04T15:58:14.6773795Z [command]/usr/bin/git submodule foreach --recursive sh -c "git config --local --name-only --get-regexp 'core\.sshCommand' && git config --local --unset-all 'core.sshCommand' || :"
2026-10-04T15:58:14.6983404Z [command]/usr/bin/git config --local --name-only --get-regexp http\.https\:\/\/github\.com\/\.extraheader
2026-10-04T15:58:14.7028380Z http.https://github.com/.extraheader
2026-10-04T15:58:14.7037967Z [command]/usr/bin/git config --local --unset-all http.https://github.com/.extraheader
2026-10-04T15:58:14.7069657Z [command]/usr/bin/git submodule foreach --recursive sh -c "git config --local --name-only --get-regexp 'http\.https\:\/\/github\.com\/\.extraheader' && git config --local --unset-all 'http.https://github.com/.extraheader' || :"
2026-10-04T15:58:14.7257456Z [command]/usr/bin/git config --local --name-only --get-regexp ^includeIf\.gitdir:
2026-10-04T15:58:14.7284483Z [command]/usr/bin/git submodule foreach --recursive git config --local --show-origin --name-only --get-regexp remote.origin.url
2026-10-04T15:58:14.7590219Z Cleaning up orphan processes
2026-10-04T15:58:14.7803509Z ##[warning]Node.js 20 is deprecated. The following actions target Node.js 20 but are being forced to run on Node.js 24: actions/checkout@v4, actions/setup-python@v5, actions/upload-artifact@v4. For more information see: https://github.blog/changelog/2025-09-19-deprecation-of-node-20-on-github-actions-runners/

