2026-10-04T12:54:41.2047606Z Current runner version: '2.337.0'
2026-10-04T12:54:41.2066467Z ##[group]Runner Image Provisioner
2026-10-04T12:54:41.2066981Z Hosted Compute Agent
2026-10-04T12:54:41.2067854Z Version: 20260901.588
2026-10-04T12:54:41.2068247Z Commit: f88ec8081b781fac6c440065ac7ff9e710ce3d0b
2026-10-04T12:54:41.2068719Z Build Date: 2026-09-01T19:56:44Z
2026-10-04T12:54:41.2069158Z Worker ID: {8a0fae16-048f-4347-a52c-f376b1d6c97e}
2026-10-04T12:54:41.2069578Z Azure Region: centralus
2026-10-04T12:54:41.2069916Z ##[endgroup]
2026-10-04T12:54:41.2070740Z ##[group]Operating System
2026-10-04T12:54:41.2071131Z Ubuntu
2026-10-04T12:54:41.2071473Z 24.04.5
2026-10-04T12:54:41.2071793Z LTS
2026-10-04T12:54:41.2072121Z ##[endgroup]
2026-10-04T12:54:41.2072508Z ##[group]Runner Image
2026-10-04T12:54:41.2072887Z Image: ubuntu-24.04
2026-10-04T12:54:41.2073248Z Version: 20260927.320.1
2026-10-04T12:54:41.2073997Z Included Software: https://github.com/actions/runner-images/blob/ubuntu24/20260927.320/images/ubuntu/Ubuntu2404-Readme.md
2026-10-04T12:54:41.2074892Z Image Release: https://github.com/actions/runner-images/releases/tag/ubuntu24%2F20260927.320
2026-10-04T12:54:41.2075482Z ##[endgroup]
2026-10-04T12:54:41.2076192Z ##[group]GITHUB_TOKEN Permissions
2026-10-04T12:54:41.2077684Z Contents: read
2026-10-04T12:54:41.2078071Z Metadata: read
2026-10-04T12:54:41.2078447Z Packages: read
2026-10-04T12:54:41.2078777Z ##[endgroup]
2026-10-04T12:54:41.2080059Z Secret source: Actions
2026-10-04T12:54:41.2080603Z Cache mode: write
2026-10-04T12:54:41.2081061Z Prepare workflow directory
2026-10-04T12:54:41.2282968Z Prepare all required actions
2026-10-04T12:54:41.2313993Z Getting action download info
2026-10-04T12:54:41.4591456Z Download action repository 'actions/checkout@v4' (SHA:11d5960a326750d5838078e36cf38b85af677262)
2026-10-04T12:54:41.5322478Z Download action repository 'actions/setup-python@v5' (SHA:a26af69be951a213d495a4c3e4e4022e16d87065)
2026-10-04T12:54:41.6579309Z Download action repository 'actions/upload-artifact@v4' (SHA:ea165f8d65b6e75b540449e92b4886f43607fa02)
2026-10-04T12:54:41.8501567Z Complete job name: validate
2026-10-04T12:54:41.8979354Z ##[group]Run actions/checkout@v4
2026-10-04T12:54:41.8979754Z with:
2026-10-04T12:54:41.8979999Z   repository: Horororong/quant-marcap-runner
2026-10-04T12:54:41.8982017Z   token: ***
2026-10-04T12:54:41.8982233Z   ssh-strict: true
2026-10-04T12:54:41.8982456Z   ssh-user: git
2026-10-04T12:54:41.8982687Z   persist-credentials: true
2026-10-04T12:54:41.8982938Z   clean: true
2026-10-04T12:54:41.8983167Z   sparse-checkout-cone-mode: true
2026-10-04T12:54:41.8983432Z   fetch-depth: 1
2026-10-04T12:54:41.8983652Z   fetch-tags: false
2026-10-04T12:54:41.8983879Z   show-progress: true
2026-10-04T12:54:41.8984108Z   lfs: false
2026-10-04T12:54:41.8984324Z   submodules: false
2026-10-04T12:54:41.8984611Z   set-safe-directory: true
2026-10-04T12:54:41.8984873Z   allow-unsafe-pr-checkout: false
2026-10-04T12:54:41.8985214Z ##[endgroup]
2026-10-04T12:54:41.9624052Z Syncing repository: Horororong/quant-marcap-runner
2026-10-04T12:54:41.9625508Z ##[group]Getting Git version info
2026-10-04T12:54:41.9626216Z Working directory is '/home/runner/work/quant-marcap-runner/quant-marcap-runner'
2026-10-04T12:54:41.9627370Z [command]/usr/bin/git version
2026-10-04T12:54:41.9683091Z git version 2.55.0
2026-10-04T12:54:41.9695679Z ##[endgroup]
2026-10-04T12:54:41.9705436Z Temporarily overriding HOME='/home/runner/work/_temp/126c5e49-2f3f-4ac7-8472-d0c60c951e94' before making global git config changes
2026-10-04T12:54:41.9706860Z Adding repository directory to the temporary git global config as a safe directory
2026-10-04T12:54:41.9708554Z [command]/usr/bin/git config --global --add safe.directory /home/runner/work/quant-marcap-runner/quant-marcap-runner
2026-10-04T12:54:41.9753816Z Deleting the contents of '/home/runner/work/quant-marcap-runner/quant-marcap-runner'
2026-10-04T12:54:41.9759022Z ##[group]Initializing the repository
2026-10-04T12:54:41.9760098Z [command]/usr/bin/git init /home/runner/work/quant-marcap-runner/quant-marcap-runner
2026-10-04T12:54:41.9998939Z hint: Using 'master' as the name for the initial branch. This default branch name
2026-10-04T12:54:41.9999764Z hint: will change to "main" in Git 3.0. To configure the initial branch name
2026-10-04T12:54:42.0000259Z hint: to use in all of your new repositories, which will suppress this warning,
2026-10-04T12:54:42.0000642Z hint: call:
2026-10-04T12:54:42.0000854Z hint:
2026-10-04T12:54:42.0001160Z hint: 	git config --global init.defaultBranch <name>
2026-10-04T12:54:42.0001481Z hint:
2026-10-04T12:54:42.0001786Z hint: Names commonly chosen instead of 'master' are 'main', 'trunk' and
2026-10-04T12:54:42.0002266Z hint: 'development'. The just-created branch can be renamed via this command:
2026-10-04T12:54:42.0002644Z hint:
2026-10-04T12:54:42.0002862Z hint: 	git branch -m <name>
2026-10-04T12:54:42.0003107Z hint:
2026-10-04T12:54:42.0003432Z hint: Disable this message with "git config set advice.defaultBranchName false"
2026-10-04T12:54:42.0008435Z Initialized empty Git repository in /home/runner/work/quant-marcap-runner/quant-marcap-runner/.git/
2026-10-04T12:54:42.0015967Z [command]/usr/bin/git remote add origin https://github.com/Horororong/quant-marcap-runner
2026-10-04T12:54:42.0072217Z ##[endgroup]
2026-10-04T12:54:42.0072989Z ##[group]Disabling automatic garbage collection
2026-10-04T12:54:42.0073590Z [command]/usr/bin/git config --local gc.auto 0
2026-10-04T12:54:42.0110223Z ##[endgroup]
2026-10-04T12:54:42.0110606Z ##[group]Setting up auth
2026-10-04T12:54:42.0110985Z [command]/usr/bin/git config --local --name-only --get-regexp core\.sshCommand
2026-10-04T12:54:42.0135873Z [command]/usr/bin/git submodule foreach --recursive sh -c "git config --local --name-only --get-regexp 'core\.sshCommand' && git config --local --unset-all 'core.sshCommand' || :"
2026-10-04T12:54:42.0412778Z [command]/usr/bin/git config --local --name-only --get-regexp http\.https\:\/\/github\.com\/\.extraheader
2026-10-04T12:54:42.0439510Z [command]/usr/bin/git submodule foreach --recursive sh -c "git config --local --name-only --get-regexp 'http\.https\:\/\/github\.com\/\.extraheader' && git config --local --unset-all 'http.https://github.com/.extraheader' || :"
2026-10-04T12:54:42.0602005Z [command]/usr/bin/git config --local --name-only --get-regexp ^includeIf\.gitdir:
2026-10-04T12:54:42.0628136Z [command]/usr/bin/git submodule foreach --recursive git config --local --show-origin --name-only --get-regexp remote.origin.url
2026-10-04T12:54:42.0791206Z [command]/usr/bin/git config --local http.https://github.com/.extraheader AUTHORIZATION: basic ***
2026-10-04T12:54:42.0821343Z ##[endgroup]
2026-10-04T12:54:42.0821969Z ##[group]Fetching the repository
2026-10-04T12:54:42.0828086Z [command]/usr/bin/git -c protocol.version=2 fetch --no-tags --prune --no-recurse-submodules --depth=1 origin +4b2b7a9b74023e13294c290bfd882e024a133c73:refs/remotes/origin/fix/legacy-no-metrics-resume-20261004
2026-10-04T12:55:42.9975244Z From https://github.com/Horororong/quant-marcap-runner
2026-10-04T12:55:42.9978592Z  * [new ref]         4b2b7a9b74023e13294c290bfd882e024a133c73 -> origin/fix/legacy-no-metrics-resume-20261004
2026-10-04T12:55:42.9980227Z ##[endgroup]
2026-10-04T12:55:42.9980659Z ##[group]Determining the checkout info
2026-10-04T12:55:42.9981367Z ##[endgroup]
2026-10-04T12:55:42.9985104Z [command]/usr/bin/git sparse-checkout disable
2026-10-04T12:55:43.0031892Z [command]/usr/bin/git config --local --unset-all extensions.worktreeConfig
2026-10-04T12:55:43.0058153Z ##[group]Checking out the ref
2026-10-04T12:55:43.0061264Z [command]/usr/bin/git checkout --progress --force -B fix/legacy-no-metrics-resume-20261004 refs/remotes/origin/fix/legacy-no-metrics-resume-20261004
2026-10-04T12:55:44.6059298Z Updating files:  37% (428/1151)
2026-10-04T12:55:45.0639058Z Updating files:  38% (438/1151)
2026-10-04T12:55:45.3751964Z Updating files:  38% (445/1151)
2026-10-04T12:55:45.8859371Z Updating files:  39% (449/1151)
2026-10-04T12:55:45.8952561Z Updating files:  40% (461/1151)
2026-10-04T12:55:45.9251388Z Updating files:  41% (472/1151)
2026-10-04T12:55:45.9254437Z Updating files:  42% (484/1151)
2026-10-04T12:55:45.9261197Z Updating files:  43% (495/1151)
2026-10-04T12:55:45.9270005Z Updating files:  44% (507/1151)
2026-10-04T12:55:45.9278870Z Updating files:  45% (518/1151)
2026-10-04T12:55:45.9287257Z Updating files:  46% (530/1151)
2026-10-04T12:55:45.9292582Z Updating files:  47% (541/1151)
2026-10-04T12:55:45.9314552Z Updating files:  48% (553/1151)
2026-10-04T12:55:45.9321331Z Updating files:  49% (564/1151)
2026-10-04T12:55:45.9329375Z Updating files:  50% (576/1151)
2026-10-04T12:55:45.9334416Z Updating files:  51% (588/1151)
2026-10-04T12:55:45.9341545Z Updating files:  52% (599/1151)
2026-10-04T12:55:45.9346786Z Updating files:  53% (611/1151)
2026-10-04T12:55:45.9352699Z Updating files:  54% (622/1151)
2026-10-04T12:55:45.9359216Z Updating files:  55% (634/1151)
2026-10-04T12:55:45.9428754Z Updating files:  56% (645/1151)
2026-10-04T12:55:45.9429058Z Updating files:  57% (657/1151)
2026-10-04T12:55:45.9429319Z Updating files:  58% (668/1151)
2026-10-04T12:55:45.9429549Z Updating files:  59% (680/1151)
2026-10-04T12:55:45.9429808Z Updating files:  60% (691/1151)
2026-10-04T12:55:45.9430024Z Updating files:  61% (703/1151)
2026-10-04T12:55:45.9430252Z Updating files:  62% (714/1151)
2026-10-04T12:55:45.9430548Z Updating files:  63% (726/1151)
2026-10-04T12:55:45.9470460Z Updating files:  64% (737/1151)
2026-10-04T12:55:45.9622153Z Updating files:  65% (749/1151)
2026-10-04T12:55:46.0027249Z Updating files:  66% (760/1151)
2026-10-04T12:55:46.0092803Z Updating files:  67% (772/1151)
2026-10-04T12:55:46.0141062Z Updating files:  68% (783/1151)
2026-10-04T12:55:46.0168805Z Updating files:  68% (789/1151)
2026-10-04T12:55:46.0198671Z Updating files:  69% (795/1151)
2026-10-04T12:55:46.0227654Z Updating files:  70% (806/1151)
2026-10-04T12:55:46.0243089Z Updating files:  71% (818/1151)
2026-10-04T12:55:46.0276872Z Updating files:  72% (829/1151)
2026-10-04T12:55:46.0305787Z Updating files:  73% (841/1151)
2026-10-04T12:55:46.0320635Z Updating files:  74% (852/1151)
2026-10-04T12:55:46.0337237Z Updating files:  75% (864/1151)
2026-10-04T12:55:46.0368984Z Updating files:  76% (875/1151)
2026-10-04T12:55:46.0377829Z Updating files:  77% (887/1151)
2026-10-04T12:55:46.0400353Z Updating files:  78% (898/1151)
2026-10-04T12:55:46.0431176Z Updating files:  79% (910/1151)
2026-10-04T12:55:46.0475917Z Updating files:  80% (921/1151)
2026-10-04T12:55:46.0952626Z Updating files:  81% (933/1151)
2026-10-04T12:55:46.0973921Z Updating files:  82% (944/1151)
2026-10-04T12:55:46.0991758Z Updating files:  83% (956/1151)
2026-10-04T12:55:46.1011026Z Updating files:  84% (967/1151)
2026-10-04T12:55:46.1018242Z Updating files:  85% (979/1151)
2026-10-04T12:55:46.1025566Z Updating files:  86% (990/1151)
2026-10-04T12:55:46.1032927Z Updating files:  87% (1002/1151)
2026-10-04T12:55:46.1040259Z Updating files:  88% (1013/1151)
2026-10-04T12:55:46.1045434Z Updating files:  89% (1025/1151)
2026-10-04T12:55:46.1051456Z Updating files:  90% (1036/1151)
2026-10-04T12:55:46.1064529Z Updating files:  91% (1048/1151)
2026-10-04T12:55:46.1072794Z Updating files:  92% (1059/1151)
2026-10-04T12:55:46.1079609Z Updating files:  93% (1071/1151)
2026-10-04T12:55:46.1086376Z Updating files:  94% (1082/1151)
2026-10-04T12:55:46.1092018Z Updating files:  95% (1094/1151)
2026-10-04T12:55:46.1098721Z Updating files:  96% (1105/1151)
2026-10-04T12:55:46.1105742Z Updating files:  97% (1117/1151)
2026-10-04T12:55:46.1110472Z Updating files:  98% (1128/1151)
2026-10-04T12:55:46.1115023Z Updating files:  99% (1140/1151)
2026-10-04T12:55:46.1115270Z Updating files: 100% (1151/1151)
2026-10-04T12:55:46.1115511Z Updating files: 100% (1151/1151), done.
2026-10-04T12:55:46.1136053Z Switched to a new branch 'fix/legacy-no-metrics-resume-20261004'
2026-10-04T12:55:46.1138674Z branch 'fix/legacy-no-metrics-resume-20261004' set up to track 'origin/fix/legacy-no-metrics-resume-20261004'.
2026-10-04T12:55:46.1322056Z ##[endgroup]
2026-10-04T12:55:46.1336761Z [command]/usr/bin/git log -1 --format=%H
2026-10-04T12:55:46.1355060Z 4b2b7a9b74023e13294c290bfd882e024a133c73
2026-10-04T12:55:46.1543254Z ##[group]Run actions/setup-python@v5
2026-10-04T12:55:46.1543424Z with:
2026-10-04T12:55:46.1543556Z   python-version: 3.12
2026-10-04T12:55:46.1543689Z   check-latest: false
2026-10-04T12:55:46.1545066Z   token: ***
2026-10-04T12:55:46.1545190Z   update-environment: true
2026-10-04T12:55:46.1545336Z   allow-prereleases: false
2026-10-04T12:55:46.1545481Z   freethreaded: false
2026-10-04T12:55:46.1545607Z ##[endgroup]
2026-10-04T12:55:46.2357141Z ##[group]Installed versions
2026-10-04T12:55:46.2420089Z (node:2094) [DEP0040] DeprecationWarning: The `punycode` module is deprecated. Please use a userland alternative instead.
2026-10-04T12:55:46.2420508Z (Use `node --trace-deprecation ...` to show where the warning was created)
2026-10-04T12:55:46.2421023Z Successfully set up CPython (3.12.14)
2026-10-04T12:55:46.2421422Z ##[endgroup]
2026-10-04T12:55:46.2548878Z ##[group]Run pip install pandas requests beautifulsoup4 lxml pytest pyyaml
2026-10-04T12:55:46.2549251Z [36;1mpip install pandas requests beautifulsoup4 lxml pytest pyyaml[0m
2026-10-04T12:55:46.2856135Z shell: /usr/bin/bash -e {0}
2026-10-04T12:55:46.2856361Z env:
2026-10-04T12:55:46.2856540Z   pythonLocation: /opt/hostedtoolcache/Python/3.12.14/x64
2026-10-04T12:55:46.2856793Z   PKG_CONFIG_PATH: /opt/hostedtoolcache/Python/3.12.14/x64/lib/pkgconfig
2026-10-04T12:55:46.2857020Z   Python_ROOT_DIR: /opt/hostedtoolcache/Python/3.12.14/x64
2026-10-04T12:55:46.2857342Z   Python2_ROOT_DIR: /opt/hostedtoolcache/Python/3.12.14/x64
2026-10-04T12:55:46.2857549Z   Python3_ROOT_DIR: /opt/hostedtoolcache/Python/3.12.14/x64
2026-10-04T12:55:46.2857755Z   LD_LIBRARY_PATH: /opt/hostedtoolcache/Python/3.12.14/x64/lib
2026-10-04T12:55:46.2857930Z ##[endgroup]
2026-10-04T12:55:47.2000944Z Collecting pandas
2026-10-04T12:55:47.2693919Z   Downloading pandas-3.0.6-cp312-cp312-manylinux_2_24_x86_64.manylinux_2_28_x86_64.whl.metadata (79 kB)
2026-10-04T12:55:47.3341048Z Collecting requests
2026-10-04T12:55:47.3470030Z   Downloading requests-2.34.2-py3-none-any.whl.metadata (4.8 kB)
2026-10-04T12:55:47.3666177Z Collecting beautifulsoup4
2026-10-04T12:55:47.3793803Z   Downloading beautifulsoup4-4.15.0-py3-none-any.whl.metadata (3.8 kB)
2026-10-04T12:55:47.5200198Z Collecting lxml
2026-10-04T12:55:47.5332070Z   Downloading lxml-6.1.3-cp312-cp312-manylinux_2_26_x86_64.manylinux_2_28_x86_64.whl.metadata (3.3 kB)
2026-10-04T12:55:47.5600651Z Collecting pytest
2026-10-04T12:55:47.5729951Z   Downloading pytest-9.1.1-py3-none-any.whl.metadata (7.6 kB)
2026-10-04T12:55:47.6016384Z Collecting pyyaml
2026-10-04T12:55:47.6146683Z   Downloading pyyaml-6.0.3-cp312-cp312-manylinux2014_x86_64.manylinux_2_17_x86_64.manylinux_2_28_x86_64.whl.metadata (2.4 kB)
2026-10-04T12:55:47.7162852Z Collecting numpy>=1.26.0 (from pandas)
2026-10-04T12:55:47.7293735Z   Downloading numpy-2.5.3-cp312-cp312-manylinux_2_27_x86_64.manylinux_2_28_x86_64.whl.metadata (6.6 kB)
2026-10-04T12:55:47.7470486Z Collecting python-dateutil>=2.8.2 (from pandas)
2026-10-04T12:55:47.7599861Z   Downloading python_dateutil-2.9.0.post0-py2.py3-none-any.whl.metadata (8.4 kB)
2026-10-04T12:55:47.8295190Z Collecting charset_normalizer<4,>=2 (from requests)
2026-10-04T12:55:47.8424801Z   Downloading charset_normalizer-3.5.2-cp312-cp312-manylinux2014_x86_64.manylinux_2_17_x86_64.manylinux_2_28_x86_64.whl.metadata (46 kB)
2026-10-04T12:55:47.8629416Z Collecting idna<4,>=2.5 (from requests)
2026-10-04T12:55:47.8761910Z   Downloading idna-3.20-py3-none-any.whl.metadata (7.2 kB)
2026-10-04T12:55:47.8984329Z Collecting urllib3<3,>=1.26 (from requests)
2026-10-04T12:55:47.9114579Z   Downloading urllib3-2.8.0-py3-none-any.whl.metadata (7.4 kB)
2026-10-04T12:55:47.9313486Z Collecting certifi>=2023.5.7 (from requests)
2026-10-04T12:55:47.9441263Z   Downloading certifi-2026.7.22-py3-none-any.whl.metadata (2.5 kB)
2026-10-04T12:55:47.9639979Z Collecting soupsieve>=1.6.1 (from beautifulsoup4)
2026-10-04T12:55:47.9886010Z   Downloading soupsieve-2.10-py3-none-any.whl.metadata (4.4 kB)
2026-10-04T12:55:48.0078399Z Collecting typing-extensions>=4.0.0 (from beautifulsoup4)
2026-10-04T12:55:48.0205994Z   Downloading typing_extensions-4.16.0-py3-none-any.whl.metadata (3.3 kB)
2026-10-04T12:55:48.0374813Z Collecting iniconfig>=1.0.1 (from pytest)
2026-10-04T12:55:48.0502576Z   Downloading iniconfig-2.3.0-py3-none-any.whl.metadata (2.5 kB)
2026-10-04T12:55:48.0689308Z Collecting packaging>=22 (from pytest)
2026-10-04T12:55:48.0817278Z   Downloading packaging-26.3-py3-none-any.whl.metadata (3.5 kB)
2026-10-04T12:55:48.0986798Z Collecting pluggy<2,>=1.5 (from pytest)
2026-10-04T12:55:48.1116550Z   Downloading pluggy-1.6.0-py3-none-any.whl.metadata (4.8 kB)
2026-10-04T12:55:48.1314392Z Collecting pygments>=2.7.2 (from pytest)
2026-10-04T12:55:48.1442315Z   Downloading pygments-2.21.0-py3-none-any.whl.metadata (2.5 kB)
2026-10-04T12:55:48.1628823Z Collecting six>=1.5 (from python-dateutil>=2.8.2->pandas)
2026-10-04T12:55:48.1756395Z   Downloading six-1.17.0-py2.py3-none-any.whl.metadata (1.7 kB)
2026-10-04T12:55:48.1910077Z Downloading pandas-3.0.6-cp312-cp312-manylinux_2_24_x86_64.manylinux_2_28_x86_64.whl (10.8 MB)
2026-10-04T12:55:48.3761869Z    ━━━━━━━━━━━━━━━━━━━━━━━━━━━━━━━━━━━━━━━━ 10.8/10.8 MB 66.8 MB/s  0:00:00
2026-10-04T12:55:48.3893730Z Downloading requests-2.34.2-py3-none-any.whl (73 kB)
2026-10-04T12:55:48.4039083Z Downloading charset_normalizer-3.5.2-cp312-cp312-manylinux2014_x86_64.manylinux_2_17_x86_64.manylinux_2_28_x86_64.whl (257 kB)
2026-10-04T12:55:48.4187580Z Downloading idna-3.20-py3-none-any.whl (69 kB)
2026-10-04T12:55:48.4330504Z Downloading urllib3-2.8.0-py3-none-any.whl (135 kB)
2026-10-04T12:55:48.4475076Z Downloading beautifulsoup4-4.15.0-py3-none-any.whl (109 kB)
2026-10-04T12:55:48.4621056Z Downloading lxml-6.1.3-cp312-cp312-manylinux_2_26_x86_64.manylinux_2_28_x86_64.whl (5.2 MB)
2026-10-04T12:55:48.4838367Z    ━━━━━━━━━━━━━━━━━━━━━━━━━━━━━━━━━━━━━━━━ 5.2/5.2 MB 246.9 MB/s  0:00:00
2026-10-04T12:55:48.4966960Z Downloading pytest-9.1.1-py3-none-any.whl (386 kB)
2026-10-04T12:55:48.5114559Z Downloading pluggy-1.6.0-py3-none-any.whl (20 kB)
2026-10-04T12:55:48.5257217Z Downloading pyyaml-6.0.3-cp312-cp312-manylinux2014_x86_64.manylinux_2_17_x86_64.manylinux_2_28_x86_64.whl (807 kB)
2026-10-04T12:55:48.5293250Z    ━━━━━━━━━━━━━━━━━━━━━━━━━━━━━━━━━━━━━━━━ 807.9/807.9 kB 236.3 MB/s  0:00:00
2026-10-04T12:55:48.5420493Z Downloading certifi-2026.7.22-py3-none-any.whl (136 kB)
2026-10-04T12:55:48.5565194Z Downloading iniconfig-2.3.0-py3-none-any.whl (7.5 kB)
2026-10-04T12:55:48.5709637Z Downloading numpy-2.5.3-cp312-cp312-manylinux_2_27_x86_64.manylinux_2_28_x86_64.whl (16.7 MB)
2026-10-04T12:55:48.6853045Z    ━━━━━━━━━━━━━━━━━━━━━━━━━━━━━━━━━━━━━━━━ 16.7/16.7 MB 146.3 MB/s  0:00:00
2026-10-04T12:55:48.6983803Z Downloading packaging-26.3-py3-none-any.whl (129 kB)
2026-10-04T12:55:48.7131093Z Downloading pygments-2.21.0-py3-none-any.whl (1.3 MB)
2026-10-04T12:55:48.7172046Z    ━━━━━━━━━━━━━━━━━━━━━━━━━━━━━━━━━━━━━━━━ 1.3/1.3 MB 346.0 MB/s  0:00:00
2026-10-04T12:55:48.7303968Z Downloading python_dateutil-2.9.0.post0-py2.py3-none-any.whl (229 kB)
2026-10-04T12:55:48.7450591Z Downloading six-1.17.0-py2.py3-none-any.whl (11 kB)
2026-10-04T12:55:48.7591821Z Downloading soupsieve-2.10-py3-none-any.whl (38 kB)
2026-10-04T12:55:48.7733934Z Downloading typing_extensions-4.16.0-py3-none-any.whl (45 kB)
2026-10-04T12:55:48.8853005Z Installing collected packages: urllib3, typing-extensions, soupsieve, six, pyyaml, pygments, pluggy, packaging, numpy, lxml, iniconfig, idna, charset_normalizer, certifi, requests, python-dateutil, pytest, beautifulsoup4, pandas
2026-10-04T12:55:53.7337908Z 
2026-10-04T12:55:53.7352306Z Successfully installed beautifulsoup4-4.15.0 certifi-2026.7.22 charset_normalizer-3.5.2 idna-3.20 iniconfig-2.3.0 lxml-6.1.3 numpy-2.5.3 packaging-26.3 pandas-3.0.6 pluggy-1.6.0 pygments-2.21.0 pytest-9.1.1 python-dateutil-2.9.0.post0 pyyaml-6.0.3 requests-2.34.2 six-1.17.0 soupsieve-2.10 typing-extensions-4.16.0 urllib3-2.8.0
2026-10-04T12:55:53.7978976Z ##[group]Run for test_file in tests/test_legacy_dart_parser.py tests/test_legacy_backfill_resume.py tests/test_legacy_backfill_automation.py tests/test_legacy_source_evidence.py tests/test_legacy_document_quality.py; do
2026-10-04T12:55:53.7979752Z [36;1mfor test_file in tests/test_legacy_dart_parser.py tests/test_legacy_backfill_resume.py tests/test_legacy_backfill_automation.py tests/test_legacy_source_evidence.py tests/test_legacy_document_quality.py; do[0m
2026-10-04T12:55:53.7980288Z [36;1m  timeout -k 5s 60s python -u -m pytest "$test_file" -vv -s -o faulthandler_timeout=15 || exit $?[0m
2026-10-04T12:55:53.7980530Z [36;1mdone[0m
2026-10-04T12:55:53.7980708Z [36;1mtimeout -k 5s 30s python -u scripts/test_legacy_no_metrics_recovery.py[0m
2026-10-04T12:55:53.7980971Z [36;1mtimeout -k 5s 30s python -u scripts/test_legacy_document_quality.py[0m
2026-10-04T12:55:53.7981223Z [36;1mtimeout -k 5s 30s python -u scripts/test_legacy_viewer_sections.py[0m
2026-10-04T12:55:53.7981520Z [36;1mtimeout -k 5s 30s python -u scripts/test_legacy_viewer_source.py[0m
2026-10-04T12:55:53.7981872Z [36;1mtimeout -k 5s 60s python -u scripts/recheck_legacy_primary_audit.py --output-dir "$RUNNER_TEMP/legacy-primary-72-recheck"[0m
2026-10-04T12:55:53.7982257Z [36;1mtimeout -k 5s 60s python -u docs/audits/viewer-staging46-20261004/test_audit_guards.py[0m
2026-10-04T12:55:53.7982674Z [36;1mtimeout -k 5s 60s python -u docs/audits/viewer-staging46-20261004/verify_remaining_cells.py --output-dir "$RUNNER_TEMP/legacy-staging-46-audit"[0m
2026-10-04T12:55:53.7983051Z [36;1mtimeout -k 5s 30s python -u scripts/test_legacy_schedule_gate.py[0m
2026-10-04T12:55:53.8036915Z shell: /usr/bin/bash -e {0}
2026-10-04T12:55:53.8037147Z env:
2026-10-04T12:55:53.8037299Z   pythonLocation: /opt/hostedtoolcache/Python/3.12.14/x64
2026-10-04T12:55:53.8037535Z   PKG_CONFIG_PATH: /opt/hostedtoolcache/Python/3.12.14/x64/lib/pkgconfig
2026-10-04T12:55:53.8037772Z   Python_ROOT_DIR: /opt/hostedtoolcache/Python/3.12.14/x64
2026-10-04T12:55:53.8037986Z   Python2_ROOT_DIR: /opt/hostedtoolcache/Python/3.12.14/x64
2026-10-04T12:55:53.8038188Z   Python3_ROOT_DIR: /opt/hostedtoolcache/Python/3.12.14/x64
2026-10-04T12:55:53.8038393Z   LD_LIBRARY_PATH: /opt/hostedtoolcache/Python/3.12.14/x64/lib
2026-10-04T12:55:53.8038569Z ##[endgroup]
2026-10-04T12:55:54.1076308Z ============================= test session starts ==============================
2026-10-04T12:55:54.1077546Z platform linux -- Python 3.12.14, pytest-9.1.1, pluggy-1.6.0 -- /opt/hostedtoolcache/Python/3.12.14/x64/bin/python
2026-10-04T12:55:54.1078276Z cachedir: .pytest_cache
2026-10-04T12:55:54.1078562Z rootdir: /home/runner/work/quant-marcap-runner/quant-marcap-runner
2026-10-04T12:55:54.4574826Z collecting ... collected 19 items
2026-10-04T12:55:54.4579679Z 
2026-10-04T12:55:54.4589415Z tests/test_legacy_dart_parser.py::test_legacy_negative_symbols PASSED
2026-10-04T12:55:54.4603129Z tests/test_legacy_dart_parser.py::test_loss_label_normalizes_positive_magnitude PASSED
2026-10-04T12:55:54.4606150Z tests/test_legacy_dart_parser.py::test_parser_version_requires_reprocessing PASSED
2026-10-04T12:55:54.4610380Z tests/test_legacy_dart_parser.py::test_ambiguous_or_missing_numeric_cells_are_not_invented_amounts[751,637 22,35416,940] PASSED
2026-10-04T12:55:54.4613814Z tests/test_legacy_dart_parser.py::test_ambiguous_or_missing_numeric_cells_are_not_invented_amounts[670,000200,0001,500,000] PASSED
2026-10-04T12:55:54.4617165Z tests/test_legacy_dart_parser.py::test_ambiguous_or_missing_numeric_cells_are_not_invented_amounts[83 15,787 13,418 100] PASSED
2026-10-04T12:55:54.4620233Z tests/test_legacy_dart_parser.py::test_ambiguous_or_missing_numeric_cells_are_not_invented_amounts[12,34] PASSED
2026-10-04T12:55:54.4623297Z tests/test_legacy_dart_parser.py::test_ambiguous_or_missing_numeric_cells_are_not_invented_amounts[1.5%] PASSED
2026-10-04T12:55:54.4626371Z tests/test_legacy_dart_parser.py::test_ambiguous_or_missing_numeric_cells_are_not_invented_amounts[1 (\uc8fc2)] PASSED
2026-10-04T12:55:54.4629855Z tests/test_legacy_dart_parser.py::test_ambiguous_or_missing_numeric_cells_are_not_invented_amounts[-] PASSED
2026-10-04T12:55:54.4632815Z tests/test_legacy_dart_parser.py::test_ambiguous_or_missing_numeric_cells_are_not_invented_amounts[\u2014] PASSED
2026-10-04T12:55:54.4635899Z tests/test_legacy_dart_parser.py::test_ambiguous_or_missing_numeric_cells_are_not_invented_amounts[\u2013] PASSED
2026-10-04T12:55:54.4654304Z tests/test_legacy_dart_parser.py::test_real_source_combined_annual_summary_is_not_current_quarter_income PASSED
2026-10-04T12:55:54.4657425Z tests/test_legacy_dart_parser.py::test_explicit_valid_amounts_and_zero_remain_supported PASSED
2026-10-04T12:55:54.4666513Z tests/test_legacy_dart_parser.py::test_unknown_statement_and_partial_alias_do_not_become_financial_metrics PASSED
2026-10-04T12:55:54.4673179Z tests/test_legacy_dart_parser.py::test_nonfinite_scaled_value_cannot_be_usable_money PASSED
2026-10-04T12:55:54.4677004Z tests/test_legacy_dart_parser.py::test_parentheses_and_negative_sign_do_not_double_flip[(-1,170,019,230)--1170019230] PASSED
2026-10-04T12:55:54.4680820Z tests/test_legacy_dart_parser.py::test_parentheses_and_negative_sign_do_not_double_flip[(-482,479,885)--482479885] PASSED
2026-10-04T12:55:54.4690737Z tests/test_legacy_dart_parser.py::test_parentheses_and_negative_sign_do_not_double_flip[(\u25b362,175,514)--62175514] PASSED
2026-10-04T12:55:54.4691760Z 
2026-10-04T12:55:54.4691879Z ============================== 19 passed in 0.36s ==============================
2026-10-04T12:55:54.6428592Z ============================= test session starts ==============================
2026-10-04T12:55:54.6429272Z platform linux -- Python 3.12.14, pytest-9.1.1, pluggy-1.6.0 -- /opt/hostedtoolcache/Python/3.12.14/x64/bin/python
2026-10-04T12:55:54.6430013Z cachedir: .pytest_cache
2026-10-04T12:55:54.6430684Z rootdir: /home/runner/work/quant-marcap-runner/quant-marcap-runner
2026-10-04T12:55:54.8880381Z collecting ... collected 22 items
2026-10-04T12:55:54.8883513Z 
2026-10-04T12:55:54.9091201Z tests/test_legacy_backfill_resume.py::test_checkpoint_survives_interruption_and_resume_skips_durable_receipt legacy checkpoint: 1 receipts persisted
2026-10-04T12:55:54.9352235Z legacy checkpoint: 1 receipts persisted
2026-10-04T12:55:54.9400023Z legacy checkpoint: 2 receipts persisted
2026-10-04T12:55:54.9497595Z PASSED
2026-10-04T12:55:54.9528824Z tests/test_legacy_backfill_resume.py::test_data_publication_failure_never_marks_receipt_complete PASSED
2026-10-04T12:55:54.9637234Z tests/test_legacy_backfill_resume.py::test_state_cannot_skip_missing_or_mismatched_normalized_data[missing_file] PASSED
2026-10-04T12:55:54.9779081Z tests/test_legacy_backfill_resume.py::test_state_cannot_skip_missing_or_mismatched_normalized_data[wrong_hash] PASSED
2026-10-04T12:55:54.9924484Z tests/test_legacy_backfill_resume.py::test_state_cannot_skip_missing_or_mismatched_normalized_data[wrong_row_count] PASSED
2026-10-04T12:55:55.0184904Z tests/test_legacy_backfill_resume.py::test_parser_version_resume_keeps_old_observations_and_does_not_reparse_current legacy checkpoint: 1 receipts persisted
2026-10-04T12:55:55.0196910Z PASSED
2026-10-04T12:55:55.0202520Z tests/test_legacy_backfill_resume.py::test_rate_limit_stops_replenishment_and_flushes_completed_work PASSED
2026-10-04T12:55:55.0214770Z tests/test_legacy_backfill_resume.py::test_request_budget_counts_every_attempt_and_deferred_is_not_source_gap PASSED
2026-10-04T12:55:55.0220160Z tests/test_legacy_backfill_resume.py::test_deadline_and_signal_stop_have_no_new_requests_and_flush_work PASSED
2026-10-04T12:55:55.0276412Z tests/test_legacy_backfill_resume.py::test_error_retry_quarantine_does_not_starve_other_receipts legacy checkpoint: 1 receipts persisted
2026-10-04T12:55:55.0398244Z legacy checkpoint: 1 receipts persisted
2026-10-04T12:55:55.0513900Z legacy checkpoint: 1 receipts persisted
2026-10-04T12:55:55.0806694Z PASSED
2026-10-04T12:55:55.1654853Z tests/test_legacy_backfill_resume.py::test_retry_count_survives_state_migration_and_mixed_empty_attempts FAILED
2026-10-04T12:55:55.1700587Z tests/test_legacy_backfill_resume.py::test_index_data_is_published_before_ok_state PASSED
2026-10-04T12:55:55.2119484Z tests/test_legacy_backfill_resume.py::test_collection_complete_requires_independent_audit_and_noop_preserves_bytes PASSED
2026-10-04T12:55:55.2123253Z tests/test_legacy_backfill_resume.py::test_error_diagnostics_never_persist_api_key PASSED
2026-10-04T12:55:55.2132668Z tests/test_legacy_backfill_resume.py::test_missing_key_does_not_overwrite_progress PASSED
2026-10-04T12:55:55.2159557Z tests/test_legacy_backfill_resume.py::test_index_rate_limit_blocks_following_document_requests PASSED
2026-10-04T12:55:55.2170503Z tests/test_legacy_backfill_resume.py::test_authentication_failure_stops_without_classifying_source_as_missing PASSED
2026-10-04T12:55:55.8452283Z tests/test_legacy_backfill_resume.py::test_real_saved_index_noop_preserves_mapped_queue_and_leading_zero_codes PASSED
2026-10-04T12:55:55.8547429Z tests/test_legacy_backfill_resume.py::test_append_preserves_all_old_numeric_tokens_and_missing_strings_verbatim PASSED
2026-10-04T12:55:55.8712519Z tests/test_legacy_backfill_resume.py::test_numeric_parser_change_preserves_transport_only_no_document_state legacy checkpoint: 1 receipts persisted
2026-10-04T12:55:55.8924146Z PASSED
2026-10-04T12:55:55.9371120Z tests/test_legacy_backfill_resume.py::test_source_adapter_change_invalidates_previous_no_document_result FAILED
2026-10-04T12:55:55.9508139Z tests/test_legacy_backfill_resume.py::test_initial_coverage_without_state_does_not_invent_completed_receipts PASSED
2026-10-04T12:55:55.9508531Z 
2026-10-04T12:55:55.9508670Z =================================== FAILURES ===================================
2026-10-04T12:55:55.9509055Z ______ test_retry_count_survives_state_migration_and_mixed_empty_attempts ______
2026-10-04T12:55:55.9509298Z 
2026-10-04T12:55:55.9509500Z store = PosixPath('/tmp/pytest-of-runner/pytest-0/test_retry_count_survives_stat0')
2026-10-04T12:55:55.9509845Z monkeypatch = <_pytest.monkeypatch.MonkeyPatch object at 0x7f541c99bf20>
2026-10-04T12:55:55.9510006Z 
2026-10-04T12:55:55.9510168Z     def test_retry_count_survives_state_migration_and_mixed_empty_attempts(store, monkeypatch):
2026-10-04T12:55:55.9510462Z         _, old = result(index(2).iloc[1], version="legacy-v3-book", status="ERROR")
2026-10-04T12:55:55.9510699Z         legacy.upsert_state(legacy.STATE_FILE, [old], "rcept_no")
2026-10-04T12:55:55.9510965Z         monkeypatch.setattr(legacy, "process_filing", lambda meta: result(meta, status="ERROR"))
2026-10-04T12:55:55.9511210Z         for _ in range(3):
2026-10-04T12:55:55.9511394Z >           legacy.process_pending(index(1), workers=1, control=control())
2026-10-04T12:55:55.9511537Z 
2026-10-04T12:55:55.9518906Z tests/test_legacy_backfill_resume.py:175: 
2026-10-04T12:55:55.9519184Z _ _ _ _ _ _ _ _ _ _ _ _ _ _ _ _ _ _ _ _ _ _ _ _ _ _ _ _ _ _ _ _ _ _ _ _ _ _ _ _ 
2026-10-04T12:55:55.9519508Z scripts/backfill_dart_legacy_2000_2014.py:876: in process_pending
2026-10-04T12:55:55.9519801Z     state = current_state()
2026-10-04T12:55:55.9519995Z             ^^^^^^^^^^^^^^^
2026-10-04T12:55:55.9520246Z scripts/backfill_dart_legacy_2000_2014.py:816: in current_state
2026-10-04T12:55:55.9520616Z     out.loc[mask, "source_diagnostic_version"] = DIAGNOSTIC_VERSION
2026-10-04T12:55:55.9520885Z     ^^^^^^^^^^^^^^^^^^^^^^^^^^^^^^^^^^^^^^^^^^
2026-10-04T12:55:55.9521315Z /opt/hostedtoolcache/Python/3.12.14/x64/lib/python3.12/site-packages/pandas/core/indexing.py:938: in __setitem__
2026-10-04T12:55:55.9521781Z     iloc._setitem_with_indexer(indexer, value, self.name)
2026-10-04T12:55:55.9522258Z /opt/hostedtoolcache/Python/3.12.14/x64/lib/python3.12/site-packages/pandas/core/indexing.py:1915: in _setitem_with_indexer
2026-10-04T12:55:55.9522749Z     self._setitem_new_column(indexer, key, value, name=name)
2026-10-04T12:55:55.9523059Z _ _ _ _ _ _ _ _ _ _ _ _ _ _ _ _ _ _ _ _ _ _ _ _ _ _ _ _ _ _ _ _ _ _ _ _ _ _ _ _ 
2026-10-04T12:55:55.9523257Z 
2026-10-04T12:55:55.9523630Z self = <pandas.core.indexing._iLocIndexer object at 0x7f541c9a8c80>
2026-10-04T12:55:55.9524138Z indexer = (array([], dtype=bool), {'key': 'source_diagnostic_version'})
2026-10-04T12:55:55.9524508Z key = 'source_diagnostic_version', value = 'legacy-document-quality-v1'
2026-10-04T12:55:55.9524805Z name = 'loc'
2026-10-04T12:55:55.9524932Z 
2026-10-04T12:55:55.9525049Z     def _setitem_new_column(self, indexer, key, value, name: str) -> None:
2026-10-04T12:55:55.9525240Z         """
2026-10-04T12:55:55.9525402Z         _setitem_with_indexer cases that can go through DataFrame.__setitem__.
2026-10-04T12:55:55.9525595Z         """
2026-10-04T12:55:55.9525710Z         # add the new item, and set the value
2026-10-04T12:55:55.9525880Z         # must have all defined axes if we have a scalar
2026-10-04T12:55:55.9526065Z         # or a list-like on the non-info axes if we have a
2026-10-04T12:55:55.9526224Z         # list-like
2026-10-04T12:55:55.9526342Z         if not len(self.obj):
2026-10-04T12:55:55.9526487Z             if not is_list_like_indexer(value):
2026-10-04T12:55:55.9526645Z >               raise ValueError(
2026-10-04T12:55:55.9526817Z                     "cannot set a frame with no defined index and a scalar"
2026-10-04T12:55:55.9526989Z                 )
2026-10-04T12:55:55.9527306Z E               ValueError: cannot set a frame with no defined index and a scalar
2026-10-04T12:55:55.9527451Z 
2026-10-04T12:55:55.9527622Z /opt/hostedtoolcache/Python/3.12.14/x64/lib/python3.12/site-packages/pandas/core/indexing.py:1849: ValueError
2026-10-04T12:55:55.9527944Z ______ test_source_adapter_change_invalidates_previous_no_document_result ______
2026-10-04T12:55:55.9528105Z 
2026-10-04T12:55:55.9528227Z store = PosixPath('/tmp/pytest-of-runner/pytest-0/test_source_adapter_change_inv0')
2026-10-04T12:55:55.9528502Z monkeypatch = <_pytest.monkeypatch.MonkeyPatch object at 0x7f541c9dca70>
2026-10-04T12:55:55.9528656Z 
2026-10-04T12:55:55.9528799Z     def test_source_adapter_change_invalidates_previous_no_document_result(store, monkeypatch):
2026-10-04T12:55:55.9529109Z         _, state = result(index(1).iloc[0], version="legacy-v4-book", status="NO_DOCUMENT")
2026-10-04T12:55:55.9529357Z         legacy.upsert_state(legacy.STATE_FILE, [state], "rcept_no")
2026-10-04T12:55:55.9529586Z         monkeypatch.setattr(legacy, "SOURCE_VERSION", "source-v2-test")
2026-10-04T12:55:55.9529828Z >       pending, _ = legacy.pending_receipts(index(1), legacy.current_state())
2026-10-04T12:55:55.9530041Z                                                        ^^^^^^^^^^^^^^^^^^^^^^
2026-10-04T12:55:55.9530157Z 
2026-10-04T12:55:55.9530219Z tests/test_legacy_backfill_resume.py:300: 
2026-10-04T12:55:55.9530397Z _ _ _ _ _ _ _ _ _ _ _ _ _ _ _ _ _ _ _ _ _ _ _ _ _ _ _ _ _ _ _ _ _ _ _ _ _ _ _ _ 
2026-10-04T12:55:55.9530606Z scripts/backfill_dart_legacy_2000_2014.py:816: in current_state
2026-10-04T12:55:55.9530825Z     out.loc[mask, "source_diagnostic_version"] = DIAGNOSTIC_VERSION
2026-10-04T12:55:55.9531009Z     ^^^^^^^^^^^^^^^^^^^^^^^^^^^^^^^^^^^^^^^^^^
2026-10-04T12:55:55.9531273Z /opt/hostedtoolcache/Python/3.12.14/x64/lib/python3.12/site-packages/pandas/core/indexing.py:938: in __setitem__
2026-10-04T12:55:55.9531568Z     iloc._setitem_with_indexer(indexer, value, self.name)
2026-10-04T12:55:55.9531872Z /opt/hostedtoolcache/Python/3.12.14/x64/lib/python3.12/site-packages/pandas/core/indexing.py:1915: in _setitem_with_indexer
2026-10-04T12:55:55.9532184Z     self._setitem_new_column(indexer, key, value, name=name)
2026-10-04T12:55:55.9532381Z _ _ _ _ _ _ _ _ _ _ _ _ _ _ _ _ _ _ _ _ _ _ _ _ _ _ _ _ _ _ _ _ _ _ _ _ _ _ _ _ 
2026-10-04T12:55:55.9532501Z 
2026-10-04T12:55:55.9532597Z self = <pandas.core.indexing._iLocIndexer object at 0x7f541a681360>
2026-10-04T12:55:55.9532826Z indexer = (array([], dtype=bool), {'key': 'source_diagnostic_version'})
2026-10-04T12:55:55.9533063Z key = 'source_diagnostic_version', value = 'legacy-document-quality-v1'
2026-10-04T12:55:55.9533250Z name = 'loc'
2026-10-04T12:55:55.9533315Z 
2026-10-04T12:55:55.9533509Z     def _setitem_new_column(self, indexer, key, value, name: str) -> None:
2026-10-04T12:55:55.9533772Z         """
2026-10-04T12:55:55.9533931Z         _setitem_with_indexer cases that can go through DataFrame.__setitem__.
2026-10-04T12:55:55.9534122Z         """
2026-10-04T12:55:55.9534234Z         # add the new item, and set the value
2026-10-04T12:55:55.9534405Z         # must have all defined axes if we have a scalar
2026-10-04T12:55:55.9534585Z         # or a list-like on the non-info axes if we have a
2026-10-04T12:55:55.9534741Z         # list-like
2026-10-04T12:55:55.9534856Z         if not len(self.obj):
2026-10-04T12:55:55.9534996Z             if not is_list_like_indexer(value):
2026-10-04T12:55:55.9535146Z >               raise ValueError(
2026-10-04T12:55:55.9535313Z                     "cannot set a frame with no defined index and a scalar"
2026-10-04T12:55:55.9535506Z                 )
2026-10-04T12:55:55.9535668Z E               ValueError: cannot set a frame with no defined index and a scalar
2026-10-04T12:55:55.9535814Z 
2026-10-04T12:55:55.9535989Z /opt/hostedtoolcache/Python/3.12.14/x64/lib/python3.12/site-packages/pandas/core/indexing.py:1849: ValueError
2026-10-04T12:55:55.9536275Z =========================== short test summary info ============================
2026-10-04T12:55:55.9536691Z FAILED tests/test_legacy_backfill_resume.py::test_retry_count_survives_state_migration_and_mixed_empty_attempts - ValueError: cannot set a frame with no defined index and a scalar
2026-10-04T12:55:55.9537478Z FAILED tests/test_legacy_backfill_resume.py::test_source_adapter_change_invalidates_previous_no_document_result - ValueError: cannot set a frame with no defined index and a scalar
2026-10-04T12:55:55.9537881Z ========================= 2 failed, 20 passed in 1.31s =========================
2026-10-04T12:55:56.0412569Z ##[error]Process completed with exit code 1.
2026-10-04T12:55:56.0520464Z ##[group]Run actions/upload-artifact@v4
2026-10-04T12:55:56.0520621Z with:
2026-10-04T12:55:56.0520744Z   name: legacy-primary-72-recheck
2026-10-04T12:55:56.0520926Z   path: /home/runner/work/_temp/legacy-primary-72-recheck
2026-10-04T12:55:56.0521107Z   if-no-files-found: error
2026-10-04T12:55:56.0521233Z   retention-days: 90
2026-10-04T12:55:56.0521350Z   compression-level: 6
2026-10-04T12:55:56.0521464Z   overwrite: false
2026-10-04T12:55:56.0521578Z   include-hidden-files: false
2026-10-04T12:55:56.0521706Z env:
2026-10-04T12:55:56.0521840Z   pythonLocation: /opt/hostedtoolcache/Python/3.12.14/x64
2026-10-04T12:55:56.0522061Z   PKG_CONFIG_PATH: /opt/hostedtoolcache/Python/3.12.14/x64/lib/pkgconfig
2026-10-04T12:55:56.0522286Z   Python_ROOT_DIR: /opt/hostedtoolcache/Python/3.12.14/x64
2026-10-04T12:55:56.0522486Z   Python2_ROOT_DIR: /opt/hostedtoolcache/Python/3.12.14/x64
2026-10-04T12:55:56.0522684Z   Python3_ROOT_DIR: /opt/hostedtoolcache/Python/3.12.14/x64
2026-10-04T12:55:56.0522909Z   LD_LIBRARY_PATH: /opt/hostedtoolcache/Python/3.12.14/x64/lib
2026-10-04T12:55:56.0523079Z ##[endgroup]
2026-10-04T12:55:56.1559893Z (node:2198) [DEP0040] DeprecationWarning: The `punycode` module is deprecated. Please use a userland alternative instead.
2026-10-04T12:55:56.1560331Z (Use `node --trace-deprecation ...` to show where the warning was created)
2026-10-04T12:55:56.1580049Z ##[error]No files were found with the provided path: /home/runner/work/_temp/legacy-primary-72-recheck. No artifacts will be uploaded.
2026-10-04T12:55:56.1740323Z ##[group]Run actions/upload-artifact@v4
2026-10-04T12:55:56.1740489Z with:
2026-10-04T12:55:56.1740609Z   name: legacy-staging-46-audit
2026-10-04T12:55:56.1740776Z   path: /home/runner/work/_temp/legacy-staging-46-audit
2026-10-04T12:55:56.1740954Z   if-no-files-found: error
2026-10-04T12:55:56.1741083Z   retention-days: 90
2026-10-04T12:55:56.1741202Z   compression-level: 6
2026-10-04T12:55:56.1741324Z   overwrite: false
2026-10-04T12:55:56.1741468Z   include-hidden-files: false
2026-10-04T12:55:56.1741599Z env:
2026-10-04T12:55:56.1741740Z   pythonLocation: /opt/hostedtoolcache/Python/3.12.14/x64
2026-10-04T12:55:56.1741971Z   PKG_CONFIG_PATH: /opt/hostedtoolcache/Python/3.12.14/x64/lib/pkgconfig
2026-10-04T12:55:56.1742332Z   Python_ROOT_DIR: /opt/hostedtoolcache/Python/3.12.14/x64
2026-10-04T12:55:56.1742537Z   Python2_ROOT_DIR: /opt/hostedtoolcache/Python/3.12.14/x64
2026-10-04T12:55:56.1742745Z   Python3_ROOT_DIR: /opt/hostedtoolcache/Python/3.12.14/x64
2026-10-04T12:55:56.1742990Z   LD_LIBRARY_PATH: /opt/hostedtoolcache/Python/3.12.14/x64/lib
2026-10-04T12:55:56.1743166Z ##[endgroup]
2026-10-04T12:55:56.2851798Z (node:2210) [DEP0040] DeprecationWarning: The `punycode` module is deprecated. Please use a userland alternative instead.
2026-10-04T12:55:56.2852445Z (Use `node --trace-deprecation ...` to show where the warning was created)
2026-10-04T12:55:56.2863687Z ##[error]No files were found with the provided path: /home/runner/work/_temp/legacy-staging-46-audit. No artifacts will be uploaded.
2026-10-04T12:55:56.3052732Z Post job cleanup.
2026-10-04T12:55:56.3606343Z [command]/usr/bin/git version
2026-10-04T12:55:56.3641016Z git version 2.55.0
2026-10-04T12:55:56.3666364Z Temporarily overriding HOME='/home/runner/work/_temp/3c782990-fdb1-498a-80cf-d9eab5e8effb' before making global git config changes
2026-10-04T12:55:56.3666890Z Adding repository directory to the temporary git global config as a safe directory
2026-10-04T12:55:56.3670222Z [command]/usr/bin/git config --global --add safe.directory /home/runner/work/quant-marcap-runner/quant-marcap-runner
2026-10-04T12:55:56.3702597Z [command]/usr/bin/git config --local --name-only --get-regexp core\.sshCommand
2026-10-04T12:55:56.3729756Z [command]/usr/bin/git submodule foreach --recursive sh -c "git config --local --name-only --get-regexp 'core\.sshCommand' && git config --local --unset-all 'core.sshCommand' || :"
2026-10-04T12:55:56.3928870Z [command]/usr/bin/git config --local --name-only --get-regexp http\.https\:\/\/github\.com\/\.extraheader
2026-10-04T12:55:56.3951559Z http.https://github.com/.extraheader
2026-10-04T12:55:56.3959597Z [command]/usr/bin/git config --local --unset-all http.https://github.com/.extraheader
2026-10-04T12:55:56.3994310Z [command]/usr/bin/git submodule foreach --recursive sh -c "git config --local --name-only --get-regexp 'http\.https\:\/\/github\.com\/\.extraheader' && git config --local --unset-all 'http.https://github.com/.extraheader' || :"
2026-10-04T12:55:56.4190711Z [command]/usr/bin/git config --local --name-only --get-regexp ^includeIf\.gitdir:
2026-10-04T12:55:56.4220097Z [command]/usr/bin/git submodule foreach --recursive git config --local --show-origin --name-only --get-regexp remote.origin.url
2026-10-04T12:55:56.4500677Z Cleaning up orphan processes
2026-10-04T12:55:56.4719329Z ##[warning]Node.js 20 is deprecated. The following actions target Node.js 20 but are being forced to run on Node.js 24: actions/checkout@v4, actions/setup-python@v5, actions/upload-artifact@v4. For more information see: https://github.blog/changelog/2025-09-19-deprecation-of-node-20-on-github-actions-runners/
