2026-10-04T15:19:38.2814882Z Current runner version: '2.337.0'
2026-10-04T15:19:38.2841443Z ##[group]Runner Image Provisioner
2026-10-04T15:19:38.2842797Z Hosted Compute Agent
2026-10-04T15:19:38.2843476Z Version: 20260901.588
2026-10-04T15:19:38.2844123Z Commit: f88ec8081b781fac6c440065ac7ff9e710ce3d0b
2026-10-04T15:19:38.2844898Z Build Date: 2026-09-01T19:56:44Z
2026-10-04T15:19:38.2845615Z Worker ID: {8f2f6de6-152f-4f81-80b7-3ad0cd7ada0f}
2026-10-04T15:19:38.2846696Z Azure Region: centralus
2026-10-04T15:19:38.2847476Z ##[endgroup]
2026-10-04T15:19:38.2849357Z ##[group]Operating System
2026-10-04T15:19:38.2850069Z Ubuntu
2026-10-04T15:19:38.2850606Z 24.04.5
2026-10-04T15:19:38.2851203Z LTS
2026-10-04T15:19:38.2851801Z ##[endgroup]
2026-10-04T15:19:38.2852355Z ##[group]Runner Image
2026-10-04T15:19:38.2853003Z Image: ubuntu-24.04
2026-10-04T15:19:38.2853590Z Version: 20260927.320.1
2026-10-04T15:19:38.2854922Z Included Software: https://github.com/actions/runner-images/blob/ubuntu24/20260927.320/images/ubuntu/Ubuntu2404-Readme.md
2026-10-04T15:19:38.2856695Z Image Release: https://github.com/actions/runner-images/releases/tag/ubuntu24%2F20260927.320
2026-10-04T15:19:38.2857740Z ##[endgroup]
2026-10-04T15:19:38.2859030Z ##[group]GITHUB_TOKEN Permissions
2026-10-04T15:19:38.2861295Z Contents: read
2026-10-04T15:19:38.2861933Z Metadata: read
2026-10-04T15:19:38.2862502Z Packages: read
2026-10-04T15:19:38.2863113Z ##[endgroup]
2026-10-04T15:19:38.2865244Z Secret source: Actions
2026-10-04T15:19:38.2866313Z Cache mode: write
2026-10-04T15:19:38.2867488Z Prepare workflow directory
2026-10-04T15:19:38.3229399Z Prepare all required actions
2026-10-04T15:19:38.3281292Z Getting action download info
2026-10-04T15:19:38.6315962Z Download action repository 'actions/checkout@v4' (SHA:11d5960a326750d5838078e36cf38b85af677262)
2026-10-04T15:19:38.7349331Z Download action repository 'actions/setup-python@v5' (SHA:a26af69be951a213d495a4c3e4e4022e16d87065)
2026-10-04T15:19:38.8153499Z Download action repository 'actions/upload-artifact@v4' (SHA:ea165f8d65b6e75b540449e92b4886f43607fa02)
2026-10-04T15:19:39.0359166Z Complete job name: validate
2026-10-04T15:19:39.1259355Z ##[group]Run actions/checkout@v4
2026-10-04T15:19:39.1260314Z with:
2026-10-04T15:19:39.1260839Z   repository: Horororong/quant-marcap-runner
2026-10-04T15:19:39.1265705Z   token: ***
2026-10-04T15:19:39.1266151Z   ssh-strict: true
2026-10-04T15:19:39.1266797Z   ssh-user: git
2026-10-04T15:19:39.1267243Z   persist-credentials: true
2026-10-04T15:19:39.1267739Z   clean: true
2026-10-04T15:19:39.1268186Z   sparse-checkout-cone-mode: true
2026-10-04T15:19:39.1268711Z   fetch-depth: 1
2026-10-04T15:19:39.1269154Z   fetch-tags: false
2026-10-04T15:19:39.1269597Z   show-progress: true
2026-10-04T15:19:39.1270056Z   lfs: false
2026-10-04T15:19:39.1270470Z   submodules: false
2026-10-04T15:19:39.1270942Z   set-safe-directory: true
2026-10-04T15:19:39.1271455Z   allow-unsafe-pr-checkout: false
2026-10-04T15:19:39.1272315Z ##[endgroup]
2026-10-04T15:19:39.2329275Z Syncing repository: Horororong/quant-marcap-runner
2026-10-04T15:19:39.2332240Z ##[group]Getting Git version info
2026-10-04T15:19:39.2333713Z Working directory is '/home/runner/work/quant-marcap-runner/quant-marcap-runner'
2026-10-04T15:19:39.2335726Z [command]/usr/bin/git version
2026-10-04T15:19:39.2448793Z git version 2.55.0
2026-10-04T15:19:39.2455926Z ##[endgroup]
2026-10-04T15:19:39.2486914Z Temporarily overriding HOME='/home/runner/work/_temp/a95e74f7-25fc-4a8b-b2fa-ac1002993f10' before making global git config changes
2026-10-04T15:19:39.2489505Z Adding repository directory to the temporary git global config as a safe directory
2026-10-04T15:19:39.2510974Z [command]/usr/bin/git config --global --add safe.directory /home/runner/work/quant-marcap-runner/quant-marcap-runner
2026-10-04T15:19:39.2569960Z Deleting the contents of '/home/runner/work/quant-marcap-runner/quant-marcap-runner'
2026-10-04T15:19:39.2576296Z ##[group]Initializing the repository
2026-10-04T15:19:39.2582469Z [command]/usr/bin/git init /home/runner/work/quant-marcap-runner/quant-marcap-runner
2026-10-04T15:19:39.2701858Z hint: Using 'master' as the name for the initial branch. This default branch name
2026-10-04T15:19:39.2704337Z hint: will change to "main" in Git 3.0. To configure the initial branch name
2026-10-04T15:19:39.2706300Z hint: to use in all of your new repositories, which will suppress this warning,
2026-10-04T15:19:39.2707967Z hint: call:
2026-10-04T15:19:39.2709176Z hint:
2026-10-04T15:19:39.2710191Z hint: 	git config --global init.defaultBranch <name>
2026-10-04T15:19:39.2711461Z hint:
2026-10-04T15:19:39.2712635Z hint: Names commonly chosen instead of 'master' are 'main', 'trunk' and
2026-10-04T15:19:39.2714390Z hint: 'development'. The just-created branch can be renamed via this command:
2026-10-04T15:19:39.2717033Z hint:
2026-10-04T15:19:39.2718000Z hint: 	git branch -m <name>
2026-10-04T15:19:39.2718943Z hint:
2026-10-04T15:19:39.2720125Z hint: Disable this message with "git config set advice.defaultBranchName false"
2026-10-04T15:19:39.2722628Z Initialized empty Git repository in /home/runner/work/quant-marcap-runner/quant-marcap-runner/.git/
2026-10-04T15:19:39.2726748Z [command]/usr/bin/git remote add origin https://github.com/Horororong/quant-marcap-runner
2026-10-04T15:19:39.2781472Z ##[endgroup]
2026-10-04T15:19:39.2782744Z ##[group]Disabling automatic garbage collection
2026-10-04T15:19:39.2785653Z [command]/usr/bin/git config --local gc.auto 0
2026-10-04T15:19:39.2823925Z ##[endgroup]
2026-10-04T15:19:39.2825152Z ##[group]Setting up auth
2026-10-04T15:19:39.2841799Z [command]/usr/bin/git config --local --name-only --get-regexp core\.sshCommand
2026-10-04T15:19:39.2888385Z [command]/usr/bin/git submodule foreach --recursive sh -c "git config --local --name-only --get-regexp 'core\.sshCommand' && git config --local --unset-all 'core.sshCommand' || :"
2026-10-04T15:19:39.3381950Z [command]/usr/bin/git config --local --name-only --get-regexp http\.https\:\/\/github\.com\/\.extraheader
2026-10-04T15:19:39.3447461Z [command]/usr/bin/git submodule foreach --recursive sh -c "git config --local --name-only --get-regexp 'http\.https\:\/\/github\.com\/\.extraheader' && git config --local --unset-all 'http.https://github.com/.extraheader' || :"
2026-10-04T15:19:39.3727684Z [command]/usr/bin/git config --local --name-only --get-regexp ^includeIf\.gitdir:
2026-10-04T15:19:39.3767102Z [command]/usr/bin/git submodule foreach --recursive git config --local --show-origin --name-only --get-regexp remote.origin.url
2026-10-04T15:19:39.4012167Z [command]/usr/bin/git config --local http.https://github.com/.extraheader AUTHORIZATION: basic ***
2026-10-04T15:19:39.4054910Z ##[endgroup]
2026-10-04T15:19:39.4055788Z ##[group]Fetching the repository
2026-10-04T15:19:39.4065481Z [command]/usr/bin/git -c protocol.version=2 fetch --no-tags --prune --no-recurse-submodules --depth=1 origin +c5231009602f599cf4ee2d17ceaf81fd2860414b:refs/remotes/origin/audit/sourcegap-production-evidence-20261004
2026-10-04T15:20:40.4178250Z From https://github.com/Horororong/quant-marcap-runner
2026-10-04T15:20:40.4192136Z  * [new ref]         c5231009602f599cf4ee2d17ceaf81fd2860414b -> origin/audit/sourcegap-production-evidence-20261004
2026-10-04T15:20:40.4195039Z ##[endgroup]
2026-10-04T15:20:40.4195922Z ##[group]Determining the checkout info
2026-10-04T15:20:40.4197093Z ##[endgroup]
2026-10-04T15:20:40.4197712Z [command]/usr/bin/git sparse-checkout disable
2026-10-04T15:20:40.4249814Z [command]/usr/bin/git config --local --unset-all extensions.worktreeConfig
2026-10-04T15:20:40.4291113Z ##[group]Checking out the ref
2026-10-04T15:20:40.4297112Z [command]/usr/bin/git checkout --progress --force -B audit/sourcegap-production-evidence-20261004 refs/remotes/origin/audit/sourcegap-production-evidence-20261004
2026-10-04T15:20:41.5043008Z Updating files:  33% (391/1181)
2026-10-04T15:20:41.5536138Z Updating files:  34% (402/1181)
2026-10-04T15:20:41.7319654Z Updating files:  35% (414/1181)
2026-10-04T15:20:42.4699188Z Updating files:  36% (426/1181)
2026-10-04T15:20:43.4461872Z Updating files:  37% (437/1181)
2026-10-04T15:20:43.5473811Z Updating files:  37% (448/1181)
2026-10-04T15:20:44.3431379Z Updating files:  38% (449/1181)
2026-10-04T15:20:44.3555699Z Updating files:  39% (461/1181)
2026-10-04T15:20:44.3994219Z Updating files:  40% (473/1181)
2026-10-04T15:20:44.4000963Z Updating files:  41% (485/1181)
2026-10-04T15:20:44.4008705Z Updating files:  42% (497/1181)
2026-10-04T15:20:44.4024111Z Updating files:  43% (508/1181)
2026-10-04T15:20:44.4038451Z Updating files:  44% (520/1181)
2026-10-04T15:20:44.4067230Z Updating files:  45% (532/1181)
2026-10-04T15:20:44.4067900Z Updating files:  46% (544/1181)
2026-10-04T15:20:44.4107245Z Updating files:  47% (556/1181)
2026-10-04T15:20:44.4107775Z Updating files:  48% (567/1181)
2026-10-04T15:20:44.4127227Z Updating files:  49% (579/1181)
2026-10-04T15:20:44.4127755Z Updating files:  50% (591/1181)
2026-10-04T15:20:44.4147376Z Updating files:  51% (603/1181)
2026-10-04T15:20:44.4220119Z Updating files:  52% (615/1181)
2026-10-04T15:20:44.4235703Z Updating files:  53% (626/1181)
2026-10-04T15:20:44.4236268Z Updating files:  54% (638/1181)
2026-10-04T15:20:44.4237050Z Updating files:  55% (650/1181)
2026-10-04T15:20:44.4237532Z Updating files:  56% (662/1181)
2026-10-04T15:20:44.4237969Z Updating files:  57% (674/1181)
2026-10-04T15:20:44.4238983Z Updating files:  58% (685/1181)
2026-10-04T15:20:44.4239402Z Updating files:  59% (697/1181)
2026-10-04T15:20:44.4239811Z Updating files:  60% (709/1181)
2026-10-04T15:20:44.4240227Z Updating files:  61% (721/1181)
2026-10-04T15:20:44.4257257Z Updating files:  62% (733/1181)
2026-10-04T15:20:44.4268954Z Updating files:  63% (745/1181)
2026-10-04T15:20:44.4517379Z Updating files:  64% (756/1181)
2026-10-04T15:20:44.4524422Z Updating files:  64% (762/1181)
2026-10-04T15:20:44.5081162Z Updating files:  65% (768/1181)
2026-10-04T15:20:44.5174338Z Updating files:  66% (780/1181)
2026-10-04T15:20:44.5278810Z Updating files:  67% (792/1181)
2026-10-04T15:20:44.5309793Z Updating files:  68% (804/1181)
2026-10-04T15:20:44.5356026Z Updating files:  69% (815/1181)
2026-10-04T15:20:44.5370583Z Updating files:  70% (827/1181)
2026-10-04T15:20:44.5425521Z Updating files:  71% (839/1181)
2026-10-04T15:20:44.5473803Z Updating files:  72% (851/1181)
2026-10-04T15:20:44.5494768Z Updating files:  73% (863/1181)
2026-10-04T15:20:44.5518996Z Updating files:  74% (874/1181)
2026-10-04T15:20:44.5564163Z Updating files:  75% (886/1181)
2026-10-04T15:20:44.5577096Z Updating files:  76% (898/1181)
2026-10-04T15:20:44.5612623Z Updating files:  77% (910/1181)
2026-10-04T15:20:44.5652623Z Updating files:  78% (922/1181)
2026-10-04T15:20:44.5715166Z Updating files:  79% (933/1181)
2026-10-04T15:20:44.6381359Z Updating files:  80% (945/1181)
2026-10-04T15:20:44.6409001Z Updating files:  81% (957/1181)
2026-10-04T15:20:44.6457855Z Updating files:  82% (969/1181)
2026-10-04T15:20:44.6484690Z Updating files:  83% (981/1181)
2026-10-04T15:20:44.6500503Z Updating files:  84% (993/1181)
2026-10-04T15:20:44.6515168Z Updating files:  85% (1004/1181)
2026-10-04T15:20:44.6533329Z Updating files:  86% (1016/1181)
2026-10-04T15:20:44.6545660Z Updating files:  87% (1028/1181)
2026-10-04T15:20:44.6559519Z Updating files:  88% (1040/1181)
2026-10-04T15:20:44.6571626Z Updating files:  89% (1052/1181)
2026-10-04T15:20:44.6601689Z Updating files:  90% (1063/1181)
2026-10-04T15:20:44.6614295Z Updating files:  91% (1075/1181)
2026-10-04T15:20:44.6630645Z Updating files:  92% (1087/1181)
2026-10-04T15:20:44.6641784Z Updating files:  93% (1099/1181)
2026-10-04T15:20:44.6653721Z Updating files:  94% (1111/1181)
2026-10-04T15:20:44.6672402Z Updating files:  95% (1122/1181)
2026-10-04T15:20:44.6695102Z Updating files:  96% (1134/1181)
2026-10-04T15:20:44.6711918Z Updating files:  97% (1146/1181)
2026-10-04T15:20:44.6719687Z Updating files:  98% (1158/1181)
2026-10-04T15:20:44.6727334Z Updating files:  99% (1170/1181)
2026-10-04T15:20:44.6728083Z Updating files: 100% (1181/1181)
2026-10-04T15:20:44.6728824Z Updating files: 100% (1181/1181), done.
2026-10-04T15:20:44.6759982Z Switched to a new branch 'audit/sourcegap-production-evidence-20261004'
2026-10-04T15:20:44.6763019Z branch 'audit/sourcegap-production-evidence-20261004' set up to track 'origin/audit/sourcegap-production-evidence-20261004'.
2026-10-04T15:20:44.6923137Z ##[endgroup]
2026-10-04T15:20:44.6985459Z [command]/usr/bin/git log -1 --format=%H
2026-10-04T15:20:44.7015810Z c5231009602f599cf4ee2d17ceaf81fd2860414b
2026-10-04T15:20:44.7304223Z ##[group]Run actions/setup-python@v5
2026-10-04T15:20:44.7304540Z with:
2026-10-04T15:20:44.7304740Z   python-version: 3.12
2026-10-04T15:20:44.7304983Z   check-latest: false
2026-10-04T15:20:44.7307794Z   token: ***
2026-10-04T15:20:44.7308028Z   update-environment: true
2026-10-04T15:20:44.7308277Z   allow-prereleases: false
2026-10-04T15:20:44.7308506Z   freethreaded: false
2026-10-04T15:20:44.7308722Z ##[endgroup]
2026-10-04T15:20:44.8660687Z ##[group]Installed versions
2026-10-04T15:20:44.8742704Z (node:2343) [DEP0040] DeprecationWarning: The `punycode` module is deprecated. Please use a userland alternative instead.
2026-10-04T15:20:44.8743914Z (Use `node --trace-deprecation ...` to show where the warning was created)
2026-10-04T15:20:44.8744668Z Successfully set up CPython (3.12.14)
2026-10-04T15:20:44.8745493Z ##[endgroup]
2026-10-04T15:20:44.8904530Z ##[group]Run pip install pandas requests beautifulsoup4 lxml pytest pyyaml
2026-10-04T15:20:44.8905161Z [36;1mpip install pandas requests beautifulsoup4 lxml pytest pyyaml[0m
2026-10-04T15:20:44.9205083Z shell: /usr/bin/bash -e {0}
2026-10-04T15:20:44.9205403Z env:
2026-10-04T15:20:44.9205696Z   pythonLocation: /opt/hostedtoolcache/Python/3.12.14/x64
2026-10-04T15:20:44.9206179Z   PKG_CONFIG_PATH: /opt/hostedtoolcache/Python/3.12.14/x64/lib/pkgconfig
2026-10-04T15:20:44.9206848Z   Python_ROOT_DIR: /opt/hostedtoolcache/Python/3.12.14/x64
2026-10-04T15:20:44.9207247Z   Python2_ROOT_DIR: /opt/hostedtoolcache/Python/3.12.14/x64
2026-10-04T15:20:44.9207652Z   Python3_ROOT_DIR: /opt/hostedtoolcache/Python/3.12.14/x64
2026-10-04T15:20:44.9208059Z   LD_LIBRARY_PATH: /opt/hostedtoolcache/Python/3.12.14/x64/lib
2026-10-04T15:20:44.9208419Z ##[endgroup]
2026-10-04T15:20:45.9422557Z Collecting pandas
2026-10-04T15:20:46.0180529Z   Downloading pandas-3.0.6-cp312-cp312-manylinux_2_24_x86_64.manylinux_2_28_x86_64.whl.metadata (79 kB)
2026-10-04T15:20:46.1069752Z Collecting requests
2026-10-04T15:20:46.1174565Z   Downloading requests-2.34.2-py3-none-any.whl.metadata (4.8 kB)
2026-10-04T15:20:46.1477872Z Collecting beautifulsoup4
2026-10-04T15:20:46.1587468Z   Downloading beautifulsoup4-4.15.0-py3-none-any.whl.metadata (3.8 kB)
2026-10-04T15:20:46.4611632Z Collecting lxml
2026-10-04T15:20:46.4718614Z   Downloading lxml-6.1.3-cp312-cp312-manylinux_2_26_x86_64.manylinux_2_28_x86_64.whl.metadata (3.3 kB)
2026-10-04T15:20:46.5182378Z Collecting pytest
2026-10-04T15:20:46.5293203Z   Downloading pytest-9.1.1-py3-none-any.whl.metadata (7.6 kB)
2026-10-04T15:20:46.5810742Z Collecting pyyaml
2026-10-04T15:20:46.5921598Z   Downloading pyyaml-6.0.3-cp312-cp312-manylinux2014_x86_64.manylinux_2_17_x86_64.manylinux_2_28_x86_64.whl.metadata (2.4 kB)
2026-10-04T15:20:46.8307801Z Collecting numpy>=1.26.0 (from pandas)
2026-10-04T15:20:46.8415431Z   Downloading numpy-2.5.3-cp312-cp312-manylinux_2_27_x86_64.manylinux_2_28_x86_64.whl.metadata (6.6 kB)
2026-10-04T15:20:46.8674853Z Collecting python-dateutil>=2.8.2 (from pandas)
2026-10-04T15:20:46.8778634Z   Downloading python_dateutil-2.9.0.post0-py2.py3-none-any.whl.metadata (8.4 kB)
2026-10-04T15:20:47.0263872Z Collecting charset_normalizer<4,>=2 (from requests)
2026-10-04T15:20:47.0372059Z   Downloading charset_normalizer-3.5.2-cp312-cp312-manylinux2014_x86_64.manylinux_2_17_x86_64.manylinux_2_28_x86_64.whl.metadata (46 kB)
2026-10-04T15:20:47.0690742Z Collecting idna<4,>=2.5 (from requests)
2026-10-04T15:20:47.0793746Z   Downloading idna-3.20-py3-none-any.whl.metadata (7.2 kB)
2026-10-04T15:20:47.1136788Z Collecting urllib3<3,>=1.26 (from requests)
2026-10-04T15:20:47.1243640Z   Downloading urllib3-2.8.0-py3-none-any.whl.metadata (7.4 kB)
2026-10-04T15:20:47.1550859Z Collecting certifi>=2023.5.7 (from requests)
2026-10-04T15:20:47.1663634Z   Downloading certifi-2026.7.22-py3-none-any.whl.metadata (2.5 kB)
2026-10-04T15:20:47.1975169Z Collecting soupsieve>=1.6.1 (from beautifulsoup4)
2026-10-04T15:20:47.2231015Z   Downloading soupsieve-2.10-py3-none-any.whl.metadata (4.4 kB)
2026-10-04T15:20:47.2520521Z Collecting typing-extensions>=4.0.0 (from beautifulsoup4)
2026-10-04T15:20:47.2623429Z   Downloading typing_extensions-4.16.0-py3-none-any.whl.metadata (3.3 kB)
2026-10-04T15:20:47.2853033Z Collecting iniconfig>=1.0.1 (from pytest)
2026-10-04T15:20:47.2954241Z   Downloading iniconfig-2.3.0-py3-none-any.whl.metadata (2.5 kB)
2026-10-04T15:20:47.3223271Z Collecting packaging>=22 (from pytest)
2026-10-04T15:20:47.3325110Z   Downloading packaging-26.3-py3-none-any.whl.metadata (3.5 kB)
2026-10-04T15:20:47.3561705Z Collecting pluggy<2,>=1.5 (from pytest)
2026-10-04T15:20:47.3665797Z   Downloading pluggy-1.6.0-py3-none-any.whl.metadata (4.8 kB)
2026-10-04T15:20:47.3964290Z Collecting pygments>=2.7.2 (from pytest)
2026-10-04T15:20:47.4069319Z   Downloading pygments-2.21.0-py3-none-any.whl.metadata (2.5 kB)
2026-10-04T15:20:47.4341184Z Collecting six>=1.5 (from python-dateutil>=2.8.2->pandas)
2026-10-04T15:20:47.4445674Z   Downloading six-1.17.0-py2.py3-none-any.whl.metadata (1.7 kB)
2026-10-04T15:20:47.4596093Z Downloading pandas-3.0.6-cp312-cp312-manylinux_2_24_x86_64.manylinux_2_28_x86_64.whl (10.8 MB)
2026-10-04T15:20:47.8568030Z    ━━━━━━━━━━━━━━━━━━━━━━━━━━━━━━━━━━━━━━━━ 10.8/10.8 MB 28.8 MB/s  0:00:00
2026-10-04T15:20:47.8677151Z Downloading requests-2.34.2-py3-none-any.whl (73 kB)
2026-10-04T15:20:47.8811867Z Downloading charset_normalizer-3.5.2-cp312-cp312-manylinux2014_x86_64.manylinux_2_17_x86_64.manylinux_2_28_x86_64.whl (257 kB)
2026-10-04T15:20:47.8963473Z Downloading idna-3.20-py3-none-any.whl (69 kB)
2026-10-04T15:20:47.9106904Z Downloading urllib3-2.8.0-py3-none-any.whl (135 kB)
2026-10-04T15:20:47.9234121Z Downloading beautifulsoup4-4.15.0-py3-none-any.whl (109 kB)
2026-10-04T15:20:47.9366117Z Downloading lxml-6.1.3-cp312-cp312-manylinux_2_26_x86_64.manylinux_2_28_x86_64.whl (5.2 MB)
2026-10-04T15:20:48.0082487Z    ━━━━━━━━━━━━━━━━━━━━━━━━━━━━━━━━━━━━━━━━ 5.2/5.2 MB 73.6 MB/s  0:00:00
2026-10-04T15:20:48.0193048Z Downloading pytest-9.1.1-py3-none-any.whl (386 kB)
2026-10-04T15:20:48.0371821Z Downloading pluggy-1.6.0-py3-none-any.whl (20 kB)
2026-10-04T15:20:48.0508265Z Downloading pyyaml-6.0.3-cp312-cp312-manylinux2014_x86_64.manylinux_2_17_x86_64.manylinux_2_28_x86_64.whl (807 kB)
2026-10-04T15:20:48.0622712Z    ━━━━━━━━━━━━━━━━━━━━━━━━━━━━━━━━━━━━━━━━ 807.9/807.9 kB 70.8 MB/s  0:00:00
2026-10-04T15:20:48.0737080Z Downloading certifi-2026.7.22-py3-none-any.whl (136 kB)
2026-10-04T15:20:48.0873238Z Downloading iniconfig-2.3.0-py3-none-any.whl (7.5 kB)
2026-10-04T15:20:48.0998880Z Downloading numpy-2.5.3-cp312-cp312-manylinux_2_27_x86_64.manylinux_2_28_x86_64.whl (16.7 MB)
2026-10-04T15:20:48.2402539Z    ━━━━━━━━━━━━━━━━━━━━━━━━━━━━━━━━━━━━━━━━ 16.7/16.7 MB 120.0 MB/s  0:00:00
2026-10-04T15:20:48.2511618Z Downloading packaging-26.3-py3-none-any.whl (129 kB)
2026-10-04T15:20:48.2642726Z Downloading pygments-2.21.0-py3-none-any.whl (1.3 MB)
2026-10-04T15:20:48.2727258Z    ━━━━━━━━━━━━━━━━━━━━━━━━━━━━━━━━━━━━━━━━ 1.3/1.3 MB 168.3 MB/s  0:00:00
2026-10-04T15:20:48.2834219Z Downloading python_dateutil-2.9.0.post0-py2.py3-none-any.whl (229 kB)
2026-10-04T15:20:48.2962309Z Downloading six-1.17.0-py2.py3-none-any.whl (11 kB)
2026-10-04T15:20:48.3083294Z Downloading soupsieve-2.10-py3-none-any.whl (38 kB)
2026-10-04T15:20:48.3206378Z Downloading typing_extensions-4.16.0-py3-none-any.whl (45 kB)
2026-10-04T15:20:48.5014114Z Installing collected packages: urllib3, typing-extensions, soupsieve, six, pyyaml, pygments, pluggy, packaging, numpy, lxml, iniconfig, idna, charset_normalizer, certifi, requests, python-dateutil, pytest, beautifulsoup4, pandas
2026-10-04T15:20:57.0760140Z 
2026-10-04T15:20:57.0783930Z Successfully installed beautifulsoup4-4.15.0 certifi-2026.7.22 charset_normalizer-3.5.2 idna-3.20 iniconfig-2.3.0 lxml-6.1.3 numpy-2.5.3 packaging-26.3 pandas-3.0.6 pluggy-1.6.0 pygments-2.21.0 pytest-9.1.1 python-dateutil-2.9.0.post0 pyyaml-6.0.3 requests-2.34.2 six-1.17.0 soupsieve-2.10 typing-extensions-4.16.0 urllib3-2.8.0
2026-10-04T15:20:57.1607061Z ##[group]Run for test_file in tests/test_legacy_dart_parser.py tests/test_legacy_backfill_resume.py tests/test_legacy_backfill_automation.py tests/test_legacy_source_evidence.py tests/test_legacy_document_quality.py; do
2026-10-04T15:20:57.1608648Z [36;1mfor test_file in tests/test_legacy_dart_parser.py tests/test_legacy_backfill_resume.py tests/test_legacy_backfill_automation.py tests/test_legacy_source_evidence.py tests/test_legacy_document_quality.py; do[0m
2026-10-04T15:20:57.1609708Z [36;1m  timeout -k 5s 60s python -u -m pytest "$test_file" -vv -s -o faulthandler_timeout=15 || exit $?[0m
2026-10-04T15:20:57.1610167Z [36;1mdone[0m
2026-10-04T15:20:57.1610514Z [36;1mtimeout -k 5s 30s python -u scripts/test_legacy_no_metrics_recovery.py[0m
2026-10-04T15:20:57.1611045Z [36;1mtimeout -k 5s 30s python -u scripts/test_legacy_document_quality.py[0m
2026-10-04T15:20:57.1611532Z [36;1mtimeout -k 5s 30s python -u scripts/test_legacy_viewer_sections.py[0m
2026-10-04T15:20:57.1612035Z [36;1mtimeout -k 5s 30s python -u scripts/test_legacy_viewer_source.py[0m
2026-10-04T15:20:57.1612704Z [36;1mtimeout -k 5s 60s python -u scripts/recheck_legacy_primary_audit.py --output-dir "$RUNNER_TEMP/legacy-primary-72-recheck"[0m
2026-10-04T15:20:57.1613462Z [36;1mtimeout -k 5s 60s python -u docs/audits/viewer-staging46-20261004/test_audit_guards.py[0m
2026-10-04T15:20:57.1614279Z [36;1mtimeout -k 5s 60s python -u docs/audits/viewer-staging46-20261004/verify_remaining_cells.py --output-dir "$RUNNER_TEMP/legacy-staging-46-audit"[0m
2026-10-04T15:20:57.1615018Z [36;1mtimeout -k 5s 30s python -u scripts/test_legacy_schedule_gate.py[0m
2026-10-04T15:20:57.1681538Z shell: /usr/bin/bash -e {0}
2026-10-04T15:20:57.1681810Z env:
2026-10-04T15:20:57.1682087Z   pythonLocation: /opt/hostedtoolcache/Python/3.12.14/x64
2026-10-04T15:20:57.1682553Z   PKG_CONFIG_PATH: /opt/hostedtoolcache/Python/3.12.14/x64/lib/pkgconfig
2026-10-04T15:20:57.1682999Z   Python_ROOT_DIR: /opt/hostedtoolcache/Python/3.12.14/x64
2026-10-04T15:20:57.1683405Z   Python2_ROOT_DIR: /opt/hostedtoolcache/Python/3.12.14/x64
2026-10-04T15:20:57.1683792Z   Python3_ROOT_DIR: /opt/hostedtoolcache/Python/3.12.14/x64
2026-10-04T15:20:57.1684173Z   LD_LIBRARY_PATH: /opt/hostedtoolcache/Python/3.12.14/x64/lib
2026-10-04T15:20:57.1684491Z ##[endgroup]
2026-10-04T15:20:57.4485571Z ============================= test session starts ==============================
2026-10-04T15:20:57.4488929Z platform linux -- Python 3.12.14, pytest-9.1.1, pluggy-1.6.0 -- /opt/hostedtoolcache/Python/3.12.14/x64/bin/python
2026-10-04T15:20:57.4490012Z cachedir: .pytest_cache
2026-10-04T15:20:57.4490581Z rootdir: /home/runner/work/quant-marcap-runner/quant-marcap-runner
2026-10-04T15:20:57.9682883Z collecting ... collected 19 items
2026-10-04T15:20:57.9688410Z 
2026-10-04T15:20:57.9699294Z tests/test_legacy_dart_parser.py::test_legacy_negative_symbols PASSED
2026-10-04T15:20:57.9722333Z tests/test_legacy_dart_parser.py::test_loss_label_normalizes_positive_magnitude PASSED
2026-10-04T15:20:57.9728586Z tests/test_legacy_dart_parser.py::test_parser_version_requires_reprocessing PASSED
2026-10-04T15:20:57.9736531Z tests/test_legacy_dart_parser.py::test_ambiguous_or_missing_numeric_cells_are_not_invented_amounts[751,637 22,35416,940] PASSED
2026-10-04T15:20:57.9743609Z tests/test_legacy_dart_parser.py::test_ambiguous_or_missing_numeric_cells_are_not_invented_amounts[670,000200,0001,500,000] PASSED
2026-10-04T15:20:57.9750884Z tests/test_legacy_dart_parser.py::test_ambiguous_or_missing_numeric_cells_are_not_invented_amounts[83 15,787 13,418 100] PASSED
2026-10-04T15:20:57.9757674Z tests/test_legacy_dart_parser.py::test_ambiguous_or_missing_numeric_cells_are_not_invented_amounts[12,34] PASSED
2026-10-04T15:20:57.9764277Z tests/test_legacy_dart_parser.py::test_ambiguous_or_missing_numeric_cells_are_not_invented_amounts[1.5%] PASSED
2026-10-04T15:20:57.9771251Z tests/test_legacy_dart_parser.py::test_ambiguous_or_missing_numeric_cells_are_not_invented_amounts[1 (\uc8fc2)] PASSED
2026-10-04T15:20:57.9778431Z tests/test_legacy_dart_parser.py::test_ambiguous_or_missing_numeric_cells_are_not_invented_amounts[-] PASSED
2026-10-04T15:20:57.9784684Z tests/test_legacy_dart_parser.py::test_ambiguous_or_missing_numeric_cells_are_not_invented_amounts[\u2014] PASSED
2026-10-04T15:20:57.9791427Z tests/test_legacy_dart_parser.py::test_ambiguous_or_missing_numeric_cells_are_not_invented_amounts[\u2013] PASSED
2026-10-04T15:20:57.9827190Z tests/test_legacy_dart_parser.py::test_real_source_combined_annual_summary_is_not_current_quarter_income PASSED
2026-10-04T15:20:57.9833197Z tests/test_legacy_dart_parser.py::test_explicit_valid_amounts_and_zero_remain_supported PASSED
2026-10-04T15:20:57.9850380Z tests/test_legacy_dart_parser.py::test_unknown_statement_and_partial_alias_do_not_become_financial_metrics PASSED
2026-10-04T15:20:57.9862715Z tests/test_legacy_dart_parser.py::test_nonfinite_scaled_value_cannot_be_usable_money PASSED
2026-10-04T15:20:57.9870744Z tests/test_legacy_dart_parser.py::test_parentheses_and_negative_sign_do_not_double_flip[(-1,170,019,230)--1170019230] PASSED
2026-10-04T15:20:57.9878320Z tests/test_legacy_dart_parser.py::test_parentheses_and_negative_sign_do_not_double_flip[(-482,479,885)--482479885] PASSED
2026-10-04T15:20:57.9892384Z tests/test_legacy_dart_parser.py::test_parentheses_and_negative_sign_do_not_double_flip[(\u25b362,175,514)--62175514] PASSED
2026-10-04T15:20:57.9893279Z 
2026-10-04T15:20:57.9893712Z ============================== 19 passed in 0.54s ==============================
2026-10-04T15:20:58.2489361Z ============================= test session starts ==============================
2026-10-04T15:20:58.2492325Z platform linux -- Python 3.12.14, pytest-9.1.1, pluggy-1.6.0 -- /opt/hostedtoolcache/Python/3.12.14/x64/bin/python
2026-10-04T15:20:58.2493460Z cachedir: .pytest_cache
2026-10-04T15:20:58.2494147Z rootdir: /home/runner/work/quant-marcap-runner/quant-marcap-runner
2026-10-04T15:20:58.6558926Z collecting ... collected 22 items
2026-10-04T15:20:58.6563702Z 
2026-10-04T15:20:59.2202810Z tests/test_legacy_backfill_resume.py::test_checkpoint_survives_interruption_and_resume_skips_durable_receipt legacy checkpoint: 1 receipts persisted
2026-10-04T15:20:59.7213376Z legacy checkpoint: 1 receipts persisted
2026-10-04T15:21:00.0674299Z legacy checkpoint: 2 receipts persisted
2026-10-04T15:21:00.0847513Z PASSED
2026-10-04T15:21:00.0911910Z tests/test_legacy_backfill_resume.py::test_data_publication_failure_never_marks_receipt_complete PASSED
2026-10-04T15:21:00.1266150Z tests/test_legacy_backfill_resume.py::test_state_cannot_skip_missing_or_mismatched_normalized_data[missing_file] PASSED
2026-10-04T15:21:00.3783945Z tests/test_legacy_backfill_resume.py::test_state_cannot_skip_missing_or_mismatched_normalized_data[wrong_hash] PASSED
2026-10-04T15:21:00.5402877Z tests/test_legacy_backfill_resume.py::test_state_cannot_skip_missing_or_mismatched_normalized_data[wrong_row_count] PASSED
2026-10-04T15:21:00.7658506Z tests/test_legacy_backfill_resume.py::test_parser_version_resume_keeps_old_observations_and_does_not_reparse_current legacy checkpoint: 1 receipts persisted
2026-10-04T15:21:00.7674270Z PASSED
2026-10-04T15:21:00.7688201Z tests/test_legacy_backfill_resume.py::test_rate_limit_stops_replenishment_and_flushes_completed_work PASSED
2026-10-04T15:21:00.7713261Z tests/test_legacy_backfill_resume.py::test_request_budget_counts_every_attempt_and_deferred_is_not_source_gap PASSED
2026-10-04T15:21:00.7744293Z tests/test_legacy_backfill_resume.py::test_deadline_and_signal_stop_have_no_new_requests_and_flush_work PASSED
2026-10-04T15:21:00.8612561Z tests/test_legacy_backfill_resume.py::test_error_retry_quarantine_does_not_starve_other_receipts legacy checkpoint: 1 receipts persisted
2026-10-04T15:21:00.8821398Z legacy checkpoint: 1 receipts persisted
2026-10-04T15:21:00.9019366Z legacy checkpoint: 1 receipts persisted
2026-10-04T15:21:00.9556736Z PASSED
2026-10-04T15:21:00.9783178Z tests/test_legacy_backfill_resume.py::test_retry_count_survives_state_migration_and_mixed_empty_attempts legacy checkpoint: 1 receipts persisted
2026-10-04T15:21:00.9994088Z legacy checkpoint: 1 receipts persisted
2026-10-04T15:21:01.0193248Z legacy checkpoint: 1 receipts persisted
2026-10-04T15:21:01.0355027Z PASSED
2026-10-04T15:21:01.0403627Z tests/test_legacy_backfill_resume.py::test_index_data_is_published_before_ok_state PASSED
2026-10-04T15:21:01.1197543Z tests/test_legacy_backfill_resume.py::test_collection_complete_requires_independent_audit_and_noop_preserves_bytes PASSED
2026-10-04T15:21:01.1205261Z tests/test_legacy_backfill_resume.py::test_error_diagnostics_never_persist_api_key PASSED
2026-10-04T15:21:01.1221844Z tests/test_legacy_backfill_resume.py::test_missing_key_does_not_overwrite_progress PASSED
2026-10-04T15:21:01.1284043Z tests/test_legacy_backfill_resume.py::test_index_rate_limit_blocks_following_document_requests PASSED
2026-10-04T15:21:01.1304357Z tests/test_legacy_backfill_resume.py::test_authentication_failure_stops_without_classifying_source_as_missing PASSED
2026-10-04T15:21:02.1962264Z tests/test_legacy_backfill_resume.py::test_real_saved_index_noop_preserves_mapped_queue_and_leading_zero_codes PASSED
2026-10-04T15:21:02.2093286Z tests/test_legacy_backfill_resume.py::test_append_preserves_all_old_numeric_tokens_and_missing_strings_verbatim PASSED
2026-10-04T15:21:02.2362218Z tests/test_legacy_backfill_resume.py::test_numeric_parser_change_preserves_transport_only_no_document_state legacy checkpoint: 1 receipts persisted
2026-10-04T15:21:02.2752269Z PASSED
2026-10-04T15:21:02.2918680Z tests/test_legacy_backfill_resume.py::test_source_adapter_change_invalidates_previous_no_document_result PASSED
2026-10-04T15:21:02.3148495Z tests/test_legacy_backfill_resume.py::test_initial_coverage_without_state_does_not_invent_completed_receipts PASSED
2026-10-04T15:21:02.3149398Z 
2026-10-04T15:21:02.3149729Z ============================== 22 passed in 4.07s ==============================
2026-10-04T15:21:02.5885573Z ============================= test session starts ==============================
2026-10-04T15:21:02.5888452Z platform linux -- Python 3.12.14, pytest-9.1.1, pluggy-1.6.0 -- /opt/hostedtoolcache/Python/3.12.14/x64/bin/python
2026-10-04T15:21:02.5889459Z cachedir: .pytest_cache
2026-10-04T15:21:02.5890105Z rootdir: /home/runner/work/quant-marcap-runner/quant-marcap-runner
2026-10-04T15:21:03.0101697Z collecting ... collected 9 items
2026-10-04T15:21:03.0106501Z 
2026-10-04T15:21:03.0144726Z tests/test_legacy_backfill_automation.py::test_daily_wrapper_uses_whole_index_and_generic_checkpoint PASSED
2026-10-04T15:21:03.0197792Z tests/test_legacy_backfill_automation.py::test_legacy_runs_first_and_rate_limit_blocks_modern_calls                      mode  modern_run_tasks  modern_skipped  legacy_rate_limited                   updated_at_utc
2026-10-04T15:21:03.0199563Z SUPER_VALUE_FAST_BACKFILL                 0            True                 True 2026-10-04T15:21:03.015171+00:00
2026-10-04T15:21:03.0213663Z PASSED
2026-10-04T15:21:03.0221365Z tests/test_legacy_backfill_automation.py::test_zero_legacy_limit_makes_no_api_or_index_calls PASSED
2026-10-04T15:21:03.0459722Z tests/test_legacy_backfill_automation.py::test_scheduled_and_manual_writers_share_lock_without_cancellation PASSED
2026-10-04T15:21:03.0559978Z tests/test_legacy_backfill_automation.py::test_extra_batches_gate_all_api_and_publish_steps_and_skip_modern PASSED
2026-10-04T15:21:03.0662379Z tests/test_legacy_backfill_automation.py::test_workflow_saves_checkpoint_after_failure_and_has_time_to_publish[backfill-super-value-fast.yml] PASSED
2026-10-04T15:21:03.0736181Z tests/test_legacy_backfill_automation.py::test_workflow_saves_checkpoint_after_failure_and_has_time_to_publish[backfill-dart-legacy-2000-2014.yml] PASSED
2026-10-04T15:21:03.0881718Z tests/test_legacy_backfill_automation.py::test_source_capture_reuses_existing_audit_workflow_without_new_schedule PASSED
2026-10-04T15:21:03.0994205Z tests/test_legacy_backfill_automation.py::test_verified_operator_batch_is_explicit_and_uses_existing_bounded_job PASSED
2026-10-04T15:21:03.0995370Z 
2026-10-04T15:21:03.0995655Z ============================== 9 passed in 0.51s ===============================
2026-10-04T15:21:03.3772064Z ============================= test session starts ==============================
2026-10-04T15:21:03.3775637Z platform linux -- Python 3.12.14, pytest-9.1.1, pluggy-1.6.0 -- /opt/hostedtoolcache/Python/3.12.14/x64/bin/python
2026-10-04T15:21:03.3776894Z cachedir: .pytest_cache
2026-10-04T15:21:03.3777515Z rootdir: /home/runner/work/quant-marcap-runner/quant-marcap-runner
2026-10-04T15:21:03.7753154Z collecting ... collected 7 items
2026-10-04T15:21:03.7758363Z 
2026-10-04T15:21:03.7813599Z tests/test_legacy_source_evidence.py::test_literal_source_spans_preserve_native_tags_heading_unit_and_column_order PASSED
2026-10-04T15:21:03.7824019Z tests/test_legacy_source_evidence.py::test_excerpt_budget_marks_clipping_without_changing_source PASSED
2026-10-04T15:21:03.7832104Z tests/test_legacy_source_evidence.py::test_non_html_document_still_preserves_inspectable_literal_evidence PASSED
2026-10-04T15:21:03.7857197Z tests/test_legacy_source_evidence.py::test_probe_api_014_and_viewer_403_do_not_certify_source_absence PASSED
2026-10-04T15:21:03.7868236Z tests/test_legacy_source_evidence.py::test_rate_limit_stops_public_probe_too PASSED
2026-10-04T15:21:03.7952205Z tests/test_legacy_source_evidence.py::test_same_parser_reparse_success_cannot_certify_financial_correctness PASSED
2026-10-04T15:21:03.7982460Z tests/test_legacy_source_evidence.py::test_corrupt_normalized_data_is_an_explicit_audit_failure PASSED
2026-10-04T15:21:03.7983279Z 
2026-10-04T15:21:03.7983607Z ============================== 7 passed in 0.42s ===============================
2026-10-04T15:21:04.0505311Z ============================= test session starts ==============================
2026-10-04T15:21:04.0507969Z platform linux -- Python 3.12.14, pytest-9.1.1, pluggy-1.6.0 -- /opt/hostedtoolcache/Python/3.12.14/x64/bin/python
2026-10-04T15:21:04.0509118Z cachedir: .pytest_cache
2026-10-04T15:21:04.0509819Z rootdir: /home/runner/work/quant-marcap-runner/quant-marcap-runner
2026-10-04T15:21:04.4699703Z collecting ... collected 21 items
2026-10-04T15:21:04.4704707Z 
2026-10-04T15:21:04.4731243Z tests/test_legacy_document_quality.py::test_broken_source_cannot_be_recorded_as_no_metrics PASSED
2026-10-04T15:21:04.4745705Z tests/test_legacy_document_quality.py::test_valid_absent_metric_keeps_distinct_status PASSED
2026-10-04T15:21:04.4872825Z tests/test_legacy_document_quality.py::test_truncated_source_cannot_publish_tolerantly_parsed_amounts PASSED
2026-10-04T15:21:05.5898515Z tests/test_legacy_document_quality.py::test_five_actual_no_metrics_sources_are_source_gaps_and_archives_match_checkpoints PASSED
2026-10-04T15:21:05.5992521Z tests/test_legacy_document_quality.py::test_valid_existing_normal_amount_and_parser_version_are_preserved PASSED
2026-10-04T15:21:05.6016010Z tests/test_legacy_document_quality.py::test_source_gap_is_quarantined_without_infinite_retries PASSED
2026-10-04T15:21:05.6222708Z tests/test_legacy_document_quality.py::test_real_native_archives_reproduce_source_gaps PASSED
2026-10-04T15:21:05.6476668Z tests/test_legacy_document_quality.py::test_quarantine_overlay_preserves_original_state_and_old_values PASSED
2026-10-04T15:21:05.6737175Z tests/test_legacy_document_quality.py::test_source_gap_prevents_collection_and_quality_completion PASSED
2026-10-04T15:21:05.6751842Z tests/test_legacy_document_quality.py::test_original_download_is_preserved_before_parsing PASSED
2026-10-04T15:21:05.6764399Z tests/test_legacy_document_quality.py::test_evidence_budget_stops_before_new_publication PASSED
2026-10-04T15:21:05.6890162Z tests/test_legacy_document_quality.py::test_empty_compatible_state_is_not_mutated_by_unmatched_ledger PASSED
2026-10-04T15:21:05.6945529Z tests/test_legacy_document_quality.py::test_probe_rate_limit_stops_following_downloads PASSED
2026-10-04T15:21:05.7404578Z tests/test_legacy_document_quality.py::test_source_sample_selection_is_frozen_diverse_and_excludes_original_seven PASSED
2026-10-04T15:21:05.8011381Z tests/test_legacy_document_quality.py::test_evidence_snapshot_subset_preserves_exact_originals_and_checkpoint PASSED
2026-10-04T15:21:11.3204906Z tests/test_legacy_document_quality.py::test_twelve_actual_deployment_controls_preserve_normal_parses_and_block_two_gaps PASSED
2026-10-04T15:21:11.7788131Z tests/test_legacy_document_quality.py::test_evidence_import_inherits_existing_fast_job_limits PASSED
2026-10-04T15:21:11.7891155Z tests/test_legacy_document_quality.py::test_lossless_cp949_and_literal_ampersand_are_supported_legacy_source PASSED
2026-10-04T15:21:11.7915341Z tests/test_legacy_document_quality.py::test_encoding_recheck_is_version_bounded_not_blanket_retry PASSED
2026-10-04T15:21:11.7999268Z tests/test_legacy_document_quality.py::test_current_diagnostic_revision_can_release_false_hold_without_deleting_evidence PASSED
2026-10-04T15:21:15.5480812Z tests/test_legacy_document_quality.py::test_five_actual_misdeclared_native_sources_distinguish_three_complete_from_two_broken PASSED
2026-10-04T15:21:15.5481841Z 
2026-10-04T15:21:15.5482125Z =============================== warnings summary ===============================
2026-10-04T15:21:15.5482764Z tests/test_legacy_document_quality.py: 18 warnings
2026-10-04T15:21:15.5484286Z   /home/runner/work/quant-marcap-runner/quant-marcap-runner/scripts/backfill_dart_legacy_2000_2014.py:559: XMLParsedAsHTMLWarning: It looks like you're using an HTML parser to parse an XML document.
2026-10-04T15:21:15.5485718Z   
2026-10-04T15:21:15.5487676Z   Assuming this really is an XML document, what you're doing might work, but you should know that using an XML parser will be more reliable. To parse this document as XML, make sure you have the Python package 'lxml' installed, and pass the keyword argument `features="xml"` into the BeautifulSoup constructor.
2026-10-04T15:21:15.5489452Z   
2026-10-04T15:21:15.5490434Z   If you want or need to use an HTML parser on this document, you can make this warning go away by filtering it. To do that, run this code before calling the BeautifulSoup constructor:
2026-10-04T15:21:15.5491515Z   
2026-10-04T15:21:15.5491831Z       from bs4 import XMLParsedAsHTMLWarning
2026-10-04T15:21:15.5492271Z       import warnings
2026-10-04T15:21:15.5492567Z   
2026-10-04T15:21:15.5493002Z       warnings.filterwarnings("ignore", category=XMLParsedAsHTMLWarning)
2026-10-04T15:21:15.5493566Z   
2026-10-04T15:21:15.5493846Z     soup = BeautifulSoup(text, "lxml")
2026-10-04T15:21:15.5494112Z 
2026-10-04T15:21:15.5494423Z -- Docs: https://docs.pytest.org/en/stable/how-to/capture-warnings.html
2026-10-04T15:21:15.5495126Z ======================= 21 passed, 18 warnings in 11.50s =======================
2026-10-04T15:21:16.3864928Z test_changed_native_archive_cannot_recover_or_publish (__main__.RecoveryTests.test_changed_native_archive_cannot_recover_or_publish) ... ok
2026-10-04T15:21:16.3869862Z test_missing_viewer_date_is_not_inferred_from_receipt (__main__.RecoveryTests.test_missing_viewer_date_is_not_inferred_from_receipt) ... ok
2026-10-04T15:21:18.3447296Z test_real_five_receipt_checkpoint_resume_skips_duplicates (__main__.RecoveryTests.test_real_five_receipt_checkpoint_resume_skips_duplicates) ... ok
2026-10-04T15:21:18.3448691Z test_visible_date_does_not_certify_original_or_correction_chain (__main__.RecoveryTests.test_visible_date_does_not_certify_original_or_correction_chain) ... ok
2026-10-04T15:21:18.3449430Z 
2026-10-04T15:21:18.3449625Z ----------------------------------------------------------------------
2026-10-04T15:21:18.3450063Z Ran 4 tests in 2.585s
2026-10-04T15:21:18.3450240Z 
2026-10-04T15:21:18.3450338Z OK
2026-10-04T15:21:18.4239067Z test_actual_absent_consolidated_scope_is_not_recovered_from_ofs (__main__.QualityTests.test_actual_absent_consolidated_scope_is_not_recovered_from_ofs) ... ok
2026-10-04T15:21:18.4242633Z test_clean_absent_item_remains_no_metrics (__main__.QualityTests.test_clean_absent_item_remains_no_metrics) ... ok
2026-10-04T15:21:18.4244380Z test_invalid_declared_encoding_is_explicit_gap (__main__.QualityTests.test_invalid_declared_encoding_is_explicit_gap) ... ok
2026-10-04T15:21:18.4246155Z test_replacement_characters_are_unrecoverable_source_damage (__main__.QualityTests.test_replacement_characters_are_unrecoverable_source_damage) ... ok
2026-10-04T15:21:18.4247741Z test_truncated_source_is_not_item_absence (__main__.QualityTests.test_truncated_source_is_not_item_absence) ... ok
2026-10-04T15:21:18.4248793Z test_valid_financial_source_is_not_quarantined (__main__.QualityTests.test_valid_financial_source_is_not_quarantined) ... ok
2026-10-04T15:21:18.4249422Z 
2026-10-04T15:21:18.4249610Z ----------------------------------------------------------------------
2026-10-04T15:21:18.4250041Z Ran 6 tests in 0.015s
2026-10-04T15:21:18.4250220Z 
2026-10-04T15:21:18.4250325Z OK
2026-10-04T15:21:18.6424695Z test_body_limit_and_request_deadline_bound_reads (__main__.ViewerEvidenceTests.test_body_limit_and_request_deadline_bound_reads) ... ok
2026-10-04T15:21:18.6440624Z test_mismatched_receipt_url_and_duplicate_route_are_rejected (__main__.ViewerEvidenceTests.test_mismatched_receipt_url_and_duplicate_route_are_rejected) ... ok
2026-10-04T15:21:18.6476532Z test_publication_failure_cannot_leave_complete_report (__main__.ViewerEvidenceTests.test_publication_failure_cannot_leave_complete_report) ... ok
2026-10-04T15:21:18.6490450Z viewer section 20010103000052/3618: HTTP_RESPONSE_CAPTURED HTTP=200 audit=NOT_RUN
2026-10-04T15:21:18.6498295Z test_raw_bytes_precede_report_and_second_run_is_noop (__main__.ViewerEvidenceTests.test_raw_bytes_precede_report_and_second_run_is_noop) ... ok
2026-10-04T15:21:18.6505184Z test_real_artifact_supplies_twelve_routes_without_reinventing_offsets (__main__.ViewerEvidenceTests.test_real_artifact_supplies_twelve_routes_without_reinventing_offsets) ... ok
2026-10-04T15:21:18.6524603Z viewer section 20010103000052/3618: HTTP_RESPONSE_CAPTURED HTTP=403 audit=NOT_RUN
2026-10-04T15:21:18.6530397Z test_redirect_is_not_followed_and_http_error_is_source_evidence_only (__main__.ViewerEvidenceTests.test_redirect_is_not_followed_and_http_error_is_source_evidence_only) ... ok
2026-10-04T15:21:18.6550663Z viewer section 20010103000052/3618: HTTP_RESPONSE_CAPTURED HTTP=200 audit=NOT_RUN
2026-10-04T15:21:18.6556192Z viewer section 20010103000052/10627: DEFERRED HTTP=None audit=NOT_RUN
2026-10-04T15:21:18.6562884Z test_request_budget_never_submits_additional_calls (__main__.ViewerEvidenceTests.test_request_budget_never_submits_additional_calls) ... ok
2026-10-04T15:21:18.6575329Z viewer section 20010103000052/3618: TRANSPORT_ERROR HTTP=None audit=NOT_RUN
2026-10-04T15:21:18.6581841Z test_transport_failure_stops_and_is_not_automatically_retried (__main__.ViewerEvidenceTests.test_transport_failure_stops_and_is_not_automatically_retried) ... ok
2026-10-04T15:21:18.6582836Z 
2026-10-04T15:21:18.6583003Z ----------------------------------------------------------------------
2026-10-04T15:21:18.6583355Z Ran 8 tests in 0.017s
2026-10-04T15:21:18.6583498Z 
2026-10-04T15:21:18.6583573Z OK
2026-10-04T15:21:18.7457998Z test_ambiguous_parentheses_do_not_guess_sign (__main__.ViewerGuardTests.test_ambiguous_parentheses_do_not_guess_sign) ... ok
2026-10-04T15:21:18.7470205Z test_annual_flow_is_not_quarter_even_if_end_matches (__main__.ViewerGuardTests.test_annual_flow_is_not_quarter_even_if_end_matches) ... ok
2026-10-04T15:21:18.7482382Z test_br_empty_lines_are_preserved_without_concatenation (__main__.ViewerGuardTests.test_br_empty_lines_are_preserved_without_concatenation) ... ok
2026-10-04T15:21:18.7487374Z test_br_missing_line_is_not_shifted_or_padded (__main__.ViewerGuardTests.test_br_missing_line_is_not_shifted_or_padded) ... ok
2026-10-04T15:21:18.7498712Z test_colspan_group_requires_one_unambiguous_amount (__main__.ViewerGuardTests.test_colspan_group_requires_one_unambiguous_amount) ... ok
2026-10-04T15:21:18.7507972Z test_conflicting_units_and_future_table_unit_do_not_fill (__main__.ViewerGuardTests.test_conflicting_units_and_future_table_unit_do_not_fill) ... ok
2026-10-04T15:21:18.7512219Z test_contrary_statement_scope_cannot_inherit_ofs (__main__.ViewerGuardTests.test_contrary_statement_scope_cannot_inherit_ofs) ... ok
2026-10-04T15:21:18.7517563Z test_current_column_is_selected_after_previous_column (__main__.ViewerGuardTests.test_current_column_is_selected_after_previous_column) ... ok
2026-10-04T15:21:18.7529094Z test_current_term_or_date_mismatch_is_a_gap (__main__.ViewerGuardTests.test_current_term_or_date_mismatch_is_a_gap) ... ok
2026-10-04T15:21:18.7535955Z test_current_unit_date_are_not_inherited_by_following_table (__main__.ViewerGuardTests.test_current_unit_date_are_not_inherited_by_following_table) ... ok
2026-10-04T15:21:18.7563119Z test_daewoo_loss_note_group_requires_exact_one_current_token (__main__.ViewerGuardTests.test_daewoo_loss_note_group_requires_exact_one_current_token) ... ok
2026-10-04T15:21:18.7570499Z test_duplicate_current_alias_is_not_resolved_by_priority (__main__.ViewerGuardTests.test_duplicate_current_alias_is_not_resolved_by_priority) ... ok
2026-10-04T15:21:18.7579784Z test_explicit_per_share_tail_retains_prefix_empty_lines (__main__.ViewerGuardTests.test_explicit_per_share_tail_retains_prefix_empty_lines) ... ok
2026-10-04T15:21:18.7599521Z test_explicit_unit_multiplier (__main__.ViewerGuardTests.test_explicit_unit_multiplier) ... ok
2026-10-04T15:21:18.7605443Z test_explicit_zero_remains_a_source_observation (__main__.ViewerGuardTests.test_explicit_zero_remains_a_source_observation) ... ok
2026-10-04T15:21:18.7607136Z test_first_of_month_and_missing_scope_are_invalid_requests (__main__.ViewerGuardTests.test_first_of_month_and_missing_scope_are_invalid_requests) ... ok
2026-10-04T15:21:18.7616010Z test_generic_quarter_requires_source_date_range_proof (__main__.ViewerGuardTests.test_generic_quarter_requires_source_date_range_proof) ... ok
2026-10-04T15:21:18.7632134Z test_missing_blank_or_unsupported_unit_is_a_gap (__main__.ViewerGuardTests.test_missing_blank_or_unsupported_unit_is_a_gap) ... ok
2026-10-04T15:21:18.7657656Z test_missing_current_cell_never_falls_back_to_previous_value (__main__.ViewerGuardTests.test_missing_current_cell_never_falls_back_to_previous_value) ... ok
2026-10-04T15:21:18.7685650Z test_multiple_numeric_tokens_are_rejected (__main__.ViewerGuardTests.test_multiple_numeric_tokens_are_rejected) ... ok
2026-10-04T15:21:18.7844948Z test_native_archives_and_viewer_bodies_recover_exact_14_primary_sources (__main__.ViewerGuardTests.test_native_archives_and_viewer_bodies_recover_exact_14_primary_sources) ... ok
2026-10-04T15:21:18.7881758Z test_nested_tables_and_budget_overflow_are_gaps (__main__.ViewerGuardTests.test_nested_tables_and_budget_overflow_are_gaps) ... ok
2026-10-04T15:21:18.7883773Z test_non_200_or_unknown_encoding_is_a_gap (__main__.ViewerGuardTests.test_non_200_or_unknown_encoding_is_a_gap) ... ok
2026-10-04T15:21:18.7885535Z test_non_dart_or_mismatched_receipt_is_rejected (__main__.ViewerGuardTests.test_non_dart_or_mismatched_receipt_is_rejected) ... ok
2026-10-04T15:21:18.7892062Z test_note_column_cannot_be_a_numeric_amount (__main__.ViewerGuardTests.test_note_column_cannot_be_a_numeric_amount) ... ok
2026-10-04T15:21:18.7897943Z test_per_share_alignment_is_not_a_balance_sheet_rule (__main__.ViewerGuardTests.test_per_share_alignment_is_not_a_balance_sheet_rule) ... ok
2026-10-04T15:21:18.7904286Z test_per_share_boundary_must_follow_net_income (__main__.ViewerGuardTests.test_per_share_boundary_must_follow_net_income) ... ok
2026-10-04T15:21:18.7914779Z test_per_share_notes_do_not_bypass_period_scope_or_unit_guard (__main__.ViewerGuardTests.test_per_share_notes_do_not_bypass_period_scope_or_unit_guard) ... ok
2026-10-04T15:21:18.7921301Z test_per_share_tail_also_rejects_shifted_prior_column (__main__.ViewerGuardTests.test_per_share_tail_also_rejects_shifted_prior_column) ... ok
2026-10-04T15:21:18.7933407Z test_per_share_tail_amount_column_notes_are_not_financial_amounts (__main__.ViewerGuardTests.test_per_share_tail_amount_column_notes_are_not_financial_amounts) ... ok
2026-10-04T15:21:18.7953041Z test_per_share_tail_cannot_supply_missing_current_profit (__main__.ViewerGuardTests.test_per_share_tail_cannot_supply_missing_current_profit) ... ok
2026-10-04T15:21:18.7964246Z test_per_share_tail_does_not_repair_an_interior_missing_br (__main__.ViewerGuardTests.test_per_share_tail_does_not_repair_an_interior_missing_br) ... ok
2026-10-04T15:21:18.7970698Z test_per_share_tail_does_not_shift_amount_on_blank_account_line (__main__.ViewerGuardTests.test_per_share_tail_does_not_shift_amount_on_blank_account_line) ... ok
2026-10-04T15:21:18.7989190Z test_per_share_tail_rejects_unknown_or_additional_account_text (__main__.ViewerGuardTests.test_per_share_tail_rejects_unknown_or_additional_account_text) ... ok
2026-10-04T15:21:19.3448029Z test_primary_all_49_cells_and_12_bodies (__main__.ViewerGuardTests.test_primary_all_49_cells_and_12_bodies) ... ok
2026-10-04T15:21:19.3454420Z test_primary_body_sha_detects_corruption (__main__.ViewerGuardTests.test_primary_body_sha_detects_corruption) ... ok
2026-10-04T15:21:19.8854699Z test_primary_cfs_prior_annual_is_not_current_ofs (__main__.ViewerGuardTests.test_primary_cfs_prior_annual_is_not_current_ofs) ... ok
2026-10-04T15:21:20.4219491Z test_primary_five_previously_withheld_values_and_original_indices (__main__.ViewerGuardTests.test_primary_five_previously_withheld_values_and_original_indices) ... ok
2026-10-04T15:21:20.4227479Z test_primary_native_sha_chain_matches_preexisting_probe (__main__.ViewerGuardTests.test_primary_native_sha_chain_matches_preexisting_probe) ... ok
2026-10-04T15:21:20.9622053Z test_primary_previous_annual_ocf_never_becomes_current_quarter (__main__.ViewerGuardTests.test_primary_previous_annual_ocf_never_becomes_current_quarter) ... ok
2026-10-04T15:21:21.5172688Z test_primary_unknown_vitz_unit_cannot_inherit_later_cf_unit (__main__.ViewerGuardTests.test_primary_unknown_vitz_unit_cannot_inherit_later_cf_unit) ... ok
2026-10-04T15:21:21.5183047Z test_ragged_rows_without_explicit_per_share_tail_still_fail (__main__.ViewerGuardTests.test_ragged_rows_without_explicit_per_share_tail_still_fail) ... ok
2026-10-04T15:21:21.5189864Z test_replay_preserves_existing_outputs (__main__.ViewerGuardTests.test_replay_preserves_existing_outputs) ... ok
2026-10-04T15:21:21.5191543Z test_scope_requires_matching_route_and_body_heading (__main__.ViewerGuardTests.test_scope_requires_matching_route_and_body_heading) ... ok
2026-10-04T15:21:21.5199214Z test_source_negative_prefix_triangles_and_loss_labels (__main__.ViewerGuardTests.test_source_negative_prefix_triangles_and_loss_labels) ... ok
2026-10-04T15:21:21.5204724Z test_unknown_statement_is_not_inferred_from_account (__main__.ViewerGuardTests.test_unknown_statement_is_not_inferred_from_account) ... ok
2026-10-04T15:21:21.5221948Z test_viewer_loss_alias_is_exact_and_does_not_change_native (__main__.ViewerGuardTests.test_viewer_loss_alias_is_exact_and_does_not_change_native) ... ok
2026-10-04T15:21:21.5232353Z test_wrapped_explicit_per_share_notes_are_supported (__main__.ViewerGuardTests.test_wrapped_explicit_per_share_notes_are_supported) ... ok
2026-10-04T15:21:21.5233247Z 
2026-10-04T15:21:21.5233524Z ----------------------------------------------------------------------
2026-10-04T15:21:21.5234112Z Ran 48 tests in 2.778s
2026-10-04T15:21:21.5234327Z 
2026-10-04T15:21:21.5234442Z OK
2026-10-04T15:21:24.2685577Z {"samples": 72, "companies": 8, "receipts": 8, "source_period_end_years": ["1999", "2000"], "scope_counts": {"OFS": 46, "CFS": 26}, "results": {"stored_missing": 49, "period_mismatch": 18, "amount_mismatch": 3, "semantic_mismatch": 2}, "numeric_equal": 19, "numeric_unequal": 3, "stored_present": 23, "stored_missing": 49, "unit_unverified": 5, "correction_chain_verified": 0, "verified_pit_items": 0, "expected_sha256": "e95e0c4199905d7d59a27ed9a12b72ec4b698961f33a1c29c495819a49992240", "source_verification": "full archived primary body SHA and original literal cell offsets", "interpretation": "failure-oriented sample; not full-data certification; preserved v4 observations are not current provider inputs"}
2026-10-04T15:21:26.4432554Z test_changed_literal_span_cannot_pass_hash (__main__.AuditGuards.test_changed_literal_span_cannot_pass_hash) ... ok
2026-10-04T15:21:28.5440945Z test_changed_manual_token_disagrees_with_primary (__main__.AuditGuards.test_changed_manual_token_disagrees_with_primary) ... ok
2026-10-04T15:21:28.5472801Z test_changed_selection_is_rejected (__main__.AuditGuards.test_changed_selection_is_rejected) ... ok
2026-10-04T15:21:30.6784299Z test_changed_staging_amount_is_compared_to_primary (__main__.AuditGuards.test_changed_staging_amount_is_compared_to_primary) ... ok
2026-10-04T15:21:32.8147949Z test_complete_primary_population_and_measurement_limits (__main__.AuditGuards.test_complete_primary_population_and_measurement_limits) ... ok
2026-10-04T15:21:34.9561978Z test_consolidated_heading_cannot_supply_separate_values (__main__.AuditGuards.test_consolidated_heading_cannot_supply_separate_values) ... ok
2026-10-04T15:21:35.0090321Z test_existing_output_is_preserved (__main__.AuditGuards.test_existing_output_is_preserved) ... ok
2026-10-04T15:21:37.1098279Z test_quarter_span_cannot_be_relabelled_as_annual (__main__.AuditGuards.test_quarter_span_cannot_be_relabelled_as_annual) ... ok
2026-10-04T15:21:39.2163313Z test_unknown_unit_is_never_filled (__main__.AuditGuards.test_unknown_unit_is_never_filled) ... ok
2026-10-04T15:21:41.3012489Z test_wrong_period_end_is_rejected_by_original_header (__main__.AuditGuards.test_wrong_period_end_is_rejected_by_original_header) ... ok
2026-10-04T15:21:43.4544733Z test_wrong_previous_numeric_column_is_rejected (__main__.AuditGuards.test_wrong_previous_numeric_column_is_rejected) ... ok
2026-10-04T15:21:43.4545589Z 
2026-10-04T15:21:43.4545837Z ----------------------------------------------------------------------
2026-10-04T15:21:43.4546676Z Ran 11 tests in 19.109s
2026-10-04T15:21:43.4546910Z 
2026-10-04T15:21:43.4547068Z OK
2026-10-04T15:21:45.6440250Z {"selected_items": 46, "companies": 5, "numeric_matches": 46, "source_contract_matches": 46, "results": {"MATCH": 40, "MATCH_SOURCE_COMPONENT": 6}, "production_results": {"stored_missing": 46}, "previously_matched_staging_rows": 32, "total_numeric_matched_staging_rows": 78, "total_staging_rows": 78, "remaining_selected_staging_unreviewed": 0, "verified_pit_items": 0, "full_data_quality_complete": false, "production_rows_changed": 0, "inputs_unchanged": true, "sample_plan_sha256": "a34001b3d3b9930a06581c2a96ddc5cca403a86ec93be4c5e7cb47a7f4cdfc38"}
2026-10-04T15:21:45.7010231Z test_kst_expiry_skips_even_without_status (__main__.ScheduleGateTests.test_kst_expiry_skips_even_without_status) ... ok
2026-10-04T15:21:45.7017152Z test_last_second_of_october_allows_pending_batch (__main__.ScheduleGateTests.test_last_second_of_october_allows_pending_batch) ... ok
2026-10-04T15:21:45.7033451Z test_missing_or_corrupt_status_fails_before_collection (__main__.ScheduleGateTests.test_missing_or_corrupt_status_fails_before_collection) ... ok
2026-10-04T15:21:45.7037478Z test_queue_completion_skips_extra_batch (__main__.ScheduleGateTests.test_queue_completion_skips_extra_batch) ... ok
2026-10-04T15:21:45.7040968Z test_regular_daily_push_and_manual_do_not_depend_on_coverage (__main__.ScheduleGateTests.test_regular_daily_push_and_manual_do_not_depend_on_coverage) ... ok
2026-10-04T15:21:45.7043078Z test_unknown_schedule_and_naive_time_fail_closed (__main__.ScheduleGateTests.test_unknown_schedule_and_naive_time_fail_closed) ... ok
2026-10-04T15:21:45.7044003Z 
2026-10-04T15:21:45.7044246Z ----------------------------------------------------------------------
2026-10-04T15:21:45.7044782Z Ran 6 tests in 0.004s
2026-10-04T15:21:45.7045037Z 
2026-10-04T15:21:45.7045175Z OK
2026-10-04T15:21:45.7215430Z ##[group]Run actions/upload-artifact@v4
2026-10-04T15:21:45.7215752Z with:
2026-10-04T15:21:45.7215969Z   name: legacy-primary-72-recheck
2026-10-04T15:21:45.7216285Z   path: /home/runner/work/_temp/legacy-primary-72-recheck
2026-10-04T15:21:45.7217134Z   if-no-files-found: error
2026-10-04T15:21:45.7217364Z   retention-days: 90
2026-10-04T15:21:45.7217574Z   compression-level: 6
2026-10-04T15:21:45.7217782Z   overwrite: false
2026-10-04T15:21:45.7217995Z   include-hidden-files: false
2026-10-04T15:21:45.7218221Z env:
2026-10-04T15:21:45.7218464Z   pythonLocation: /opt/hostedtoolcache/Python/3.12.14/x64
2026-10-04T15:21:45.7218886Z   PKG_CONFIG_PATH: /opt/hostedtoolcache/Python/3.12.14/x64/lib/pkgconfig
2026-10-04T15:21:45.7219296Z   Python_ROOT_DIR: /opt/hostedtoolcache/Python/3.12.14/x64
2026-10-04T15:21:45.7219664Z   Python2_ROOT_DIR: /opt/hostedtoolcache/Python/3.12.14/x64
2026-10-04T15:21:45.7220032Z   Python3_ROOT_DIR: /opt/hostedtoolcache/Python/3.12.14/x64
2026-10-04T15:21:45.7220447Z   LD_LIBRARY_PATH: /opt/hostedtoolcache/Python/3.12.14/x64/lib
2026-10-04T15:21:45.7220767Z ##[endgroup]
2026-10-04T15:21:45.8922183Z (node:2562) [DEP0040] DeprecationWarning: The `punycode` module is deprecated. Please use a userland alternative instead.
2026-10-04T15:21:45.8923501Z (Use `node --trace-deprecation ...` to show where the warning was created)
2026-10-04T15:21:45.8995563Z With the provided path, there will be 4 files uploaded
2026-10-04T15:21:45.9007157Z Artifact name is valid!
2026-10-04T15:21:45.9017029Z Root directory input is valid!
2026-10-04T15:21:46.1760119Z Beginning upload of artifact content to blob storage
2026-10-04T15:21:46.2049028Z (node:2562) [DEP0169] DeprecationWarning: `url.parse()` behavior is not standardized and prone to errors that have security implications. Use the WHATWG URL API instead. CVEs are not issued for `url.parse()` vulnerabilities.
2026-10-04T15:21:46.3823781Z Uploaded bytes 14342
2026-10-04T15:21:46.4266259Z Finished uploading artifact content to blob storage!
2026-10-04T15:21:46.4268129Z SHA256 digest of uploaded artifact zip is ef83b7d1bee78b4a3e1a9cf0d3f462f89e5e46c055a7b671b33d4b78c19f77df
2026-10-04T15:21:46.4269447Z Finalizing artifact upload
2026-10-04T15:21:46.6347979Z Artifact legacy-primary-72-recheck.zip successfully finalized. Artifact ID 11307495802
2026-10-04T15:21:46.6349018Z Artifact legacy-primary-72-recheck has been successfully uploaded! Final size is 14342 bytes. Artifact ID is 11307495802
2026-10-04T15:21:46.6350136Z Artifact download URL: https://github.com/Horororong/quant-marcap-runner/actions/runs/37212563763/artifacts/11307495802
2026-10-04T15:21:46.6496112Z ##[group]Run actions/upload-artifact@v4
2026-10-04T15:21:46.6496801Z with:
2026-10-04T15:21:46.6497019Z   name: legacy-staging-46-audit
2026-10-04T15:21:46.6497339Z   path: /home/runner/work/_temp/legacy-staging-46-audit
2026-10-04T15:21:46.6497667Z   if-no-files-found: error
2026-10-04T15:21:46.6497907Z   retention-days: 90
2026-10-04T15:21:46.6498125Z   compression-level: 6
2026-10-04T15:21:46.6498340Z   overwrite: false
2026-10-04T15:21:46.6498555Z   include-hidden-files: false
2026-10-04T15:21:46.6498797Z env:
2026-10-04T15:21:46.6499051Z   pythonLocation: /opt/hostedtoolcache/Python/3.12.14/x64
2026-10-04T15:21:46.6499491Z   PKG_CONFIG_PATH: /opt/hostedtoolcache/Python/3.12.14/x64/lib/pkgconfig
2026-10-04T15:21:46.6499918Z   Python_ROOT_DIR: /opt/hostedtoolcache/Python/3.12.14/x64
2026-10-04T15:21:46.6500304Z   Python2_ROOT_DIR: /opt/hostedtoolcache/Python/3.12.14/x64
2026-10-04T15:21:46.6500689Z   Python3_ROOT_DIR: /opt/hostedtoolcache/Python/3.12.14/x64
2026-10-04T15:21:46.6501115Z   LD_LIBRARY_PATH: /opt/hostedtoolcache/Python/3.12.14/x64/lib
2026-10-04T15:21:46.6501440Z ##[endgroup]
2026-10-04T15:21:46.8180747Z (node:2576) [DEP0040] DeprecationWarning: The `punycode` module is deprecated. Please use a userland alternative instead.
2026-10-04T15:21:46.8181944Z (Use `node --trace-deprecation ...` to show where the warning was created)
2026-10-04T15:21:46.8256807Z With the provided path, there will be 4 files uploaded
2026-10-04T15:21:46.8262785Z Artifact name is valid!
2026-10-04T15:21:46.8263580Z Root directory input is valid!
2026-10-04T15:21:47.1003081Z Beginning upload of artifact content to blob storage
2026-10-04T15:21:47.1270403Z (node:2576) [DEP0169] DeprecationWarning: `url.parse()` behavior is not standardized and prone to errors that have security implications. Use the WHATWG URL API instead. CVEs are not issued for `url.parse()` vulnerabilities.
2026-10-04T15:21:47.2549824Z Uploaded bytes 11141
2026-10-04T15:21:47.2940253Z Finished uploading artifact content to blob storage!
2026-10-04T15:21:47.2941579Z SHA256 digest of uploaded artifact zip is f2411ca03f13ba8340105eb1847813ceb0cae630fe899654df19068df92d7400
2026-10-04T15:21:47.2942986Z Finalizing artifact upload
2026-10-04T15:21:47.5211940Z Artifact legacy-staging-46-audit.zip successfully finalized. Artifact ID 11307014374
2026-10-04T15:21:47.5213238Z Artifact legacy-staging-46-audit has been successfully uploaded! Final size is 11141 bytes. Artifact ID is 11307014374
2026-10-04T15:21:47.5218923Z Artifact download URL: https://github.com/Horororong/quant-marcap-runner/actions/runs/37212563763/artifacts/11307014374
2026-10-04T15:21:47.5352740Z ##[group]Run python -m py_compile scripts/backfill_dart_legacy_2000_2014.py scripts/backfill_super_value_fast.py
2026-10-04T15:21:47.5353607Z [36;1mpython -m py_compile scripts/backfill_dart_legacy_2000_2014.py scripts/backfill_super_value_fast.py[0m
2026-10-04T15:21:47.5418301Z shell: /usr/bin/bash -e {0}
2026-10-04T15:21:47.5418566Z env:
2026-10-04T15:21:47.5418842Z   pythonLocation: /opt/hostedtoolcache/Python/3.12.14/x64
2026-10-04T15:21:47.5419309Z   PKG_CONFIG_PATH: /opt/hostedtoolcache/Python/3.12.14/x64/lib/pkgconfig
2026-10-04T15:21:47.5419784Z   Python_ROOT_DIR: /opt/hostedtoolcache/Python/3.12.14/x64
2026-10-04T15:21:47.5420192Z   Python2_ROOT_DIR: /opt/hostedtoolcache/Python/3.12.14/x64
2026-10-04T15:21:47.5420608Z   Python3_ROOT_DIR: /opt/hostedtoolcache/Python/3.12.14/x64
2026-10-04T15:21:47.5421023Z   LD_LIBRARY_PATH: /opt/hostedtoolcache/Python/3.12.14/x64/lib
2026-10-04T15:21:47.5421370Z ##[endgroup]
2026-10-04T15:21:47.6035687Z ##[group]Run python - <<'PY'
2026-10-04T15:21:47.6036027Z [36;1mpython - <<'PY'[0m
2026-10-04T15:21:47.6036275Z [36;1mimport sys[0m
2026-10-04T15:21:47.6036791Z [36;1msys.path.insert(0, "scripts")[0m
2026-10-04T15:21:47.6037127Z [36;1mimport backfill_dart_legacy_2000_2014 as m[0m
2026-10-04T15:21:47.6037442Z [36;1mrequired = {[0m
2026-10-04T15:21:47.6037710Z [36;1m    "equity","revenue","net_income","ocf",[0m
2026-10-04T15:21:47.6038150Z [36;1m    "total_assets","total_liabilities","current_assets","current_liabilities",[0m
2026-10-04T15:21:47.6038697Z [36;1m    "cash_and_equivalents","short_term_borrowings","long_term_borrowings",[0m
2026-10-04T15:21:47.6039179Z [36;1m    "operating_income","gross_profit","ppe","capex_ppe",[0m
2026-10-04T15:21:47.6039593Z [36;1m    "depreciation","amortization","dividends_paid",[0m
2026-10-04T15:21:47.6039977Z [36;1m    "cash_dividend_total","dividend_per_share",[0m
2026-10-04T15:21:47.6040290Z [36;1m}[0m
2026-10-04T15:21:47.6040542Z [36;1mmissing = required - set(m.ALIASES)[0m
2026-10-04T15:21:47.6040967Z [36;1massert not missing, f"missing canonical metrics: {sorted(missing)}"[0m
2026-10-04T15:21:47.6041457Z [36;1massert m.CORE_4F == {"equity","revenue","net_income","ocf"}[0m
2026-10-04T15:21:47.6041978Z [36;1mprint("legacy schema OK:", m.PARSER_VERSION, len(m.ALIASES), "canonical metrics")[0m
2026-10-04T15:21:47.6042423Z [36;1mPY[0m
2026-10-04T15:21:47.6106629Z shell: /usr/bin/bash -e {0}
2026-10-04T15:21:47.6106903Z env:
2026-10-04T15:21:47.6107181Z   pythonLocation: /opt/hostedtoolcache/Python/3.12.14/x64
2026-10-04T15:21:47.6107648Z   PKG_CONFIG_PATH: /opt/hostedtoolcache/Python/3.12.14/x64/lib/pkgconfig
2026-10-04T15:21:47.6108096Z   Python_ROOT_DIR: /opt/hostedtoolcache/Python/3.12.14/x64
2026-10-04T15:21:47.6108490Z   Python2_ROOT_DIR: /opt/hostedtoolcache/Python/3.12.14/x64
2026-10-04T15:21:47.6108897Z   Python3_ROOT_DIR: /opt/hostedtoolcache/Python/3.12.14/x64
2026-10-04T15:21:47.6109304Z   LD_LIBRARY_PATH: /opt/hostedtoolcache/Python/3.12.14/x64/lib
2026-10-04T15:21:47.6109819Z ##[endgroup]
2026-10-04T15:21:48.0256157Z legacy schema OK: legacy-v5-single-amount 25 canonical metrics
2026-10-04T15:21:48.1055086Z Post job cleanup.
2026-10-04T15:21:48.2278384Z (node:2595) [DEP0040] DeprecationWarning: The `punycode` module is deprecated. Please use a userland alternative instead.
2026-10-04T15:21:48.2279417Z (Use `node --trace-deprecation ...` to show where the warning was created)
2026-10-04T15:21:48.2502228Z Post job cleanup.
2026-10-04T15:21:48.3487137Z [command]/usr/bin/git version
2026-10-04T15:21:48.3507069Z git version 2.55.0
2026-10-04T15:21:48.3555131Z Temporarily overriding HOME='/home/runner/work/_temp/8ee58366-8e77-49ed-b6d3-d407eaa4dcb9' before making global git config changes
2026-10-04T15:21:48.3556871Z Adding repository directory to the temporary git global config as a safe directory
2026-10-04T15:21:48.3561988Z [command]/usr/bin/git config --global --add safe.directory /home/runner/work/quant-marcap-runner/quant-marcap-runner
2026-10-04T15:21:48.3661225Z [command]/usr/bin/git config --local --name-only --get-regexp core\.sshCommand
2026-10-04T15:21:48.3697823Z [command]/usr/bin/git submodule foreach --recursive sh -c "git config --local --name-only --get-regexp 'core\.sshCommand' && git config --local --unset-all 'core.sshCommand' || :"
2026-10-04T15:21:48.3950952Z [command]/usr/bin/git config --local --name-only --get-regexp http\.https\:\/\/github\.com\/\.extraheader
2026-10-04T15:21:48.3966797Z http.https://github.com/.extraheader
2026-10-04T15:21:48.3981018Z [command]/usr/bin/git config --local --unset-all http.https://github.com/.extraheader
2026-10-04T15:21:48.4023913Z [command]/usr/bin/git submodule foreach --recursive sh -c "git config --local --name-only --get-regexp 'http\.https\:\/\/github\.com\/\.extraheader' && git config --local --unset-all 'http.https://github.com/.extraheader' || :"
2026-10-04T15:21:48.4314135Z [command]/usr/bin/git config --local --name-only --get-regexp ^includeIf\.gitdir:
2026-10-04T15:21:48.4351257Z [command]/usr/bin/git submodule foreach --recursive git config --local --show-origin --name-only --get-regexp remote.origin.url
2026-10-04T15:21:48.4800171Z Cleaning up orphan processes
2026-10-04T15:21:48.5129996Z ##[warning]Node.js 20 is deprecated. The following actions target Node.js 20 but are being forced to run on Node.js 24: actions/checkout@v4, actions/setup-python@v5, actions/upload-artifact@v4. For more information see: https://github.blog/changelog/2025-09-19-deprecation-of-node-20-on-github-actions-runners/

