2026-10-04T11:42:38.5550986Z Current runner version: '2.337.0'
2026-10-04T11:42:38.5577075Z ##[group]Runner Image Provisioner
2026-10-04T11:42:38.5577963Z Hosted Compute Agent
2026-10-04T11:42:38.5579041Z Version: 20260901.588
2026-10-04T11:42:38.5579961Z Commit: f88ec8081b781fac6c440065ac7ff9e710ce3d0b
2026-10-04T11:42:38.5580788Z Build Date: 2026-09-01T19:56:44Z
2026-10-04T11:42:38.5581523Z Worker ID: {055bcc01-bc80-452a-a4c6-d7f21a37b027}
2026-10-04T11:42:38.5582265Z Azure Region: centralus
2026-10-04T11:42:38.5582930Z ##[endgroup]
2026-10-04T11:42:38.5584492Z ##[group]Operating System
2026-10-04T11:42:38.5585129Z Ubuntu
2026-10-04T11:42:38.5585822Z 24.04.5
2026-10-04T11:42:38.5586399Z LTS
2026-10-04T11:42:38.5586993Z ##[endgroup]
2026-10-04T11:42:38.5587622Z ##[group]Runner Image
2026-10-04T11:42:38.5588235Z Image: ubuntu-24.04
2026-10-04T11:42:38.5588914Z Version: 20260927.320.1
2026-10-04T11:42:38.5590345Z Included Software: https://github.com/actions/runner-images/blob/ubuntu24/20260927.320/images/ubuntu/Ubuntu2404-Readme.md
2026-10-04T11:42:38.5592096Z Image Release: https://github.com/actions/runner-images/releases/tag/ubuntu24%2F20260927.320
2026-10-04T11:42:38.5593093Z ##[endgroup]
2026-10-04T11:42:38.5594408Z ##[group]GITHUB_TOKEN Permissions
2026-10-04T11:42:38.5596582Z Contents: read
2026-10-04T11:42:38.5597375Z Metadata: read
2026-10-04T11:42:38.5597972Z Packages: read
2026-10-04T11:42:38.5598595Z ##[endgroup]
2026-10-04T11:42:38.5601889Z Secret source: Actions
2026-10-04T11:42:38.5602997Z Cache mode: write
2026-10-04T11:42:38.5603766Z Prepare workflow directory
2026-10-04T11:42:38.5989261Z Prepare all required actions
2026-10-04T11:42:38.6036220Z Getting action download info
2026-10-04T11:42:38.9058856Z Download action repository 'actions/checkout@v4' (SHA:11d5960a326750d5838078e36cf38b85af677262)
2026-10-04T11:42:39.0032750Z Download action repository 'actions/setup-python@v5' (SHA:a26af69be951a213d495a4c3e4e4022e16d87065)
2026-10-04T11:42:39.0880013Z Download action repository 'actions/upload-artifact@v4' (SHA:ea165f8d65b6e75b540449e92b4886f43607fa02)
2026-10-04T11:42:39.3103205Z Complete job name: validate
2026-10-04T11:42:39.3867640Z ##[group]Run actions/checkout@v4
2026-10-04T11:42:39.3868467Z with:
2026-10-04T11:42:39.3868953Z   repository: Horororong/quant-marcap-runner
2026-10-04T11:42:39.3873105Z   token: ***
2026-10-04T11:42:39.3873546Z   ssh-strict: true
2026-10-04T11:42:39.3873987Z   ssh-user: git
2026-10-04T11:42:39.3874434Z   persist-credentials: true
2026-10-04T11:42:39.3874918Z   clean: true
2026-10-04T11:42:39.3875357Z   sparse-checkout-cone-mode: true
2026-10-04T11:42:39.3875872Z   fetch-depth: 1
2026-10-04T11:42:39.3876300Z   fetch-tags: false
2026-10-04T11:42:39.3876737Z   show-progress: true
2026-10-04T11:42:39.3877175Z   lfs: false
2026-10-04T11:42:39.3877590Z   submodules: false
2026-10-04T11:42:39.3878034Z   set-safe-directory: true
2026-10-04T11:42:39.3878547Z   allow-unsafe-pr-checkout: false
2026-10-04T11:42:39.3879242Z ##[endgroup]
2026-10-04T11:42:39.4874726Z Syncing repository: Horororong/quant-marcap-runner
2026-10-04T11:42:39.4877377Z ##[group]Getting Git version info
2026-10-04T11:42:39.4878728Z Working directory is '/home/runner/work/quant-marcap-runner/quant-marcap-runner'
2026-10-04T11:42:39.4880855Z [command]/usr/bin/git version
2026-10-04T11:42:39.4954974Z git version 2.55.0
2026-10-04T11:42:39.4976183Z ##[endgroup]
2026-10-04T11:42:39.4991123Z Temporarily overriding HOME='/home/runner/work/_temp/6b9aa973-2dff-4ba8-ba10-db0396702168' before making global git config changes
2026-10-04T11:42:39.4996964Z Adding repository directory to the temporary git global config as a safe directory
2026-10-04T11:42:39.4999029Z [command]/usr/bin/git config --global --add safe.directory /home/runner/work/quant-marcap-runner/quant-marcap-runner
2026-10-04T11:42:39.5053838Z Deleting the contents of '/home/runner/work/quant-marcap-runner/quant-marcap-runner'
2026-10-04T11:42:39.5058550Z ##[group]Initializing the repository
2026-10-04T11:42:39.5063760Z [command]/usr/bin/git init /home/runner/work/quant-marcap-runner/quant-marcap-runner
2026-10-04T11:42:39.5161586Z hint: Using 'master' as the name for the initial branch. This default branch name
2026-10-04T11:42:39.5163323Z hint: will change to "main" in Git 3.0. To configure the initial branch name
2026-10-04T11:42:39.5166752Z hint: to use in all of your new repositories, which will suppress this warning,
2026-10-04T11:42:39.5167924Z hint: call:
2026-10-04T11:42:39.5169036Z hint:
2026-10-04T11:42:39.5170007Z hint: 	git config --global init.defaultBranch <name>
2026-10-04T11:42:39.5170966Z hint:
2026-10-04T11:42:39.5171908Z hint: Names commonly chosen instead of 'master' are 'main', 'trunk' and
2026-10-04T11:42:39.5173378Z hint: 'development'. The just-created branch can be renamed via this command:
2026-10-04T11:42:39.5174538Z hint:
2026-10-04T11:42:39.5175181Z hint: 	git branch -m <name>
2026-10-04T11:42:39.5175906Z hint:
2026-10-04T11:42:39.5176882Z hint: Disable this message with "git config set advice.defaultBranchName false"
2026-10-04T11:42:39.5178918Z Initialized empty Git repository in /home/runner/work/quant-marcap-runner/quant-marcap-runner/.git/
2026-10-04T11:42:39.5182307Z [command]/usr/bin/git remote add origin https://github.com/Horororong/quant-marcap-runner
2026-10-04T11:42:39.5233648Z ##[endgroup]
2026-10-04T11:42:39.5234970Z ##[group]Disabling automatic garbage collection
2026-10-04T11:42:39.5238511Z [command]/usr/bin/git config --local gc.auto 0
2026-10-04T11:42:39.5276348Z ##[endgroup]
2026-10-04T11:42:39.5277752Z ##[group]Setting up auth
2026-10-04T11:42:39.5283905Z [command]/usr/bin/git config --local --name-only --get-regexp core\.sshCommand
2026-10-04T11:42:39.5339685Z [command]/usr/bin/git submodule foreach --recursive sh -c "git config --local --name-only --get-regexp 'core\.sshCommand' && git config --local --unset-all 'core.sshCommand' || :"
2026-10-04T11:42:39.5744495Z [command]/usr/bin/git config --local --name-only --get-regexp http\.https\:\/\/github\.com\/\.extraheader
2026-10-04T11:42:39.5834884Z [command]/usr/bin/git submodule foreach --recursive sh -c "git config --local --name-only --get-regexp 'http\.https\:\/\/github\.com\/\.extraheader' && git config --local --unset-all 'http.https://github.com/.extraheader' || :"
2026-10-04T11:42:39.6122511Z [command]/usr/bin/git config --local --name-only --get-regexp ^includeIf\.gitdir:
2026-10-04T11:42:39.6165101Z [command]/usr/bin/git submodule foreach --recursive git config --local --show-origin --name-only --get-regexp remote.origin.url
2026-10-04T11:42:39.6432500Z [command]/usr/bin/git config --local http.https://github.com/.extraheader AUTHORIZATION: basic ***
2026-10-04T11:42:39.6474862Z ##[endgroup]
2026-10-04T11:42:39.6475694Z ##[group]Fetching the repository
2026-10-04T11:42:39.6485192Z [command]/usr/bin/git -c protocol.version=2 fetch --no-tags --prune --no-recurse-submodules --depth=1 origin +1af7b8952d1d346129b2eae1ccde67f105ca1eae:refs/remotes/origin/fix/legacy-no-metrics-resume-20261004
2026-10-04T11:43:41.7942105Z From https://github.com/Horororong/quant-marcap-runner
2026-10-04T11:43:41.7943139Z  * [new ref]         1af7b8952d1d346129b2eae1ccde67f105ca1eae -> origin/fix/legacy-no-metrics-resume-20261004
2026-10-04T11:43:41.7946428Z ##[endgroup]
2026-10-04T11:43:41.7947179Z ##[group]Determining the checkout info
2026-10-04T11:43:41.7948477Z ##[endgroup]
2026-10-04T11:43:41.7957093Z [command]/usr/bin/git sparse-checkout disable
2026-10-04T11:43:41.8026901Z [command]/usr/bin/git config --local --unset-all extensions.worktreeConfig
2026-10-04T11:43:41.8062132Z ##[group]Checking out the ref
2026-10-04T11:43:41.8063338Z [command]/usr/bin/git checkout --progress --force -B fix/legacy-no-metrics-resume-20261004 refs/remotes/origin/fix/legacy-no-metrics-resume-20261004
2026-10-04T11:43:42.8728824Z Updating files:  33% (382/1133)
2026-10-04T11:43:42.9603515Z Updating files:  34% (386/1133)
2026-10-04T11:43:43.0195270Z Updating files:  35% (397/1133)
2026-10-04T11:43:43.1135411Z Updating files:  36% (408/1133)
2026-10-04T11:43:43.6192479Z Updating files:  37% (420/1133)
2026-10-04T11:43:43.8631796Z Updating files:  38% (431/1133)
2026-10-04T11:43:44.6126064Z Updating files:  38% (434/1133)
2026-10-04T11:43:44.9077885Z Updating files:  39% (442/1133)
2026-10-04T11:43:45.8671328Z Updating files:  39% (445/1133)
2026-10-04T11:43:46.0045810Z Updating files:  39% (453/1133)
2026-10-04T11:43:46.1192138Z Updating files:  40% (454/1133)
2026-10-04T11:43:46.1585391Z Updating files:  41% (465/1133)
2026-10-04T11:43:46.1711149Z Updating files:  42% (476/1133)
2026-10-04T11:43:46.1719323Z Updating files:  43% (488/1133)
2026-10-04T11:43:46.1730968Z Updating files:  44% (499/1133)
2026-10-04T11:43:46.1742332Z Updating files:  45% (510/1133)
2026-10-04T11:43:46.1753896Z Updating files:  46% (522/1133)
2026-10-04T11:43:46.1765384Z Updating files:  47% (533/1133)
2026-10-04T11:43:46.1774217Z Updating files:  48% (544/1133)
2026-10-04T11:43:46.1810924Z Updating files:  49% (556/1133)
2026-10-04T11:43:46.1819667Z Updating files:  50% (567/1133)
2026-10-04T11:43:46.1830424Z Updating files:  51% (578/1133)
2026-10-04T11:43:46.1840419Z Updating files:  52% (590/1133)
2026-10-04T11:43:46.1846904Z Updating files:  53% (601/1133)
2026-10-04T11:43:46.1860121Z Updating files:  54% (612/1133)
2026-10-04T11:43:46.1866346Z Updating files:  55% (624/1133)
2026-10-04T11:43:46.1872403Z Updating files:  56% (635/1133)
2026-10-04T11:43:46.1881130Z Updating files:  57% (646/1133)
2026-10-04T11:43:46.1889398Z Updating files:  58% (658/1133)
2026-10-04T11:43:46.1896022Z Updating files:  59% (669/1133)
2026-10-04T11:43:46.1987352Z Updating files:  60% (680/1133)
2026-10-04T11:43:46.1988142Z Updating files:  61% (692/1133)
2026-10-04T11:43:46.1988630Z Updating files:  62% (703/1133)
2026-10-04T11:43:46.1988922Z Updating files:  63% (714/1133)
2026-10-04T11:43:46.2246069Z Updating files:  64% (726/1133)
2026-10-04T11:43:46.2504998Z Updating files:  65% (737/1133)
2026-10-04T11:43:46.2929943Z Updating files:  66% (748/1133)
2026-10-04T11:43:46.3004572Z Updating files:  67% (760/1133)
2026-10-04T11:43:46.3075131Z Updating files:  68% (771/1133)
2026-10-04T11:43:46.3149104Z Updating files:  69% (782/1133)
2026-10-04T11:43:46.3165599Z Updating files:  70% (794/1133)
2026-10-04T11:43:46.3221495Z Updating files:  71% (805/1133)
2026-10-04T11:43:46.3261618Z Updating files:  72% (816/1133)
2026-10-04T11:43:46.3297173Z Updating files:  73% (828/1133)
2026-10-04T11:43:46.3306421Z Updating files:  74% (839/1133)
2026-10-04T11:43:46.3333449Z Updating files:  75% (850/1133)
2026-10-04T11:43:46.3379288Z Updating files:  76% (862/1133)
2026-10-04T11:43:46.3420762Z Updating files:  77% (873/1133)
2026-10-04T11:43:46.3438049Z Updating files:  78% (884/1133)
2026-10-04T11:43:46.3473760Z Updating files:  79% (896/1133)
2026-10-04T11:43:46.3541968Z Updating files:  80% (907/1133)
2026-10-04T11:43:46.4240149Z Updating files:  81% (918/1133)
2026-10-04T11:43:46.4256648Z Updating files:  82% (930/1133)
2026-10-04T11:43:46.4293905Z Updating files:  83% (941/1133)
2026-10-04T11:43:46.4313641Z Updating files:  84% (952/1133)
2026-10-04T11:43:46.4325531Z Updating files:  85% (964/1133)
2026-10-04T11:43:46.4336102Z Updating files:  86% (975/1133)
2026-10-04T11:43:46.4349160Z Updating files:  87% (986/1133)
2026-10-04T11:43:46.4357396Z Updating files:  88% (998/1133)
2026-10-04T11:43:46.4365592Z Updating files:  89% (1009/1133)
2026-10-04T11:43:46.4374236Z Updating files:  90% (1020/1133)
2026-10-04T11:43:46.4396612Z Updating files:  91% (1032/1133)
2026-10-04T11:43:46.4405955Z Updating files:  92% (1043/1133)
2026-10-04T11:43:46.4417464Z Updating files:  93% (1054/1133)
2026-10-04T11:43:46.4426640Z Updating files:  94% (1066/1133)
2026-10-04T11:43:46.4434674Z Updating files:  95% (1077/1133)
2026-10-04T11:43:46.4446551Z Updating files:  96% (1088/1133)
2026-10-04T11:43:46.4455982Z Updating files:  97% (1100/1133)
2026-10-04T11:43:46.4462423Z Updating files:  98% (1111/1133)
2026-10-04T11:43:46.4470060Z Updating files:  99% (1122/1133)
2026-10-04T11:43:46.4470801Z Updating files: 100% (1133/1133)
2026-10-04T11:43:46.4471316Z Updating files: 100% (1133/1133), done.
2026-10-04T11:43:46.4498973Z Switched to a new branch 'fix/legacy-no-metrics-resume-20261004'
2026-10-04T11:43:46.4502524Z branch 'fix/legacy-no-metrics-resume-20261004' set up to track 'origin/fix/legacy-no-metrics-resume-20261004'.
2026-10-04T11:43:46.4662248Z ##[endgroup]
2026-10-04T11:43:46.4716039Z [command]/usr/bin/git log -1 --format=%H
2026-10-04T11:43:46.4758241Z 1af7b8952d1d346129b2eae1ccde67f105ca1eae
2026-10-04T11:43:46.5036914Z ##[group]Run actions/setup-python@v5
2026-10-04T11:43:46.5037234Z with:
2026-10-04T11:43:46.5037448Z   python-version: 3.12
2026-10-04T11:43:46.5037716Z   check-latest: false
2026-10-04T11:43:46.5040401Z   token: ***
2026-10-04T11:43:46.5040644Z   update-environment: true
2026-10-04T11:43:46.5040906Z   allow-prereleases: false
2026-10-04T11:43:46.5041163Z   freethreaded: false
2026-10-04T11:43:46.5041390Z ##[endgroup]
2026-10-04T11:43:46.6399281Z ##[group]Installed versions
2026-10-04T11:43:46.6476147Z (node:2314) [DEP0040] DeprecationWarning: The `punycode` module is deprecated. Please use a userland alternative instead.
2026-10-04T11:43:46.6477173Z (Use `node --trace-deprecation ...` to show where the warning was created)
2026-10-04T11:43:46.6479896Z Successfully set up CPython (3.12.14)
2026-10-04T11:43:46.6495537Z ##[endgroup]
2026-10-04T11:43:46.6698051Z ##[group]Run pip install pandas requests beautifulsoup4 lxml pytest pyyaml
2026-10-04T11:43:46.6698698Z [36;1mpip install pandas requests beautifulsoup4 lxml pytest pyyaml[0m
2026-10-04T11:43:46.6995214Z shell: /usr/bin/bash -e {0}
2026-10-04T11:43:46.6995552Z env:
2026-10-04T11:43:46.6995867Z   pythonLocation: /opt/hostedtoolcache/Python/3.12.14/x64
2026-10-04T11:43:46.6996338Z   PKG_CONFIG_PATH: /opt/hostedtoolcache/Python/3.12.14/x64/lib/pkgconfig
2026-10-04T11:43:46.6996787Z   Python_ROOT_DIR: /opt/hostedtoolcache/Python/3.12.14/x64
2026-10-04T11:43:46.6997177Z   Python2_ROOT_DIR: /opt/hostedtoolcache/Python/3.12.14/x64
2026-10-04T11:43:46.6997577Z   Python3_ROOT_DIR: /opt/hostedtoolcache/Python/3.12.14/x64
2026-10-04T11:43:46.6997955Z   LD_LIBRARY_PATH: /opt/hostedtoolcache/Python/3.12.14/x64/lib
2026-10-04T11:43:46.6998329Z ##[endgroup]
2026-10-04T11:43:47.7688230Z Collecting pandas
2026-10-04T11:43:47.8656429Z   Downloading pandas-3.0.6-cp312-cp312-manylinux_2_24_x86_64.manylinux_2_28_x86_64.whl.metadata (79 kB)
2026-10-04T11:43:47.9594014Z Collecting requests
2026-10-04T11:43:47.9745550Z   Downloading requests-2.34.2-py3-none-any.whl.metadata (4.8 kB)
2026-10-04T11:43:48.0030126Z Collecting beautifulsoup4
2026-10-04T11:43:48.0180440Z   Downloading beautifulsoup4-4.15.0-py3-none-any.whl.metadata (3.8 kB)
2026-10-04T11:43:48.3049641Z Collecting lxml
2026-10-04T11:43:48.3205963Z   Downloading lxml-6.1.3-cp312-cp312-manylinux_2_26_x86_64.manylinux_2_28_x86_64.whl.metadata (3.3 kB)
2026-10-04T11:43:48.3632416Z Collecting pytest
2026-10-04T11:43:48.3791350Z   Downloading pytest-9.1.1-py3-none-any.whl.metadata (7.6 kB)
2026-10-04T11:43:48.4263292Z Collecting pyyaml
2026-10-04T11:43:48.4417221Z   Downloading pyyaml-6.0.3-cp312-cp312-manylinux2014_x86_64.manylinux_2_17_x86_64.manylinux_2_28_x86_64.whl.metadata (2.4 kB)
2026-10-04T11:43:48.6676323Z Collecting numpy>=1.26.0 (from pandas)
2026-10-04T11:43:48.6832759Z   Downloading numpy-2.5.3-cp312-cp312-manylinux_2_27_x86_64.manylinux_2_28_x86_64.whl.metadata (6.6 kB)
2026-10-04T11:43:48.7081560Z Collecting python-dateutil>=2.8.2 (from pandas)
2026-10-04T11:43:48.7236033Z   Downloading python_dateutil-2.9.0.post0-py2.py3-none-any.whl.metadata (8.4 kB)
2026-10-04T11:43:48.8617018Z Collecting charset_normalizer<4,>=2 (from requests)
2026-10-04T11:43:48.8772442Z   Downloading charset_normalizer-3.5.2-cp312-cp312-manylinux2014_x86_64.manylinux_2_17_x86_64.manylinux_2_28_x86_64.whl.metadata (46 kB)
2026-10-04T11:43:48.9137892Z Collecting idna<4,>=2.5 (from requests)
2026-10-04T11:43:48.9291646Z   Downloading idna-3.20-py3-none-any.whl.metadata (7.2 kB)
2026-10-04T11:43:48.9613995Z Collecting urllib3<3,>=1.26 (from requests)
2026-10-04T11:43:48.9767536Z   Downloading urllib3-2.8.0-py3-none-any.whl.metadata (7.4 kB)
2026-10-04T11:43:49.0067154Z Collecting certifi>=2023.5.7 (from requests)
2026-10-04T11:43:49.0218892Z   Downloading certifi-2026.7.22-py3-none-any.whl.metadata (2.5 kB)
2026-10-04T11:43:49.0529366Z Collecting soupsieve>=1.6.1 (from beautifulsoup4)
2026-10-04T11:43:49.0846530Z   Downloading soupsieve-2.10-py3-none-any.whl.metadata (4.4 kB)
2026-10-04T11:43:49.1120860Z Collecting typing-extensions>=4.0.0 (from beautifulsoup4)
2026-10-04T11:43:49.1272128Z   Downloading typing_extensions-4.16.0-py3-none-any.whl.metadata (3.3 kB)
2026-10-04T11:43:49.1493527Z Collecting iniconfig>=1.0.1 (from pytest)
2026-10-04T11:43:49.1643609Z   Downloading iniconfig-2.3.0-py3-none-any.whl.metadata (2.5 kB)
2026-10-04T11:43:49.1902269Z Collecting packaging>=22 (from pytest)
2026-10-04T11:43:49.2053664Z   Downloading packaging-26.3-py3-none-any.whl.metadata (3.5 kB)
2026-10-04T11:43:49.2281597Z Collecting pluggy<2,>=1.5 (from pytest)
2026-10-04T11:43:49.2432379Z   Downloading pluggy-1.6.0-py3-none-any.whl.metadata (4.8 kB)
2026-10-04T11:43:49.2725144Z Collecting pygments>=2.7.2 (from pytest)
2026-10-04T11:43:49.2875165Z   Downloading pygments-2.21.0-py3-none-any.whl.metadata (2.5 kB)
2026-10-04T11:43:49.3136320Z Collecting six>=1.5 (from python-dateutil>=2.8.2->pandas)
2026-10-04T11:43:49.3286270Z   Downloading six-1.17.0-py2.py3-none-any.whl.metadata (1.7 kB)
2026-10-04T11:43:49.3475881Z Downloading pandas-3.0.6-cp312-cp312-manylinux_2_24_x86_64.manylinux_2_28_x86_64.whl (10.8 MB)
2026-10-04T11:43:49.9169496Z    ━━━━━━━━━━━━━━━━━━━━━━━━━━━━━━━━━━━━━━━━ 10.8/10.8 MB 20.0 MB/s  0:00:00
2026-10-04T11:43:49.9325346Z Downloading requests-2.34.2-py3-none-any.whl (73 kB)
2026-10-04T11:43:49.9500436Z Downloading charset_normalizer-3.5.2-cp312-cp312-manylinux2014_x86_64.manylinux_2_17_x86_64.manylinux_2_28_x86_64.whl (257 kB)
2026-10-04T11:43:49.9704377Z Downloading idna-3.20-py3-none-any.whl (69 kB)
2026-10-04T11:43:49.9876525Z Downloading urllib3-2.8.0-py3-none-any.whl (135 kB)
2026-10-04T11:43:50.0060963Z Downloading beautifulsoup4-4.15.0-py3-none-any.whl (109 kB)
2026-10-04T11:43:50.0242934Z Downloading lxml-6.1.3-cp312-cp312-manylinux_2_26_x86_64.manylinux_2_28_x86_64.whl (5.2 MB)
2026-10-04T11:43:50.1277380Z    ━━━━━━━━━━━━━━━━━━━━━━━━━━━━━━━━━━━━━━━━ 5.2/5.2 MB 50.7 MB/s  0:00:00
2026-10-04T11:43:50.1430970Z Downloading pytest-9.1.1-py3-none-any.whl (386 kB)
2026-10-04T11:43:50.1643822Z Downloading pluggy-1.6.0-py3-none-any.whl (20 kB)
2026-10-04T11:43:50.1824108Z Downloading pyyaml-6.0.3-cp312-cp312-manylinux2014_x86_64.manylinux_2_17_x86_64.manylinux_2_28_x86_64.whl (807 kB)
2026-10-04T11:43:50.1951851Z    ━━━━━━━━━━━━━━━━━━━━━━━━━━━━━━━━━━━━━━━━ 807.9/807.9 kB 62.0 MB/s  0:00:00
2026-10-04T11:43:50.2102226Z Downloading certifi-2026.7.22-py3-none-any.whl (136 kB)
2026-10-04T11:43:50.2283163Z Downloading iniconfig-2.3.0-py3-none-any.whl (7.5 kB)
2026-10-04T11:43:50.2452019Z Downloading numpy-2.5.3-cp312-cp312-manylinux_2_27_x86_64.manylinux_2_28_x86_64.whl (16.7 MB)
2026-10-04T11:43:50.4480252Z    ━━━━━━━━━━━━━━━━━━━━━━━━━━━━━━━━━━━━━━━━ 16.7/16.7 MB 82.9 MB/s  0:00:00
2026-10-04T11:43:50.4633087Z Downloading packaging-26.3-py3-none-any.whl (129 kB)
2026-10-04T11:43:50.4805414Z Downloading pygments-2.21.0-py3-none-any.whl (1.3 MB)
2026-10-04T11:43:50.4919508Z    ━━━━━━━━━━━━━━━━━━━━━━━━━━━━━━━━━━━━━━━━ 1.3/1.3 MB 110.3 MB/s  0:00:00
2026-10-04T11:43:50.5072071Z Downloading python_dateutil-2.9.0.post0-py2.py3-none-any.whl (229 kB)
2026-10-04T11:43:50.5247233Z Downloading six-1.17.0-py2.py3-none-any.whl (11 kB)
2026-10-04T11:43:50.5416240Z Downloading soupsieve-2.10-py3-none-any.whl (38 kB)
2026-10-04T11:43:50.5585378Z Downloading typing_extensions-4.16.0-py3-none-any.whl (45 kB)
2026-10-04T11:43:50.7386851Z Installing collected packages: urllib3, typing-extensions, soupsieve, six, pyyaml, pygments, pluggy, packaging, numpy, lxml, iniconfig, idna, charset_normalizer, certifi, requests, python-dateutil, pytest, beautifulsoup4, pandas
2026-10-04T11:43:59.4637933Z 
2026-10-04T11:43:59.4660943Z Successfully installed beautifulsoup4-4.15.0 certifi-2026.7.22 charset_normalizer-3.5.2 idna-3.20 iniconfig-2.3.0 lxml-6.1.3 numpy-2.5.3 packaging-26.3 pandas-3.0.6 pluggy-1.6.0 pygments-2.21.0 pytest-9.1.1 python-dateutil-2.9.0.post0 pyyaml-6.0.3 requests-2.34.2 six-1.17.0 soupsieve-2.10 typing-extensions-4.16.0 urllib3-2.8.0
2026-10-04T11:43:59.5596690Z ##[group]Run for test_file in tests/test_legacy_dart_parser.py tests/test_legacy_backfill_resume.py tests/test_legacy_backfill_automation.py tests/test_legacy_source_evidence.py tests/test_legacy_document_quality.py; do
2026-10-04T11:43:59.5598161Z [36;1mfor test_file in tests/test_legacy_dart_parser.py tests/test_legacy_backfill_resume.py tests/test_legacy_backfill_automation.py tests/test_legacy_source_evidence.py tests/test_legacy_document_quality.py; do[0m
2026-10-04T11:43:59.5599193Z [36;1m  timeout -k 5s 60s python -u -m pytest "$test_file" -vv -s -o faulthandler_timeout=15 || exit $?[0m
2026-10-04T11:43:59.5599685Z [36;1mdone[0m
2026-10-04T11:43:59.5600424Z [36;1mtimeout -k 5s 30s python -u scripts/test_legacy_no_metrics_recovery.py[0m
2026-10-04T11:43:59.5601155Z [36;1mtimeout -k 5s 30s python -u scripts/test_legacy_document_quality.py[0m
2026-10-04T11:43:59.5601693Z [36;1mtimeout -k 5s 30s python -u scripts/test_legacy_viewer_sections.py[0m
2026-10-04T11:43:59.5602222Z [36;1mtimeout -k 5s 30s python -u scripts/test_legacy_viewer_source.py[0m
2026-10-04T11:43:59.5602876Z [36;1mtimeout -k 5s 60s python -u scripts/recheck_legacy_primary_audit.py --output-dir "$RUNNER_TEMP/legacy-primary-72-recheck"[0m
2026-10-04T11:43:59.5603586Z [36;1mtimeout -k 5s 60s python -u docs/audits/viewer-staging46-20261004/test_audit_guards.py[0m
2026-10-04T11:43:59.5604362Z [36;1mtimeout -k 5s 60s python -u docs/audits/viewer-staging46-20261004/verify_remaining_cells.py --output-dir "$RUNNER_TEMP/legacy-staging-46-audit"[0m
2026-10-04T11:43:59.5605063Z [36;1mtimeout -k 5s 30s python -u scripts/test_legacy_schedule_gate.py[0m
2026-10-04T11:43:59.5677750Z shell: /usr/bin/bash -e {0}
2026-10-04T11:43:59.5678021Z env:
2026-10-04T11:43:59.5678308Z   pythonLocation: /opt/hostedtoolcache/Python/3.12.14/x64
2026-10-04T11:43:59.5678757Z   PKG_CONFIG_PATH: /opt/hostedtoolcache/Python/3.12.14/x64/lib/pkgconfig
2026-10-04T11:43:59.5679193Z   Python_ROOT_DIR: /opt/hostedtoolcache/Python/3.12.14/x64
2026-10-04T11:43:59.5679573Z   Python2_ROOT_DIR: /opt/hostedtoolcache/Python/3.12.14/x64
2026-10-04T11:43:59.5680206Z   Python3_ROOT_DIR: /opt/hostedtoolcache/Python/3.12.14/x64
2026-10-04T11:43:59.5680586Z   LD_LIBRARY_PATH: /opt/hostedtoolcache/Python/3.12.14/x64/lib
2026-10-04T11:43:59.5680920Z ##[endgroup]
2026-10-04T11:43:59.9280898Z ============================= test session starts ==============================
2026-10-04T11:43:59.9283917Z platform linux -- Python 3.12.14, pytest-9.1.1, pluggy-1.6.0 -- /opt/hostedtoolcache/Python/3.12.14/x64/bin/python
2026-10-04T11:43:59.9284770Z cachedir: .pytest_cache
2026-10-04T11:43:59.9285294Z rootdir: /home/runner/work/quant-marcap-runner/quant-marcap-runner
2026-10-04T11:44:01.7914511Z collecting ... collected 19 items
2026-10-04T11:44:01.7919131Z 
2026-10-04T11:44:01.7929461Z tests/test_legacy_dart_parser.py::test_legacy_negative_symbols PASSED
2026-10-04T11:44:01.7952639Z tests/test_legacy_dart_parser.py::test_loss_label_normalizes_positive_magnitude PASSED
2026-10-04T11:44:01.7957643Z tests/test_legacy_dart_parser.py::test_parser_version_requires_reprocessing PASSED
2026-10-04T11:44:01.7964638Z tests/test_legacy_dart_parser.py::test_ambiguous_or_missing_numeric_cells_are_not_invented_amounts[751,637 22,35416,940] PASSED
2026-10-04T11:44:01.7970586Z tests/test_legacy_dart_parser.py::test_ambiguous_or_missing_numeric_cells_are_not_invented_amounts[670,000200,0001,500,000] PASSED
2026-10-04T11:44:01.7976231Z tests/test_legacy_dart_parser.py::test_ambiguous_or_missing_numeric_cells_are_not_invented_amounts[83 15,787 13,418 100] PASSED
2026-10-04T11:44:01.7981866Z tests/test_legacy_dart_parser.py::test_ambiguous_or_missing_numeric_cells_are_not_invented_amounts[12,34] PASSED
2026-10-04T11:44:01.7987616Z tests/test_legacy_dart_parser.py::test_ambiguous_or_missing_numeric_cells_are_not_invented_amounts[1.5%] PASSED
2026-10-04T11:44:01.7993476Z tests/test_legacy_dart_parser.py::test_ambiguous_or_missing_numeric_cells_are_not_invented_amounts[1 (\uc8fc2)] PASSED
2026-10-04T11:44:01.7999168Z tests/test_legacy_dart_parser.py::test_ambiguous_or_missing_numeric_cells_are_not_invented_amounts[-] PASSED
2026-10-04T11:44:01.8004788Z tests/test_legacy_dart_parser.py::test_ambiguous_or_missing_numeric_cells_are_not_invented_amounts[\u2014] PASSED
2026-10-04T11:44:01.8010353Z tests/test_legacy_dart_parser.py::test_ambiguous_or_missing_numeric_cells_are_not_invented_amounts[\u2013] PASSED
2026-10-04T11:44:01.8042918Z tests/test_legacy_dart_parser.py::test_real_source_combined_annual_summary_is_not_current_quarter_income PASSED
2026-10-04T11:44:01.8048059Z tests/test_legacy_dart_parser.py::test_explicit_valid_amounts_and_zero_remain_supported PASSED
2026-10-04T11:44:01.8063481Z tests/test_legacy_dart_parser.py::test_unknown_statement_and_partial_alias_do_not_become_financial_metrics PASSED
2026-10-04T11:44:01.8074790Z tests/test_legacy_dart_parser.py::test_nonfinite_scaled_value_cannot_be_usable_money PASSED
2026-10-04T11:44:01.8081596Z tests/test_legacy_dart_parser.py::test_parentheses_and_negative_sign_do_not_double_flip[(-1,170,019,230)--1170019230] PASSED
2026-10-04T11:44:01.8089235Z tests/test_legacy_dart_parser.py::test_parentheses_and_negative_sign_do_not_double_flip[(-482,479,885)--482479885] PASSED
2026-10-04T11:44:01.8101822Z tests/test_legacy_dart_parser.py::test_parentheses_and_negative_sign_do_not_double_flip[(\u25b362,175,514)--62175514] PASSED
2026-10-04T11:44:01.8102648Z 
2026-10-04T11:44:01.8103028Z ============================== 19 passed in 1.88s ==============================
2026-10-04T11:44:02.0893179Z ============================= test session starts ==============================
2026-10-04T11:44:02.0895432Z platform linux -- Python 3.12.14, pytest-9.1.1, pluggy-1.6.0 -- /opt/hostedtoolcache/Python/3.12.14/x64/bin/python
2026-10-04T11:44:02.0896462Z cachedir: .pytest_cache
2026-10-04T11:44:02.0896928Z rootdir: /home/runner/work/quant-marcap-runner/quant-marcap-runner
2026-10-04T11:44:02.4929108Z collecting ... collected 22 items
2026-10-04T11:44:02.4933915Z 
2026-10-04T11:44:02.5518331Z tests/test_legacy_backfill_resume.py::test_checkpoint_survives_interruption_and_resume_skips_durable_receipt legacy checkpoint: 1 receipts persisted
2026-10-04T11:44:02.6381379Z legacy checkpoint: 1 receipts persisted
2026-10-04T11:44:02.7517392Z legacy checkpoint: 2 receipts persisted
2026-10-04T11:44:02.7599210Z PASSED
2026-10-04T11:44:02.7653921Z tests/test_legacy_backfill_resume.py::test_data_publication_failure_never_marks_receipt_complete PASSED
2026-10-04T11:44:02.8036679Z tests/test_legacy_backfill_resume.py::test_state_cannot_skip_missing_or_mismatched_normalized_data[missing_file] PASSED
2026-10-04T11:44:02.8549937Z tests/test_legacy_backfill_resume.py::test_state_cannot_skip_missing_or_mismatched_normalized_data[wrong_hash] PASSED
2026-10-04T11:44:02.8676117Z tests/test_legacy_backfill_resume.py::test_state_cannot_skip_missing_or_mismatched_normalized_data[wrong_row_count] PASSED
2026-10-04T11:44:02.8955370Z tests/test_legacy_backfill_resume.py::test_parser_version_resume_keeps_old_observations_and_does_not_reparse_current legacy checkpoint: 1 receipts persisted
2026-10-04T11:44:02.8974265Z PASSED
2026-10-04T11:44:02.8980990Z tests/test_legacy_backfill_resume.py::test_rate_limit_stops_replenishment_and_flushes_completed_work PASSED
2026-10-04T11:44:02.8999183Z tests/test_legacy_backfill_resume.py::test_request_budget_counts_every_attempt_and_deferred_is_not_source_gap PASSED
2026-10-04T11:44:02.9007920Z tests/test_legacy_backfill_resume.py::test_deadline_and_signal_stop_have_no_new_requests_and_flush_work PASSED
2026-10-04T11:44:02.9097526Z tests/test_legacy_backfill_resume.py::test_error_retry_quarantine_does_not_starve_other_receipts legacy checkpoint: 1 receipts persisted
2026-10-04T11:44:02.9191769Z legacy checkpoint: 1 receipts persisted
2026-10-04T11:44:02.9281422Z legacy checkpoint: 1 receipts persisted
2026-10-04T11:44:02.9556944Z PASSED
2026-10-04T11:44:02.9670291Z tests/test_legacy_backfill_resume.py::test_retry_count_survives_state_migration_and_mixed_empty_attempts legacy checkpoint: 1 receipts persisted
2026-10-04T11:44:02.9784024Z legacy checkpoint: 1 receipts persisted
2026-10-04T11:44:02.9875892Z legacy checkpoint: 1 receipts persisted
2026-10-04T11:44:02.9936544Z PASSED
2026-10-04T11:44:02.9978706Z tests/test_legacy_backfill_resume.py::test_index_data_is_published_before_ok_state PASSED
2026-10-04T11:44:03.0472111Z tests/test_legacy_backfill_resume.py::test_collection_complete_requires_independent_audit_and_noop_preserves_bytes PASSED
2026-10-04T11:44:03.0477645Z tests/test_legacy_backfill_resume.py::test_error_diagnostics_never_persist_api_key PASSED
2026-10-04T11:44:03.0492416Z tests/test_legacy_backfill_resume.py::test_missing_key_does_not_overwrite_progress PASSED
2026-10-04T11:44:03.0539410Z tests/test_legacy_backfill_resume.py::test_index_rate_limit_blocks_following_document_requests PASSED
2026-10-04T11:44:03.0557167Z tests/test_legacy_backfill_resume.py::test_authentication_failure_stops_without_classifying_source_as_missing PASSED
2026-10-04T11:44:04.1480438Z tests/test_legacy_backfill_resume.py::test_real_saved_index_noop_preserves_mapped_queue_and_leading_zero_codes PASSED
2026-10-04T11:44:04.1611949Z tests/test_legacy_backfill_resume.py::test_append_preserves_all_old_numeric_tokens_and_missing_strings_verbatim PASSED
2026-10-04T11:44:04.1760539Z tests/test_legacy_backfill_resume.py::test_numeric_parser_change_preserves_transport_only_no_document_state legacy checkpoint: 1 receipts persisted
2026-10-04T11:44:04.2015695Z PASSED
2026-10-04T11:44:04.2088515Z tests/test_legacy_backfill_resume.py::test_source_adapter_change_invalidates_previous_no_document_result PASSED
2026-10-04T11:44:04.2284644Z tests/test_legacy_backfill_resume.py::test_initial_coverage_without_state_does_not_invent_completed_receipts PASSED
2026-10-04T11:44:04.2285458Z 
2026-10-04T11:44:04.2285691Z ============================== 22 passed in 2.14s ==============================
2026-10-04T11:44:04.5061807Z ============================= test session starts ==============================
2026-10-04T11:44:04.5064037Z platform linux -- Python 3.12.14, pytest-9.1.1, pluggy-1.6.0 -- /opt/hostedtoolcache/Python/3.12.14/x64/bin/python
2026-10-04T11:44:04.5065156Z cachedir: .pytest_cache
2026-10-04T11:44:04.5065682Z rootdir: /home/runner/work/quant-marcap-runner/quant-marcap-runner
2026-10-04T11:44:04.9166805Z collecting ... collected 8 items
2026-10-04T11:44:04.9171687Z 
2026-10-04T11:44:04.9210907Z tests/test_legacy_backfill_automation.py::test_daily_wrapper_uses_whole_index_and_generic_checkpoint PASSED
2026-10-04T11:44:04.9274787Z tests/test_legacy_backfill_automation.py::test_legacy_runs_first_and_rate_limit_blocks_modern_calls                      mode  modern_run_tasks  modern_skipped  legacy_rate_limited                   updated_at_utc
2026-10-04T11:44:04.9276363Z SUPER_VALUE_FAST_BACKFILL                 0            True                 True 2026-10-04T11:44:04.921652+00:00
2026-10-04T11:44:04.9291297Z PASSED
2026-10-04T11:44:04.9297933Z tests/test_legacy_backfill_automation.py::test_zero_legacy_limit_makes_no_api_or_index_calls PASSED
2026-10-04T11:44:04.9466203Z tests/test_legacy_backfill_automation.py::test_scheduled_and_manual_writers_share_lock_without_cancellation PASSED
2026-10-04T11:44:04.9530474Z tests/test_legacy_backfill_automation.py::test_extra_batches_gate_all_api_and_publish_steps_and_skip_modern PASSED
2026-10-04T11:44:04.9595408Z tests/test_legacy_backfill_automation.py::test_workflow_saves_checkpoint_after_failure_and_has_time_to_publish[backfill-super-value-fast.yml] PASSED
2026-10-04T11:44:04.9644700Z tests/test_legacy_backfill_automation.py::test_workflow_saves_checkpoint_after_failure_and_has_time_to_publish[backfill-dart-legacy-2000-2014.yml] PASSED
2026-10-04T11:44:04.9758833Z tests/test_legacy_backfill_automation.py::test_source_capture_reuses_existing_audit_workflow_without_new_schedule PASSED
2026-10-04T11:44:04.9760186Z 
2026-10-04T11:44:04.9761711Z ============================== 8 passed in 0.47s ===============================
2026-10-04T11:44:05.2613253Z ============================= test session starts ==============================
2026-10-04T11:44:05.2615238Z platform linux -- Python 3.12.14, pytest-9.1.1, pluggy-1.6.0 -- /opt/hostedtoolcache/Python/3.12.14/x64/bin/python
2026-10-04T11:44:05.2616135Z cachedir: .pytest_cache
2026-10-04T11:44:05.2616559Z rootdir: /home/runner/work/quant-marcap-runner/quant-marcap-runner
2026-10-04T11:44:05.6561725Z collecting ... collected 7 items
2026-10-04T11:44:05.6565998Z 
2026-10-04T11:44:05.6800771Z tests/test_legacy_source_evidence.py::test_literal_source_spans_preserve_native_tags_heading_unit_and_column_order PASSED
2026-10-04T11:44:05.6810624Z tests/test_legacy_source_evidence.py::test_excerpt_budget_marks_clipping_without_changing_source PASSED
2026-10-04T11:44:05.6818150Z tests/test_legacy_source_evidence.py::test_non_html_document_still_preserves_inspectable_literal_evidence PASSED
2026-10-04T11:44:05.6843762Z tests/test_legacy_source_evidence.py::test_probe_api_014_and_viewer_403_do_not_certify_source_absence PASSED
2026-10-04T11:44:05.6854225Z tests/test_legacy_source_evidence.py::test_rate_limit_stops_public_probe_too PASSED
2026-10-04T11:44:05.6932484Z tests/test_legacy_source_evidence.py::test_same_parser_reparse_success_cannot_certify_financial_correctness PASSED
2026-10-04T11:44:05.6962360Z tests/test_legacy_source_evidence.py::test_corrupt_normalized_data_is_an_explicit_audit_failure PASSED
2026-10-04T11:44:05.6963176Z 
2026-10-04T11:44:05.6963441Z ============================== 7 passed in 0.44s ===============================
2026-10-04T11:44:05.9691122Z ============================= test session starts ==============================
2026-10-04T11:44:05.9693267Z platform linux -- Python 3.12.14, pytest-9.1.1, pluggy-1.6.0 -- /opt/hostedtoolcache/Python/3.12.14/x64/bin/python
2026-10-04T11:44:05.9694367Z cachedir: .pytest_cache
2026-10-04T11:44:05.9694925Z rootdir: /home/runner/work/quant-marcap-runner/quant-marcap-runner
2026-10-04T11:44:06.3380973Z collecting ... collected 7 items
2026-10-04T11:44:06.3385310Z 
2026-10-04T11:44:06.3415481Z tests/test_legacy_document_quality.py::test_broken_source_cannot_be_recorded_as_no_metrics PASSED
2026-10-04T11:44:06.3427278Z tests/test_legacy_document_quality.py::test_valid_absent_metric_keeps_distinct_status PASSED
2026-10-04T11:44:06.3536661Z tests/test_legacy_document_quality.py::test_truncated_source_cannot_publish_tolerantly_parsed_amounts PASSED
2026-10-04T11:44:07.3216793Z tests/test_legacy_document_quality.py::test_five_actual_no_metrics_sources_are_source_gaps_and_archives_match_checkpoints PASSED
2026-10-04T11:44:07.3300823Z tests/test_legacy_document_quality.py::test_valid_existing_normal_amount_and_parser_version_are_preserved PASSED
2026-10-04T11:44:07.3316957Z tests/test_legacy_document_quality.py::test_source_gap_is_quarantined_without_infinite_retries PASSED
2026-10-04T11:44:07.3511608Z tests/test_legacy_document_quality.py::test_real_native_archives_reproduce_source_gaps PASSED
2026-10-04T11:44:07.3512269Z 
2026-10-04T11:44:07.3512566Z =============================== warnings summary ===============================
2026-10-04T11:44:07.3513547Z tests/test_legacy_document_quality.py::test_five_actual_no_metrics_sources_are_source_gaps_and_archives_match_checkpoints
2026-10-04T11:44:07.3515281Z   /home/runner/work/quant-marcap-runner/quant-marcap-runner/scripts/backfill_dart_legacy_2000_2014.py:556: XMLParsedAsHTMLWarning: It looks like you're using an HTML parser to parse an XML document.
2026-10-04T11:44:07.3516477Z   
2026-10-04T11:44:07.3518174Z   Assuming this really is an XML document, what you're doing might work, but you should know that using an XML parser will be more reliable. To parse this document as XML, make sure you have the Python package 'lxml' installed, and pass the keyword argument `features="xml"` into the BeautifulSoup constructor.
2026-10-04T11:44:07.3520372Z   
2026-10-04T11:44:07.3521474Z   If you want or need to use an HTML parser on this document, you can make this warning go away by filtering it. To do that, run this code before calling the BeautifulSoup constructor:
2026-10-04T11:44:07.3522466Z   
2026-10-04T11:44:07.3522753Z       from bs4 import XMLParsedAsHTMLWarning
2026-10-04T11:44:07.3523161Z       import warnings
2026-10-04T11:44:07.3523448Z   
2026-10-04T11:44:07.3523880Z       warnings.filterwarnings("ignore", category=XMLParsedAsHTMLWarning)
2026-10-04T11:44:07.3524421Z   
2026-10-04T11:44:07.3524702Z     soup = BeautifulSoup(text, "lxml")
2026-10-04T11:44:07.3524972Z 
2026-10-04T11:44:07.3525283Z -- Docs: https://docs.pytest.org/en/stable/how-to/capture-warnings.html
2026-10-04T11:44:07.3525963Z ========================= 7 passed, 1 warning in 1.38s =========================
2026-10-04T11:44:08.1411009Z test_changed_native_archive_cannot_recover_or_publish (__main__.RecoveryTests.test_changed_native_archive_cannot_recover_or_publish) ... ok
2026-10-04T11:44:08.1413588Z test_missing_viewer_date_is_not_inferred_from_receipt (__main__.RecoveryTests.test_missing_viewer_date_is_not_inferred_from_receipt) ... ok
2026-10-04T11:44:09.8774691Z test_real_five_receipt_checkpoint_resume_skips_duplicates (__main__.RecoveryTests.test_real_five_receipt_checkpoint_resume_skips_duplicates) ... ok
2026-10-04T11:44:09.8776389Z test_visible_date_does_not_certify_original_or_correction_chain (__main__.RecoveryTests.test_visible_date_does_not_certify_original_or_correction_chain) ... ok
2026-10-04T11:44:09.8777303Z 
2026-10-04T11:44:09.8777544Z ----------------------------------------------------------------------
2026-10-04T11:44:09.8778036Z Ran 4 tests in 2.288s
2026-10-04T11:44:09.8778228Z 
2026-10-04T11:44:09.8778347Z OK
2026-10-04T11:44:09.9583492Z test_actual_absent_consolidated_scope_is_not_recovered_from_ofs (__main__.QualityTests.test_actual_absent_consolidated_scope_is_not_recovered_from_ofs) ... ok
2026-10-04T11:44:09.9585093Z test_clean_absent_item_remains_no_metrics (__main__.QualityTests.test_clean_absent_item_remains_no_metrics) ... ok
2026-10-04T11:44:09.9586440Z test_invalid_declared_encoding_is_explicit_gap (__main__.QualityTests.test_invalid_declared_encoding_is_explicit_gap) ... ok
2026-10-04T11:44:09.9587992Z test_replacement_characters_are_unrecoverable_source_damage (__main__.QualityTests.test_replacement_characters_are_unrecoverable_source_damage) ... ok
2026-10-04T11:44:09.9589439Z test_truncated_source_is_not_item_absence (__main__.QualityTests.test_truncated_source_is_not_item_absence) ... ok
2026-10-04T11:44:09.9591064Z test_valid_financial_source_is_not_quarantined (__main__.QualityTests.test_valid_financial_source_is_not_quarantined) ... ok
2026-10-04T11:44:09.9591795Z 
2026-10-04T11:44:09.9592024Z ----------------------------------------------------------------------
2026-10-04T11:44:09.9592542Z Ran 6 tests in 0.014s
2026-10-04T11:44:09.9592763Z 
2026-10-04T11:44:09.9592896Z OK
2026-10-04T11:44:10.1794086Z test_body_limit_and_request_deadline_bound_reads (__main__.ViewerEvidenceTests.test_body_limit_and_request_deadline_bound_reads) ... ok
2026-10-04T11:44:10.1810267Z test_mismatched_receipt_url_and_duplicate_route_are_rejected (__main__.ViewerEvidenceTests.test_mismatched_receipt_url_and_duplicate_route_are_rejected) ... ok
2026-10-04T11:44:10.1825933Z test_publication_failure_cannot_leave_complete_report (__main__.ViewerEvidenceTests.test_publication_failure_cannot_leave_complete_report) ... ok
2026-10-04T11:44:10.1855894Z viewer section 20010103000052/3618: HTTP_RESPONSE_CAPTURED HTTP=200 audit=NOT_RUN
2026-10-04T11:44:10.1863869Z test_raw_bytes_precede_report_and_second_run_is_noop (__main__.ViewerEvidenceTests.test_raw_bytes_precede_report_and_second_run_is_noop) ... ok
2026-10-04T11:44:10.1871985Z test_real_artifact_supplies_twelve_routes_without_reinventing_offsets (__main__.ViewerEvidenceTests.test_real_artifact_supplies_twelve_routes_without_reinventing_offsets) ... ok
2026-10-04T11:44:10.1889342Z viewer section 20010103000052/3618: HTTP_RESPONSE_CAPTURED HTTP=403 audit=NOT_RUN
2026-10-04T11:44:10.1895844Z test_redirect_is_not_followed_and_http_error_is_source_evidence_only (__main__.ViewerEvidenceTests.test_redirect_is_not_followed_and_http_error_is_source_evidence_only) ... ok
2026-10-04T11:44:10.1912798Z viewer section 20010103000052/3618: HTTP_RESPONSE_CAPTURED HTTP=200 audit=NOT_RUN
2026-10-04T11:44:10.1917326Z viewer section 20010103000052/10627: DEFERRED HTTP=None audit=NOT_RUN
2026-10-04T11:44:10.1923159Z test_request_budget_never_submits_additional_calls (__main__.ViewerEvidenceTests.test_request_budget_never_submits_additional_calls) ... ok
2026-10-04T11:44:10.1935256Z viewer section 20010103000052/3618: TRANSPORT_ERROR HTTP=None audit=NOT_RUN
2026-10-04T11:44:10.1941342Z test_transport_failure_stops_and_is_not_automatically_retried (__main__.ViewerEvidenceTests.test_transport_failure_stops_and_is_not_automatically_retried) ... ok
2026-10-04T11:44:10.1941988Z 
2026-10-04T11:44:10.1942150Z ----------------------------------------------------------------------
2026-10-04T11:44:10.1942507Z Ran 8 tests in 0.016s
2026-10-04T11:44:10.1960324Z 
2026-10-04T11:44:10.1960467Z OK
2026-10-04T11:44:10.2870487Z test_ambiguous_parentheses_do_not_guess_sign (__main__.ViewerGuardTests.test_ambiguous_parentheses_do_not_guess_sign) ... ok
2026-10-04T11:44:10.2881925Z test_annual_flow_is_not_quarter_even_if_end_matches (__main__.ViewerGuardTests.test_annual_flow_is_not_quarter_even_if_end_matches) ... ok
2026-10-04T11:44:10.2894070Z test_br_empty_lines_are_preserved_without_concatenation (__main__.ViewerGuardTests.test_br_empty_lines_are_preserved_without_concatenation) ... ok
2026-10-04T11:44:10.2898548Z test_br_missing_line_is_not_shifted_or_padded (__main__.ViewerGuardTests.test_br_missing_line_is_not_shifted_or_padded) ... ok
2026-10-04T11:44:10.2908723Z test_colspan_group_requires_one_unambiguous_amount (__main__.ViewerGuardTests.test_colspan_group_requires_one_unambiguous_amount) ... ok
2026-10-04T11:44:10.2916981Z test_conflicting_units_and_future_table_unit_do_not_fill (__main__.ViewerGuardTests.test_conflicting_units_and_future_table_unit_do_not_fill) ... ok
2026-10-04T11:44:10.2920608Z test_contrary_statement_scope_cannot_inherit_ofs (__main__.ViewerGuardTests.test_contrary_statement_scope_cannot_inherit_ofs) ... ok
2026-10-04T11:44:10.2925801Z test_current_column_is_selected_after_previous_column (__main__.ViewerGuardTests.test_current_column_is_selected_after_previous_column) ... ok
2026-10-04T11:44:10.2935818Z test_current_term_or_date_mismatch_is_a_gap (__main__.ViewerGuardTests.test_current_term_or_date_mismatch_is_a_gap) ... ok
2026-10-04T11:44:10.2941987Z test_current_unit_date_are_not_inherited_by_following_table (__main__.ViewerGuardTests.test_current_unit_date_are_not_inherited_by_following_table) ... ok
2026-10-04T11:44:10.2966383Z test_daewoo_loss_note_group_requires_exact_one_current_token (__main__.ViewerGuardTests.test_daewoo_loss_note_group_requires_exact_one_current_token) ... ok
2026-10-04T11:44:10.2972843Z test_duplicate_current_alias_is_not_resolved_by_priority (__main__.ViewerGuardTests.test_duplicate_current_alias_is_not_resolved_by_priority) ... ok
2026-10-04T11:44:10.2993834Z test_explicit_per_share_tail_retains_prefix_empty_lines (__main__.ViewerGuardTests.test_explicit_per_share_tail_retains_prefix_empty_lines) ... ok
2026-10-04T11:44:10.3000556Z test_explicit_unit_multiplier (__main__.ViewerGuardTests.test_explicit_unit_multiplier) ... ok
2026-10-04T11:44:10.3005759Z test_explicit_zero_remains_a_source_observation (__main__.ViewerGuardTests.test_explicit_zero_remains_a_source_observation) ... ok
2026-10-04T11:44:10.3007221Z test_first_of_month_and_missing_scope_are_invalid_requests (__main__.ViewerGuardTests.test_first_of_month_and_missing_scope_are_invalid_requests) ... ok
2026-10-04T11:44:10.3015400Z test_generic_quarter_requires_source_date_range_proof (__main__.ViewerGuardTests.test_generic_quarter_requires_source_date_range_proof) ... ok
2026-10-04T11:44:10.3029355Z test_missing_blank_or_unsupported_unit_is_a_gap (__main__.ViewerGuardTests.test_missing_blank_or_unsupported_unit_is_a_gap) ... ok
2026-10-04T11:44:10.3051568Z test_missing_current_cell_never_falls_back_to_previous_value (__main__.ViewerGuardTests.test_missing_current_cell_never_falls_back_to_previous_value) ... ok
2026-10-04T11:44:10.3075955Z test_multiple_numeric_tokens_are_rejected (__main__.ViewerGuardTests.test_multiple_numeric_tokens_are_rejected) ... ok
2026-10-04T11:44:10.3244670Z test_native_archives_and_viewer_bodies_recover_exact_14_primary_sources (__main__.ViewerGuardTests.test_native_archives_and_viewer_bodies_recover_exact_14_primary_sources) ... ok
2026-10-04T11:44:10.3278033Z test_nested_tables_and_budget_overflow_are_gaps (__main__.ViewerGuardTests.test_nested_tables_and_budget_overflow_are_gaps) ... ok
2026-10-04T11:44:10.3280064Z test_non_200_or_unknown_encoding_is_a_gap (__main__.ViewerGuardTests.test_non_200_or_unknown_encoding_is_a_gap) ... ok
2026-10-04T11:44:10.3281541Z test_non_dart_or_mismatched_receipt_is_rejected (__main__.ViewerGuardTests.test_non_dart_or_mismatched_receipt_is_rejected) ... ok
2026-10-04T11:44:10.3287335Z test_note_column_cannot_be_a_numeric_amount (__main__.ViewerGuardTests.test_note_column_cannot_be_a_numeric_amount) ... ok
2026-10-04T11:44:10.3292316Z test_per_share_alignment_is_not_a_balance_sheet_rule (__main__.ViewerGuardTests.test_per_share_alignment_is_not_a_balance_sheet_rule) ... ok
2026-10-04T11:44:10.3297580Z test_per_share_boundary_must_follow_net_income (__main__.ViewerGuardTests.test_per_share_boundary_must_follow_net_income) ... ok
2026-10-04T11:44:10.3306112Z test_per_share_notes_do_not_bypass_period_scope_or_unit_guard (__main__.ViewerGuardTests.test_per_share_notes_do_not_bypass_period_scope_or_unit_guard) ... ok
2026-10-04T11:44:10.3311454Z test_per_share_tail_also_rejects_shifted_prior_column (__main__.ViewerGuardTests.test_per_share_tail_also_rejects_shifted_prior_column) ... ok
2026-10-04T11:44:10.3321381Z test_per_share_tail_amount_column_notes_are_not_financial_amounts (__main__.ViewerGuardTests.test_per_share_tail_amount_column_notes_are_not_financial_amounts) ... ok
2026-10-04T11:44:10.3338001Z test_per_share_tail_cannot_supply_missing_current_profit (__main__.ViewerGuardTests.test_per_share_tail_cannot_supply_missing_current_profit) ... ok
2026-10-04T11:44:10.3348032Z test_per_share_tail_does_not_repair_an_interior_missing_br (__main__.ViewerGuardTests.test_per_share_tail_does_not_repair_an_interior_missing_br) ... ok
2026-10-04T11:44:10.3353432Z test_per_share_tail_does_not_shift_amount_on_blank_account_line (__main__.ViewerGuardTests.test_per_share_tail_does_not_shift_amount_on_blank_account_line) ... ok
2026-10-04T11:44:10.3368834Z test_per_share_tail_rejects_unknown_or_additional_account_text (__main__.ViewerGuardTests.test_per_share_tail_rejects_unknown_or_additional_account_text) ... ok
2026-10-04T11:44:10.8143740Z test_primary_all_49_cells_and_12_bodies (__main__.ViewerGuardTests.test_primary_all_49_cells_and_12_bodies) ... ok
2026-10-04T11:44:10.8148802Z test_primary_body_sha_detects_corruption (__main__.ViewerGuardTests.test_primary_body_sha_detects_corruption) ... ok
2026-10-04T11:44:11.2817907Z test_primary_cfs_prior_annual_is_not_current_ofs (__main__.ViewerGuardTests.test_primary_cfs_prior_annual_is_not_current_ofs) ... ok
2026-10-04T11:44:11.7505998Z test_primary_five_previously_withheld_values_and_original_indices (__main__.ViewerGuardTests.test_primary_five_previously_withheld_values_and_original_indices) ... ok
2026-10-04T11:44:11.7513491Z test_primary_native_sha_chain_matches_preexisting_probe (__main__.ViewerGuardTests.test_primary_native_sha_chain_matches_preexisting_probe) ... ok
2026-10-04T11:44:12.2213482Z test_primary_previous_annual_ocf_never_becomes_current_quarter (__main__.ViewerGuardTests.test_primary_previous_annual_ocf_never_becomes_current_quarter) ... ok
2026-10-04T11:44:12.6932792Z test_primary_unknown_vitz_unit_cannot_inherit_later_cf_unit (__main__.ViewerGuardTests.test_primary_unknown_vitz_unit_cannot_inherit_later_cf_unit) ... ok
2026-10-04T11:44:12.6941722Z test_ragged_rows_without_explicit_per_share_tail_still_fail (__main__.ViewerGuardTests.test_ragged_rows_without_explicit_per_share_tail_still_fail) ... ok
2026-10-04T11:44:12.6947396Z test_replay_preserves_existing_outputs (__main__.ViewerGuardTests.test_replay_preserves_existing_outputs) ... ok
2026-10-04T11:44:12.6948483Z test_scope_requires_matching_route_and_body_heading (__main__.ViewerGuardTests.test_scope_requires_matching_route_and_body_heading) ... ok
2026-10-04T11:44:12.6956019Z test_source_negative_prefix_triangles_and_loss_labels (__main__.ViewerGuardTests.test_source_negative_prefix_triangles_and_loss_labels) ... ok
2026-10-04T11:44:12.6960783Z test_unknown_statement_is_not_inferred_from_account (__main__.ViewerGuardTests.test_unknown_statement_is_not_inferred_from_account) ... ok
2026-10-04T11:44:12.6976556Z test_viewer_loss_alias_is_exact_and_does_not_change_native (__main__.ViewerGuardTests.test_viewer_loss_alias_is_exact_and_does_not_change_native) ... ok
2026-10-04T11:44:12.6985714Z test_wrapped_explicit_per_share_notes_are_supported (__main__.ViewerGuardTests.test_wrapped_explicit_per_share_notes_are_supported) ... ok
2026-10-04T11:44:12.6986555Z 
2026-10-04T11:44:12.6986806Z ----------------------------------------------------------------------
2026-10-04T11:44:12.6987351Z Ran 48 tests in 2.412s
2026-10-04T11:44:12.6987561Z 
2026-10-04T11:44:12.6987672Z OK
2026-10-04T11:44:14.9004048Z {"samples": 72, "companies": 8, "receipts": 8, "source_period_end_years": ["1999", "2000"], "scope_counts": {"OFS": 46, "CFS": 26}, "results": {"stored_missing": 49, "period_mismatch": 18, "amount_mismatch": 3, "semantic_mismatch": 2}, "numeric_equal": 19, "numeric_unequal": 3, "stored_present": 23, "stored_missing": 49, "unit_unverified": 5, "correction_chain_verified": 0, "verified_pit_items": 0, "expected_sha256": "e95e0c4199905d7d59a27ed9a12b72ec4b698961f33a1c29c495819a49992240", "source_verification": "full archived primary body SHA and original literal cell offsets", "interpretation": "failure-oriented sample; not full-data certification; preserved v4 observations are not current provider inputs"}
2026-10-04T11:44:16.6757083Z test_changed_literal_span_cannot_pass_hash (__main__.AuditGuards.test_changed_literal_span_cannot_pass_hash) ... ok
2026-10-04T11:44:18.3750282Z test_changed_manual_token_disagrees_with_primary (__main__.AuditGuards.test_changed_manual_token_disagrees_with_primary) ... ok
2026-10-04T11:44:18.3780622Z test_changed_selection_is_rejected (__main__.AuditGuards.test_changed_selection_is_rejected) ... ok
2026-10-04T11:44:20.1076729Z test_changed_staging_amount_is_compared_to_primary (__main__.AuditGuards.test_changed_staging_amount_is_compared_to_primary) ... ok
2026-10-04T11:44:21.8114375Z test_complete_primary_population_and_measurement_limits (__main__.AuditGuards.test_complete_primary_population_and_measurement_limits) ... ok
2026-10-04T11:44:23.4580561Z test_consolidated_heading_cannot_supply_separate_values (__main__.AuditGuards.test_consolidated_heading_cannot_supply_separate_values) ... ok
2026-10-04T11:44:23.5119045Z test_existing_output_is_preserved (__main__.AuditGuards.test_existing_output_is_preserved) ... ok
2026-10-04T11:44:25.1699576Z test_quarter_span_cannot_be_relabelled_as_annual (__main__.AuditGuards.test_quarter_span_cannot_be_relabelled_as_annual) ... ok
2026-10-04T11:44:26.8337404Z test_unknown_unit_is_never_filled (__main__.AuditGuards.test_unknown_unit_is_never_filled) ... ok
2026-10-04T11:44:28.4863303Z test_wrong_period_end_is_rejected_by_original_header (__main__.AuditGuards.test_wrong_period_end_is_rejected_by_original_header) ... ok
2026-10-04T11:44:30.1339101Z test_wrong_previous_numeric_column_is_rejected (__main__.AuditGuards.test_wrong_previous_numeric_column_is_rejected) ... ok
2026-10-04T11:44:30.1340154Z 
2026-10-04T11:44:30.1340389Z ----------------------------------------------------------------------
2026-10-04T11:44:30.1340901Z Ran 11 tests in 15.153s
2026-10-04T11:44:30.1341501Z 
2026-10-04T11:44:30.1341617Z OK
2026-10-04T11:44:31.9361471Z {"selected_items": 46, "companies": 5, "numeric_matches": 46, "source_contract_matches": 46, "results": {"MATCH": 40, "MATCH_SOURCE_COMPONENT": 6}, "production_results": {"stored_missing": 46}, "previously_matched_staging_rows": 32, "total_numeric_matched_staging_rows": 78, "total_staging_rows": 78, "remaining_selected_staging_unreviewed": 0, "verified_pit_items": 0, "full_data_quality_complete": false, "production_rows_changed": 0, "inputs_unchanged": true, "sample_plan_sha256": "a34001b3d3b9930a06581c2a96ddc5cca403a86ec93be4c5e7cb47a7f4cdfc38"}
2026-10-04T11:44:31.9968533Z test_kst_expiry_skips_even_without_status (__main__.ScheduleGateTests.test_kst_expiry_skips_even_without_status) ... ok
2026-10-04T11:44:31.9975623Z test_last_second_of_october_allows_pending_batch (__main__.ScheduleGateTests.test_last_second_of_october_allows_pending_batch) ... ok
2026-10-04T11:44:31.9990827Z test_missing_or_corrupt_status_fails_before_collection (__main__.ScheduleGateTests.test_missing_or_corrupt_status_fails_before_collection) ... ok
2026-10-04T11:44:31.9994772Z test_queue_completion_skips_extra_batch (__main__.ScheduleGateTests.test_queue_completion_skips_extra_batch) ... ok
2026-10-04T11:44:31.9997803Z test_regular_daily_push_and_manual_do_not_depend_on_coverage (__main__.ScheduleGateTests.test_regular_daily_push_and_manual_do_not_depend_on_coverage) ... ok
2026-10-04T11:44:31.9999936Z test_unknown_schedule_and_naive_time_fail_closed (__main__.ScheduleGateTests.test_unknown_schedule_and_naive_time_fail_closed) ... ok
2026-10-04T11:44:32.0000780Z 
2026-10-04T11:44:32.0001019Z ----------------------------------------------------------------------
2026-10-04T11:44:32.0001523Z Ran 6 tests in 0.004s
2026-10-04T11:44:32.0001721Z 
2026-10-04T11:44:32.0001842Z OK
2026-10-04T11:44:32.0164492Z ##[group]Run actions/upload-artifact@v4
2026-10-04T11:44:32.0164788Z with:
2026-10-04T11:44:32.0165011Z   name: legacy-primary-72-recheck
2026-10-04T11:44:32.0165332Z   path: /home/runner/work/_temp/legacy-primary-72-recheck
2026-10-04T11:44:32.0165679Z   if-no-files-found: error
2026-10-04T11:44:32.0165913Z   retention-days: 90
2026-10-04T11:44:32.0166132Z   compression-level: 6
2026-10-04T11:44:32.0166352Z   overwrite: false
2026-10-04T11:44:32.0166569Z   include-hidden-files: false
2026-10-04T11:44:32.0166802Z env:
2026-10-04T11:44:32.0167051Z   pythonLocation: /opt/hostedtoolcache/Python/3.12.14/x64
2026-10-04T11:44:32.0167461Z   PKG_CONFIG_PATH: /opt/hostedtoolcache/Python/3.12.14/x64/lib/pkgconfig
2026-10-04T11:44:32.0167880Z   Python_ROOT_DIR: /opt/hostedtoolcache/Python/3.12.14/x64
2026-10-04T11:44:32.0168249Z   Python2_ROOT_DIR: /opt/hostedtoolcache/Python/3.12.14/x64
2026-10-04T11:44:32.0168618Z   Python3_ROOT_DIR: /opt/hostedtoolcache/Python/3.12.14/x64
2026-10-04T11:44:32.0169022Z   LD_LIBRARY_PATH: /opt/hostedtoolcache/Python/3.12.14/x64/lib
2026-10-04T11:44:32.0169341Z ##[endgroup]
2026-10-04T11:44:32.1827525Z (node:2479) [DEP0040] DeprecationWarning: The `punycode` module is deprecated. Please use a userland alternative instead.
2026-10-04T11:44:32.1828286Z (Use `node --trace-deprecation ...` to show where the warning was created)
2026-10-04T11:44:32.1886703Z With the provided path, there will be 4 files uploaded
2026-10-04T11:44:32.1892122Z Artifact name is valid!
2026-10-04T11:44:32.1894348Z Root directory input is valid!
2026-10-04T11:44:32.4647527Z Beginning upload of artifact content to blob storage
2026-10-04T11:44:32.4886865Z (node:2479) [DEP0169] DeprecationWarning: `url.parse()` behavior is not standardized and prone to errors that have security implications. Use the WHATWG URL API instead. CVEs are not issued for `url.parse()` vulnerabilities.
2026-10-04T11:44:32.6506345Z Uploaded bytes 14298
2026-10-04T11:44:32.6893285Z Finished uploading artifact content to blob storage!
2026-10-04T11:44:32.6894270Z SHA256 digest of uploaded artifact zip is 2fc237065004a11af3d4848bdf92613fb8a040659b47462ec4d894872e299df3
2026-10-04T11:44:32.6896313Z Finalizing artifact upload
2026-10-04T11:44:32.9080206Z Artifact legacy-primary-72-recheck.zip successfully finalized. Artifact ID 11302198446
2026-10-04T11:44:32.9081412Z Artifact legacy-primary-72-recheck has been successfully uploaded! Final size is 14298 bytes. Artifact ID is 11302198446
2026-10-04T11:44:32.9087531Z Artifact download URL: https://github.com/Horororong/quant-marcap-runner/actions/runs/37199649781/artifacts/11302198446
2026-10-04T11:44:32.9232469Z ##[group]Run actions/upload-artifact@v4
2026-10-04T11:44:32.9232774Z with:
2026-10-04T11:44:32.9233017Z   name: legacy-staging-46-audit
2026-10-04T11:44:32.9233328Z   path: /home/runner/work/_temp/legacy-staging-46-audit
2026-10-04T11:44:32.9233661Z   if-no-files-found: error
2026-10-04T11:44:32.9233900Z   retention-days: 90
2026-10-04T11:44:32.9234127Z   compression-level: 6
2026-10-04T11:44:32.9234350Z   overwrite: false
2026-10-04T11:44:32.9234577Z   include-hidden-files: false
2026-10-04T11:44:32.9234827Z env:
2026-10-04T11:44:32.9235086Z   pythonLocation: /opt/hostedtoolcache/Python/3.12.14/x64
2026-10-04T11:44:32.9235544Z   PKG_CONFIG_PATH: /opt/hostedtoolcache/Python/3.12.14/x64/lib/pkgconfig
2026-10-04T11:44:32.9235968Z   Python_ROOT_DIR: /opt/hostedtoolcache/Python/3.12.14/x64
2026-10-04T11:44:32.9236347Z   Python2_ROOT_DIR: /opt/hostedtoolcache/Python/3.12.14/x64
2026-10-04T11:44:32.9236723Z   Python3_ROOT_DIR: /opt/hostedtoolcache/Python/3.12.14/x64
2026-10-04T11:44:32.9237133Z   LD_LIBRARY_PATH: /opt/hostedtoolcache/Python/3.12.14/x64/lib
2026-10-04T11:44:32.9237462Z ##[endgroup]
2026-10-04T11:44:33.1020998Z (node:2492) [DEP0040] DeprecationWarning: The `punycode` module is deprecated. Please use a userland alternative instead.
2026-10-04T11:44:33.1022150Z (Use `node --trace-deprecation ...` to show where the warning was created)
2026-10-04T11:44:33.1101654Z With the provided path, there will be 4 files uploaded
2026-10-04T11:44:33.1109432Z Artifact name is valid!
2026-10-04T11:44:33.1110341Z Root directory input is valid!
2026-10-04T11:44:33.3826115Z Beginning upload of artifact content to blob storage
2026-10-04T11:44:33.4101195Z (node:2492) [DEP0169] DeprecationWarning: `url.parse()` behavior is not standardized and prone to errors that have security implications. Use the WHATWG URL API instead. CVEs are not issued for `url.parse()` vulnerabilities.
2026-10-04T11:44:33.5723138Z Uploaded bytes 11100
2026-10-04T11:44:33.6206182Z Finished uploading artifact content to blob storage!
2026-10-04T11:44:33.6206840Z SHA256 digest of uploaded artifact zip is bb45461846cef52fcc315a4c2b8f1c9b22fc2db277578f4521f8e7d2ef433d9d
2026-10-04T11:44:33.6208962Z Finalizing artifact upload
2026-10-04T11:44:33.8403333Z Artifact legacy-staging-46-audit.zip successfully finalized. Artifact ID 11302322969
2026-10-04T11:44:33.8404217Z Artifact legacy-staging-46-audit has been successfully uploaded! Final size is 11100 bytes. Artifact ID is 11302322969
2026-10-04T11:44:33.8410240Z Artifact download URL: https://github.com/Horororong/quant-marcap-runner/actions/runs/37199649781/artifacts/11302322969
2026-10-04T11:44:33.8539525Z ##[group]Run python -m py_compile scripts/backfill_dart_legacy_2000_2014.py scripts/backfill_super_value_fast.py
2026-10-04T11:44:33.8540699Z [36;1mpython -m py_compile scripts/backfill_dart_legacy_2000_2014.py scripts/backfill_super_value_fast.py[0m
2026-10-04T11:44:33.8611497Z shell: /usr/bin/bash -e {0}
2026-10-04T11:44:33.8611784Z env:
2026-10-04T11:44:33.8612075Z   pythonLocation: /opt/hostedtoolcache/Python/3.12.14/x64
2026-10-04T11:44:33.8612546Z   PKG_CONFIG_PATH: /opt/hostedtoolcache/Python/3.12.14/x64/lib/pkgconfig
2026-10-04T11:44:33.8612985Z   Python_ROOT_DIR: /opt/hostedtoolcache/Python/3.12.14/x64
2026-10-04T11:44:33.8613375Z   Python2_ROOT_DIR: /opt/hostedtoolcache/Python/3.12.14/x64
2026-10-04T11:44:33.8613781Z   Python3_ROOT_DIR: /opt/hostedtoolcache/Python/3.12.14/x64
2026-10-04T11:44:33.8614169Z   LD_LIBRARY_PATH: /opt/hostedtoolcache/Python/3.12.14/x64/lib
2026-10-04T11:44:33.8614502Z ##[endgroup]
2026-10-04T11:44:33.9263492Z ##[group]Run python - <<'PY'
2026-10-04T11:44:33.9264010Z [36;1mpython - <<'PY'[0m
2026-10-04T11:44:33.9264254Z [36;1mimport sys[0m
2026-10-04T11:44:33.9264505Z [36;1msys.path.insert(0, "scripts")[0m
2026-10-04T11:44:33.9264824Z [36;1mimport backfill_dart_legacy_2000_2014 as m[0m
2026-10-04T11:44:33.9265139Z [36;1mrequired = {[0m
2026-10-04T11:44:33.9265421Z [36;1m    "equity","revenue","net_income","ocf",[0m
2026-10-04T11:44:33.9265860Z [36;1m    "total_assets","total_liabilities","current_assets","current_liabilities",[0m
2026-10-04T11:44:33.9266417Z [36;1m    "cash_and_equivalents","short_term_borrowings","long_term_borrowings",[0m
2026-10-04T11:44:33.9266905Z [36;1m    "operating_income","gross_profit","ppe","capex_ppe",[0m
2026-10-04T11:44:33.9267317Z [36;1m    "depreciation","amortization","dividends_paid",[0m
2026-10-04T11:44:33.9267696Z [36;1m    "cash_dividend_total","dividend_per_share",[0m
2026-10-04T11:44:33.9268005Z [36;1m}[0m
2026-10-04T11:44:33.9268278Z [36;1mmissing = required - set(m.ALIASES)[0m
2026-10-04T11:44:33.9268697Z [36;1massert not missing, f"missing canonical metrics: {sorted(missing)}"[0m
2026-10-04T11:44:33.9269177Z [36;1massert m.CORE_4F == {"equity","revenue","net_income","ocf"}[0m
2026-10-04T11:44:33.9269677Z [36;1mprint("legacy schema OK:", m.PARSER_VERSION, len(m.ALIASES), "canonical metrics")[0m
2026-10-04T11:44:33.9270374Z [36;1mPY[0m
2026-10-04T11:44:33.9339672Z shell: /usr/bin/bash -e {0}
2026-10-04T11:44:33.9340060Z env:
2026-10-04T11:44:33.9340348Z   pythonLocation: /opt/hostedtoolcache/Python/3.12.14/x64
2026-10-04T11:44:33.9340803Z   PKG_CONFIG_PATH: /opt/hostedtoolcache/Python/3.12.14/x64/lib/pkgconfig
2026-10-04T11:44:33.9341252Z   Python_ROOT_DIR: /opt/hostedtoolcache/Python/3.12.14/x64
2026-10-04T11:44:33.9341641Z   Python2_ROOT_DIR: /opt/hostedtoolcache/Python/3.12.14/x64
2026-10-04T11:44:33.9342028Z   Python3_ROOT_DIR: /opt/hostedtoolcache/Python/3.12.14/x64
2026-10-04T11:44:33.9342424Z   LD_LIBRARY_PATH: /opt/hostedtoolcache/Python/3.12.14/x64/lib
2026-10-04T11:44:33.9342765Z ##[endgroup]
2026-10-04T11:44:34.3307655Z legacy schema OK: legacy-v5-single-amount 25 canonical metrics
2026-10-04T11:44:34.4088757Z Post job cleanup.
2026-10-04T11:44:34.5327404Z (node:2511) [DEP0040] DeprecationWarning: The `punycode` module is deprecated. Please use a userland alternative instead.
2026-10-04T11:44:34.5328144Z (Use `node --trace-deprecation ...` to show where the warning was created)
2026-10-04T11:44:34.5554574Z Post job cleanup.
2026-10-04T11:44:34.6447140Z [command]/usr/bin/git version
2026-10-04T11:44:34.6494774Z git version 2.55.0
2026-10-04T11:44:34.6536610Z Temporarily overriding HOME='/home/runner/work/_temp/10b2adfb-89b2-431d-9645-fa6f149055ba' before making global git config changes
2026-10-04T11:44:34.6537848Z Adding repository directory to the temporary git global config as a safe directory
2026-10-04T11:44:34.6543469Z [command]/usr/bin/git config --global --add safe.directory /home/runner/work/quant-marcap-runner/quant-marcap-runner
2026-10-04T11:44:34.6585433Z [command]/usr/bin/git config --local --name-only --get-regexp core\.sshCommand
2026-10-04T11:44:34.6622983Z [command]/usr/bin/git submodule foreach --recursive sh -c "git config --local --name-only --get-regexp 'core\.sshCommand' && git config --local --unset-all 'core.sshCommand' || :"
2026-10-04T11:44:34.6904718Z [command]/usr/bin/git config --local --name-only --get-regexp http\.https\:\/\/github\.com\/\.extraheader
2026-10-04T11:44:34.6927811Z http.https://github.com/.extraheader
2026-10-04T11:44:34.6938615Z [command]/usr/bin/git config --local --unset-all http.https://github.com/.extraheader
2026-10-04T11:44:34.6976155Z [command]/usr/bin/git submodule foreach --recursive sh -c "git config --local --name-only --get-regexp 'http\.https\:\/\/github\.com\/\.extraheader' && git config --local --unset-all 'http.https://github.com/.extraheader' || :"
2026-10-04T11:44:34.7333223Z [command]/usr/bin/git config --local --name-only --get-regexp ^includeIf\.gitdir:
2026-10-04T11:44:34.7386993Z [command]/usr/bin/git submodule foreach --recursive git config --local --show-origin --name-only --get-regexp remote.origin.url
2026-10-04T11:44:34.7861917Z Cleaning up orphan processes
2026-10-04T11:44:34.8158304Z ##[warning]Node.js 20 is deprecated. The following actions target Node.js 20 but are being forced to run on Node.js 24: actions/checkout@v4, actions/setup-python@v5, actions/upload-artifact@v4. For more information see: https://github.blog/changelog/2025-09-19-deprecation-of-node-20-on-github-actions-runners/
