2026-10-04T07:05:36.1013830Z [36;1mtimeout -k 5s 60s python -u scripts/recheck_legacy_primary_audit.py --output-dir "$RUNNER_TEMP/legacy-primary-72-recheck"[0m
2026-10-04T07:05:37.0904289Z tests/test_legacy_dart_parser.py::test_legacy_negative_symbols PASSED
2026-10-04T07:05:37.0922207Z tests/test_legacy_dart_parser.py::test_loss_label_normalizes_positive_magnitude PASSED
2026-10-04T07:05:37.0926686Z tests/test_legacy_dart_parser.py::test_parser_version_requires_reprocessing PASSED
2026-10-04T07:05:37.0932151Z tests/test_legacy_dart_parser.py::test_ambiguous_or_missing_numeric_cells_are_not_invented_amounts[751,637 22,35416,940] PASSED
2026-10-04T07:05:37.0937304Z tests/test_legacy_dart_parser.py::test_ambiguous_or_missing_numeric_cells_are_not_invented_amounts[670,000200,0001,500,000] PASSED
2026-10-04T07:05:37.0942117Z tests/test_legacy_dart_parser.py::test_ambiguous_or_missing_numeric_cells_are_not_invented_amounts[83 15,787 13,418 100] PASSED
2026-10-04T07:05:37.0946890Z tests/test_legacy_dart_parser.py::test_ambiguous_or_missing_numeric_cells_are_not_invented_amounts[12,34] PASSED
2026-10-04T07:05:37.0951724Z tests/test_legacy_dart_parser.py::test_ambiguous_or_missing_numeric_cells_are_not_invented_amounts[1.5%] PASSED
2026-10-04T07:05:37.0956546Z tests/test_legacy_dart_parser.py::test_ambiguous_or_missing_numeric_cells_are_not_invented_amounts[1 (\uc8fc2)] PASSED
2026-10-04T07:05:37.0961105Z tests/test_legacy_dart_parser.py::test_ambiguous_or_missing_numeric_cells_are_not_invented_amounts[-] PASSED
2026-10-04T07:05:37.0965876Z tests/test_legacy_dart_parser.py::test_ambiguous_or_missing_numeric_cells_are_not_invented_amounts[\u2014] PASSED
2026-10-04T07:05:37.0970403Z tests/test_legacy_dart_parser.py::test_ambiguous_or_missing_numeric_cells_are_not_invented_amounts[\u2013] PASSED
2026-10-04T07:05:37.0995631Z tests/test_legacy_dart_parser.py::test_real_source_combined_annual_summary_is_not_current_quarter_income PASSED
2026-10-04T07:05:37.1000046Z tests/test_legacy_dart_parser.py::test_explicit_valid_amounts_and_zero_remain_supported PASSED
2026-10-04T07:05:37.1012166Z tests/test_legacy_dart_parser.py::test_unknown_statement_and_partial_alias_do_not_become_financial_metrics PASSED
2026-10-04T07:05:37.1021223Z tests/test_legacy_dart_parser.py::test_nonfinite_scaled_value_cannot_be_usable_money PASSED
2026-10-04T07:05:37.1027145Z tests/test_legacy_dart_parser.py::test_parentheses_and_negative_sign_do_not_double_flip[(-1,170,019,230)--1170019230] PASSED
2026-10-04T07:05:37.1032309Z tests/test_legacy_dart_parser.py::test_parentheses_and_negative_sign_do_not_double_flip[(-482,479,885)--482479885] PASSED
2026-10-04T07:05:37.1042528Z tests/test_legacy_dart_parser.py::test_parentheses_and_negative_sign_do_not_double_flip[(\u25b362,175,514)--62175514] PASSED
2026-10-04T07:05:37.1043643Z ============================== 19 passed in 0.62s ==============================
2026-10-04T07:05:37.7583635Z PASSED
2026-10-04T07:05:37.7637392Z tests/test_legacy_backfill_resume.py::test_data_publication_failure_never_marks_receipt_complete PASSED
2026-10-04T07:05:37.7747786Z tests/test_legacy_backfill_resume.py::test_state_cannot_skip_missing_or_mismatched_normalized_data[missing_file] PASSED
2026-10-04T07:05:37.7883699Z tests/test_legacy_backfill_resume.py::test_state_cannot_skip_missing_or_mismatched_normalized_data[wrong_hash] PASSED
2026-10-04T07:05:37.8017543Z tests/test_legacy_backfill_resume.py::test_state_cannot_skip_missing_or_mismatched_normalized_data[wrong_row_count] PASSED
2026-10-04T07:05:37.8374298Z PASSED
2026-10-04T07:05:37.8380976Z tests/test_legacy_backfill_resume.py::test_rate_limit_stops_replenishment_and_flushes_completed_work PASSED
2026-10-04T07:05:37.8396429Z tests/test_legacy_backfill_resume.py::test_request_budget_counts_every_attempt_and_deferred_is_not_source_gap PASSED
2026-10-04T07:05:37.8403882Z tests/test_legacy_backfill_resume.py::test_deadline_and_signal_stop_have_no_new_requests_and_flush_work PASSED
2026-10-04T07:05:37.8994049Z PASSED
2026-10-04T07:05:37.9418438Z PASSED
2026-10-04T07:05:37.9457426Z tests/test_legacy_backfill_resume.py::test_index_data_is_published_before_ok_state PASSED
2026-10-04T07:05:38.0007417Z tests/test_legacy_backfill_resume.py::test_collection_complete_requires_independent_audit_and_noop_preserves_bytes PASSED
2026-10-04T07:05:38.0011534Z tests/test_legacy_backfill_resume.py::test_error_diagnostics_never_persist_api_key PASSED
2026-10-04T07:05:38.0022811Z tests/test_legacy_backfill_resume.py::test_missing_key_does_not_overwrite_progress PASSED
2026-10-04T07:05:38.0071068Z tests/test_legacy_backfill_resume.py::test_index_rate_limit_blocks_following_document_requests PASSED
2026-10-04T07:05:38.0086009Z tests/test_legacy_backfill_resume.py::test_authentication_failure_stops_without_classifying_source_as_missing PASSED
2026-10-04T07:05:38.8667749Z tests/test_legacy_backfill_resume.py::test_real_saved_index_noop_preserves_mapped_queue_and_leading_zero_codes PASSED
2026-10-04T07:05:38.8794441Z tests/test_legacy_backfill_resume.py::test_append_preserves_all_old_numeric_tokens_and_missing_strings_verbatim PASSED
2026-10-04T07:05:38.9232177Z PASSED
2026-10-04T07:05:38.9312167Z tests/test_legacy_backfill_resume.py::test_source_adapter_change_invalidates_previous_no_document_result PASSED
2026-10-04T07:05:38.9510544Z tests/test_legacy_backfill_resume.py::test_initial_coverage_without_state_does_not_invent_completed_receipts PASSED
2026-10-04T07:05:38.9511370Z ============================== 22 passed in 1.63s ==============================
2026-10-04T07:05:39.5442529Z tests/test_legacy_backfill_automation.py::test_daily_wrapper_uses_whole_index_and_generic_checkpoint PASSED
2026-10-04T07:05:39.5516751Z PASSED
2026-10-04T07:05:39.5523554Z tests/test_legacy_backfill_automation.py::test_zero_legacy_limit_makes_no_api_or_index_calls PASSED
2026-10-04T07:05:39.5651937Z tests/test_legacy_backfill_automation.py::test_scheduled_and_manual_writers_share_lock_without_cancellation PASSED
2026-10-04T07:05:39.5702537Z tests/test_legacy_backfill_automation.py::test_extra_batches_gate_all_api_and_publish_steps_and_skip_modern PASSED
2026-10-04T07:05:39.5759063Z tests/test_legacy_backfill_automation.py::test_workflow_saves_checkpoint_after_failure_and_has_time_to_publish[backfill-super-value-fast.yml] PASSED
2026-10-04T07:05:39.5798045Z tests/test_legacy_backfill_automation.py::test_workflow_saves_checkpoint_after_failure_and_has_time_to_publish[backfill-dart-legacy-2000-2014.yml] PASSED
2026-10-04T07:05:39.5894953Z tests/test_legacy_backfill_automation.py::test_source_capture_reuses_existing_audit_workflow_without_new_schedule PASSED
2026-10-04T07:05:39.5896111Z ============================== 8 passed in 0.41s ===============================
2026-10-04T07:05:40.2127404Z tests/test_legacy_source_evidence.py::test_literal_source_spans_preserve_native_tags_heading_unit_and_column_order PASSED
2026-10-04T07:05:40.2134356Z tests/test_legacy_source_evidence.py::test_excerpt_budget_marks_clipping_without_changing_source PASSED
2026-10-04T07:05:40.2139823Z tests/test_legacy_source_evidence.py::test_non_html_document_still_preserves_inspectable_literal_evidence PASSED
2026-10-04T07:05:40.2159727Z tests/test_legacy_source_evidence.py::test_probe_api_014_and_viewer_403_do_not_certify_source_absence PASSED
2026-10-04T07:05:40.2168006Z tests/test_legacy_source_evidence.py::test_rate_limit_stops_public_probe_too PASSED
2026-10-04T07:05:40.2296646Z tests/test_legacy_source_evidence.py::test_same_parser_reparse_success_cannot_certify_financial_correctness PASSED
2026-10-04T07:05:40.2325695Z tests/test_legacy_source_evidence.py::test_corrupt_normalized_data_is_an_explicit_audit_failure PASSED
2026-10-04T07:05:40.2326792Z ============================== 7 passed in 0.41s ===============================
2026-10-04T07:05:42.2758263Z Ran 33 tests in 1.447s
2026-10-04T07:05:44.4217706Z {"samples": 72, "companies": 8, "receipts": 8, "source_period_end_years": ["1999", "2000"], "scope_counts": {"OFS": 46, "CFS": 26}, "results": {"stored_missing": 49, "period_mismatch": 18, "amount_mismatch": 3, "semantic_mismatch": 2}, "numeric_equal": 19, "numeric_unequal": 3, "stored_present": 23, "stored_missing": 49, "unit_unverified": 5, "correction_chain_verified": 0, "verified_pit_items": 0, "expected_sha256": "e95e0c4199905d7d59a27ed9a12b72ec4b698961f33a1c29c495819a49992240", "source_verification": "full archived primary body SHA and original literal cell offsets", "interpretation": "failure-oriented sample; not full-data certification; preserved v4 observations are not current provider inputs"}
2026-10-04T07:05:44.4697923Z test_kst_expiry_skips_even_without_status (__main__.ScheduleGateTests.test_kst_expiry_skips_even_without_status) ... ok
2026-10-04T07:05:44.4724603Z test_missing_or_corrupt_status_fails_before_collection (__main__.ScheduleGateTests.test_missing_or_corrupt_status_fails_before_collection) ... ok
/home/runner/work/_temp/legacy-primary-72-recheck
2026-10-04T07:05:47.7261295Z STRATEGY DSL MACHINE CONTRACT: PASS
2026-10-04T07:06:15.5719252Z STRATEGY DSL INPUT CONTRACT: PASS (271 invalid cases; 8 unchanged fingerprints; CLI/data guards)
2026-10-04T07:06:29.6116934Z CHECKED DSL RUN LIFECYCLE: PASS (gaps, readiness, frozen input, distinct runs, atomic outputs, failures/interruption, actual CURRENT report)
2026-10-04T07:07:00.5704653Z CANONICAL PERFORMANCE: PASS (synthetic formulas/report; no investment claims)
2026-10-04T07:07:08.7498286Z test_fail_closed_dates_and_samples (__main__.RequestedReportTests.test_fail_closed_dates_and_samples) ... ok
2026-10-04T07:07:19.6846407Z test_short_samples_zero_denominators_and_negative_log_ticks (__main__.RequestedReportTests.test_short_samples_zero_denominators_and_negative_log_ticks) ... ok
2026-10-04T07:07:45.1981483Z   "status": "ok",
2026-10-04T07:07:45.1988678Z   "report_ready": true,
2026-10-04T07:08:14.1539063Z Browser evidence: passed JSON and actual PNG verified
2026-10-04T07:08:15.7770363Z ##[group]Run python -c "import sys; sys.path.insert(0, 'scripts'); import quant_backtest_template_CURRENT as c; c._self_test(); from strategy_dsl_runner import load_project_engine; from pathlib import Path; load_project_engine(Path.cwd())._self_test(); print('TEMPLATE SELF-TESTS: PASS')"
2026-10-04T07:08:15.7771758Z [36;1mpython -c "import sys; sys.path.insert(0, 'scripts'); import quant_backtest_template_CURRENT as c; c._self_test(); from strategy_dsl_runner import load_project_engine; from pathlib import Path; load_project_engine(Path.cwd())._self_test(); print('TEMPLATE SELF-TESTS: PASS')"[0m
2026-10-04T07:08:24.1084642Z TEMPLATE SELF-TESTS: PASS
2026-10-04T07:08:30.6165371Z KRX HISTORY COVERAGE AND DIAGNOSTICS: PASS
2026-10-04T07:08:36.1353739Z HELD RETURN GUARD AND REAL ECOPRO SPLIT E2E: PASS
2026-10-04T07:08:51.1266774Z CORPORATE ACTION RECONCILIATION AND REAL SHARE-CLASS E2E: PASS
2026-10-04T07:08:58.0814864Z KRX MARKET NORMALIZATION, EXACT RESTORATION AND BOTH PUBLIC MODES: PASS
2026-10-04T07:09:16.2164275Z VERIFIED AUTUMN SPLITS AND BOTH PUBLIC KRX MODES: PASS
2026-10-04T07:09:16.5824851Z STRATEGY DSL ALIAS TEST: PASS
2026-10-04T07:09:21.0176676Z STRATEGY DSL PREFLIGHT TEST: PASS
2026-10-04T07:09:33.7224573Z KNOWN CORPORATE-ACTION PREFLIGHT: PASS — real top_n/decile selection, exact lag, event-day order, successor lineage, source-only fast path and no NAV
2026-10-04T07:09:35.9436428Z STRATEGY DSL BENCHMARK TEST: PASS
2026-10-04T07:09:41.6710826Z STRATEGY DSL DECILE CONTRACT AND EXECUTION: PASS
2026-10-04T07:09:46.2463626Z STRATEGY DSL REAL KRX DECILE E2E: PASS
2026-10-04T07:09:46.7444320Z KRX TECHNICAL FACTOR ADAPTER TEST: PASS
2026-10-04T07:09:47.2310908Z KRX VOLATILITY FACTOR ADAPTER TEST: PASS
2026-10-04T07:09:47.6566034Z FACTOR PROVIDER REGISTRY TEST: PASS
2026-10-04T07:09:55.3800792Z REAL MAY 2020 DART Q1 SOURCE ORACLE: PASS 20200515001451
2026-10-04T07:13:10.6534103Z REAL CUSTOM-MONTH CHECKED NAV: PASS (May signal, June t+1, Q1 PIT, validated NAV)
2026-10-04T07:13:17.6196013Z CASH EXCHANGE: PASS — independent two-book share/cash oracle, costs, pending liquidity, multiple claims, payment timing, public cost/decile modes and actual evidence gap
2026-10-04T07:13:18.0457440Z CORPORATE ACTION EXECUTION TEST: PASS
2026-10-04T07:13:18.6045587Z STRATEGY DSL TEST: PASS
2026-10-04T07:19:24.9279866Z DART DSL SUPER VALUE INTEGRATION: PASS
2026-10-04T07:21:33.3965928Z STRATEGY DSL EXECUTION E2E: PASS
2026-10-04T07:23:59.8352865Z CHECKED DSL REAL E2E: PASS (CLI top_n/deciles unchanged, no overwrite, known-event/data gaps before NAV, DART/benchmark/audits)
