2026-10-03T12:39:27.7800660Z Legacy batch: OCTOBER_LEGACY_BATCH; run=True
2026-10-03T12:40:01.0296613Z legacy checkpoint: 25 receipts persisted
2026-10-03T12:40:18.4241991Z legacy checkpoint: 50 receipts persisted
2026-10-03T12:40:35.7242826Z legacy checkpoint: 75 receipts persisted
2026-10-03T12:40:50.7050672Z legacy checkpoint: 100 receipts persisted
2026-10-03T12:41:11.9747954Z legacy checkpoint: 125 receipts persisted
2026-10-03T12:41:29.8731007Z legacy checkpoint: 150 receipts persisted
2026-10-03T12:41:45.8985070Z legacy checkpoint: 175 receipts persisted
2026-10-03T12:42:04.5009304Z legacy checkpoint: 200 receipts persisted
2026-10-03T12:42:20.4037362Z legacy checkpoint: 225 receipts persisted
2026-10-03T12:42:36.5458201Z legacy checkpoint: 250 receipts persisted
2026-10-03T12:42:56.6414161Z legacy checkpoint: 275 receipts persisted
2026-10-03T12:43:15.6345143Z legacy checkpoint: 300 receipts persisted
2026-10-03T12:43:29.8401511Z legacy checkpoint: 325 receipts persisted
2026-10-03T12:43:49.1064960Z legacy checkpoint: 350 receipts persisted
2026-10-03T12:44:06.9716686Z legacy checkpoint: 375 receipts persisted
2026-10-03T12:44:21.7803988Z legacy checkpoint: 400 receipts persisted
2026-10-03T12:44:37.9772414Z legacy checkpoint: 425 receipts persisted
2026-10-03T12:44:55.0104707Z legacy checkpoint: 450 receipts persisted
2026-10-03T12:45:12.8043509Z legacy checkpoint: 475 receipts persisted
2026-10-03T12:45:29.6664600Z legacy checkpoint: 500 receipts persisted
2026-10-03T12:45:48.8279447Z legacy checkpoint: 525 receipts persisted
2026-10-03T12:46:04.6086730Z legacy checkpoint: 550 receipts persisted
2026-10-03T12:46:23.8413866Z legacy checkpoint: 575 receipts persisted
2026-10-03T12:46:40.0519778Z legacy checkpoint: 600 receipts persisted
2026-10-03T12:46:55.9569005Z legacy checkpoint: 625 receipts persisted
2026-10-03T12:47:13.8028834Z legacy checkpoint: 650 receipts persisted
2026-10-03T12:47:31.3734114Z legacy checkpoint: 675 receipts persisted
2026-10-03T12:47:49.5916131Z legacy checkpoint: 700 receipts persisted
2026-10-03T12:48:08.8413412Z legacy checkpoint: 725 receipts persisted
2026-10-03T12:48:26.5869505Z legacy checkpoint: 750 receipts persisted
2026-10-03T12:48:41.4375571Z legacy checkpoint: 775 receipts persisted
2026-10-03T12:48:57.2868680Z legacy checkpoint: 800 receipts persisted
2026-10-03T12:49:13.2501955Z legacy checkpoint: 825 receipts persisted
2026-10-03T12:49:31.7662014Z legacy checkpoint: 850 receipts persisted
2026-10-03T12:49:46.3599789Z legacy checkpoint: 875 receipts persisted
2026-10-03T12:50:03.5402980Z legacy checkpoint: 900 receipts persisted
2026-10-03T12:50:19.5194898Z legacy checkpoint: 925 receipts persisted
2026-10-03T12:50:36.4750223Z legacy checkpoint: 950 receipts persisted
2026-10-03T12:50:52.7305056Z legacy checkpoint: 975 receipts persisted
2026-10-03T12:51:07.4631602Z legacy checkpoint: 1000 receipts persisted
2026-10-03T12:51:26.2616424Z legacy checkpoint: 1025 receipts persisted
2026-10-03T12:51:42.5989617Z legacy checkpoint: 1050 receipts persisted
2026-10-03T12:52:02.3104181Z legacy checkpoint: 1075 receipts persisted
2026-10-03T12:52:21.2613374Z legacy checkpoint: 1100 receipts persisted
2026-10-03T12:52:41.8739179Z legacy checkpoint: 1125 receipts persisted
2026-10-03T12:52:58.2205024Z legacy checkpoint: 1150 receipts persisted
2026-10-03T12:53:16.7873779Z legacy checkpoint: 1175 receipts persisted
2026-10-03T12:53:32.8344774Z legacy checkpoint: 1200 receipts persisted
2026-10-03T12:53:49.1780432Z legacy checkpoint: 1225 receipts persisted
2026-10-03T12:54:04.7327704Z legacy checkpoint: 1250 receipts persisted
2026-10-03T12:54:20.4353708Z legacy checkpoint: 1275 receipts persisted
2026-10-03T12:54:37.4366523Z legacy checkpoint: 1300 receipts persisted
2026-10-03T12:54:54.7633458Z legacy checkpoint: 1325 receipts persisted
2026-10-03T12:55:11.5616604Z legacy checkpoint: 1350 receipts persisted
2026-10-03T12:55:28.0052172Z legacy checkpoint: 1375 receipts persisted
2026-10-03T12:55:45.2900898Z legacy checkpoint: 1400 receipts persisted
2026-10-03T12:56:06.2290180Z legacy checkpoint: 1425 receipts persisted
2026-10-03T12:56:24.4029944Z legacy checkpoint: 1450 receipts persisted
2026-10-03T12:56:40.2717001Z legacy checkpoint: 1475 receipts persisted
2026-10-03T12:56:59.4955391Z legacy checkpoint: 1500 receipts persisted
2026-10-03T12:57:17.1917703Z legacy checkpoint: 1525 receipts persisted
2026-10-03T12:57:32.5955380Z legacy checkpoint: 1550 receipts persisted
2026-10-03T12:57:47.7738961Z legacy checkpoint: 1575 receipts persisted
2026-10-03T12:58:07.4207248Z legacy checkpoint: 1600 receipts persisted
2026-10-03T12:58:24.3105414Z legacy checkpoint: 1625 receipts persisted
2026-10-03T12:58:43.6960023Z legacy checkpoint: 1650 receipts persisted
2026-10-03T12:59:01.9603228Z legacy checkpoint: 1675 receipts persisted
2026-10-03T12:59:18.9141246Z legacy checkpoint: 1700 receipts persisted
2026-10-03T12:59:34.6359304Z legacy checkpoint: 1725 receipts persisted
2026-10-03T12:59:53.9125583Z legacy checkpoint: 1750 receipts persisted
2026-10-03T13:00:10.3009491Z legacy checkpoint: 1775 receipts persisted
2026-10-03T13:00:30.0392174Z legacy checkpoint: 1800 receipts persisted
2026-10-03T13:00:45.1065578Z legacy checkpoint: 1825 receipts persisted
2026-10-03T13:01:02.4574934Z legacy checkpoint: 1850 receipts persisted
2026-10-03T13:01:16.8315848Z legacy checkpoint: 1875 receipts persisted
2026-10-03T13:01:33.8652140Z legacy checkpoint: 1900 receipts persisted
2026-10-03T13:01:53.4224242Z legacy checkpoint: 1925 receipts persisted
2026-10-03T13:02:10.0683040Z legacy checkpoint: 1950 receipts persisted
2026-10-03T13:02:27.9162220Z legacy checkpoint: 1975 receipts persisted
2026-10-03T13:02:42.7891457Z legacy checkpoint: 2000 receipts persisted
2026-10-03T13:02:45.5357140Z                      mode  modern_run_tasks  modern_skipped        legacy_scope  legacy_run_docs  legacy_pending_before_run  legacy_rate_limited legacy_stop_reason  legacy_requests  legacy_quarantined_errors                   updated_at_utc
2026-10-03T13:02:45.5359793Z SUPER_VALUE_FAST_BACKFILL                 0            True ALL_MAPPED_RECEIPTS             2000                     109619                False     BATCH_COMPLETE             2000                          0 2026-10-03T13:02:45.531453+00:00
2026-10-03T13:02:46.0636910Z [main 12aaa86] Fast-backfill super-value PIT inputs
