2026-10-03T02:08:27.8008737Z Legacy batch: OCTOBER_LEGACY_BATCH; run=True
2026-10-03T02:09:08.8587545Z legacy checkpoint: 25 receipts persisted
2026-10-03T02:09:30.2501148Z legacy checkpoint: 50 receipts persisted
2026-10-03T02:09:49.4187274Z legacy checkpoint: 75 receipts persisted
2026-10-03T02:10:13.4692547Z legacy checkpoint: 100 receipts persisted
2026-10-03T02:10:33.2431387Z legacy checkpoint: 125 receipts persisted
2026-10-03T02:10:49.8477621Z legacy checkpoint: 150 receipts persisted
2026-10-03T02:11:09.8426395Z legacy checkpoint: 175 receipts persisted
2026-10-03T02:11:27.0696509Z legacy checkpoint: 200 receipts persisted
2026-10-03T02:11:48.9535012Z legacy checkpoint: 225 receipts persisted
2026-10-03T02:12:11.5138924Z legacy checkpoint: 250 receipts persisted
2026-10-03T02:12:39.5140243Z legacy checkpoint: 275 receipts persisted
2026-10-03T02:13:07.6204189Z legacy checkpoint: 300 receipts persisted
2026-10-03T02:13:27.2857752Z legacy checkpoint: 325 receipts persisted
2026-10-03T02:13:44.8299125Z legacy checkpoint: 350 receipts persisted
2026-10-03T02:14:03.1463531Z legacy checkpoint: 375 receipts persisted
2026-10-03T02:14:25.4939557Z legacy checkpoint: 400 receipts persisted
2026-10-03T02:14:47.3023309Z legacy checkpoint: 425 receipts persisted
2026-10-03T02:15:09.5556782Z legacy checkpoint: 450 receipts persisted
2026-10-03T02:15:31.1587502Z legacy checkpoint: 475 receipts persisted
2026-10-03T02:15:51.7751306Z legacy checkpoint: 500 receipts persisted
2026-10-03T02:16:20.4211588Z legacy checkpoint: 525 receipts persisted
2026-10-03T02:16:38.9531292Z legacy checkpoint: 550 receipts persisted
2026-10-03T02:16:57.7630361Z legacy checkpoint: 575 receipts persisted
2026-10-03T02:17:20.8925801Z legacy checkpoint: 600 receipts persisted
2026-10-03T02:17:41.2228656Z legacy checkpoint: 625 receipts persisted
2026-10-03T02:18:02.2546140Z legacy checkpoint: 650 receipts persisted
2026-10-03T02:18:24.2321408Z legacy checkpoint: 675 receipts persisted
2026-10-03T02:18:45.1548513Z legacy checkpoint: 700 receipts persisted
2026-10-03T02:19:05.7880898Z legacy checkpoint: 725 receipts persisted
2026-10-03T02:19:26.4229021Z legacy checkpoint: 750 receipts persisted
2026-10-03T02:19:45.9017445Z legacy checkpoint: 775 receipts persisted
2026-10-03T02:20:05.7721448Z legacy checkpoint: 800 receipts persisted
2026-10-03T02:20:23.5740212Z legacy checkpoint: 825 receipts persisted
2026-10-03T02:20:43.4005442Z legacy checkpoint: 850 receipts persisted
2026-10-03T02:21:06.7502084Z legacy checkpoint: 875 receipts persisted
2026-10-03T02:21:28.2640094Z legacy checkpoint: 900 receipts persisted
2026-10-03T02:21:45.4151949Z legacy checkpoint: 925 receipts persisted
2026-10-03T02:22:00.4387297Z legacy checkpoint: 950 receipts persisted
2026-10-03T02:22:23.0641118Z legacy checkpoint: 975 receipts persisted
2026-10-03T02:22:44.3672810Z legacy checkpoint: 1000 receipts persisted
2026-10-03T02:22:59.4743915Z legacy checkpoint: 1025 receipts persisted
2026-10-03T02:23:20.1696933Z legacy checkpoint: 1050 receipts persisted
2026-10-03T02:23:39.6863169Z legacy checkpoint: 1075 receipts persisted
2026-10-03T02:23:58.4969699Z legacy checkpoint: 1100 receipts persisted
2026-10-03T02:24:19.2934003Z legacy checkpoint: 1125 receipts persisted
2026-10-03T02:24:32.2273569Z legacy checkpoint: 1150 receipts persisted
2026-10-03T02:24:44.2755035Z legacy checkpoint: 1175 receipts persisted
2026-10-03T02:24:56.7337968Z legacy checkpoint: 1200 receipts persisted
2026-10-03T02:25:09.2787821Z legacy checkpoint: 1225 receipts persisted
2026-10-03T02:25:21.7521097Z legacy checkpoint: 1250 receipts persisted
2026-10-03T02:25:34.2753854Z legacy checkpoint: 1275 receipts persisted
2026-10-03T02:25:46.7920962Z legacy checkpoint: 1300 receipts persisted
2026-10-03T02:25:59.4592683Z legacy checkpoint: 1325 receipts persisted
2026-10-03T02:26:11.7796898Z legacy checkpoint: 1350 receipts persisted
2026-10-03T02:26:24.2748774Z legacy checkpoint: 1375 receipts persisted
2026-10-03T02:26:36.7871263Z legacy checkpoint: 1400 receipts persisted
2026-10-03T02:26:50.9362727Z legacy checkpoint: 1425 receipts persisted
2026-10-03T02:27:16.9802967Z legacy checkpoint: 1450 receipts persisted
2026-10-03T02:27:38.8201500Z legacy checkpoint: 1475 receipts persisted
2026-10-03T02:27:57.7219206Z legacy checkpoint: 1500 receipts persisted
2026-10-03T02:28:24.2847690Z legacy checkpoint: 1525 receipts persisted
2026-10-03T02:28:48.7497693Z legacy checkpoint: 1550 receipts persisted
2026-10-03T02:29:12.2390867Z legacy checkpoint: 1575 receipts persisted
2026-10-03T02:29:40.5407480Z legacy checkpoint: 1600 receipts persisted
2026-10-03T02:30:03.0870679Z legacy checkpoint: 1625 receipts persisted
2026-10-03T02:30:27.6451275Z legacy checkpoint: 1650 receipts persisted
2026-10-03T02:30:48.5231736Z legacy checkpoint: 1675 receipts persisted
2026-10-03T02:31:14.3559989Z legacy checkpoint: 1700 receipts persisted
2026-10-03T02:31:37.8951104Z legacy checkpoint: 1725 receipts persisted
2026-10-03T02:31:55.8472413Z legacy checkpoint: 1750 receipts persisted
2026-10-03T02:32:13.5533961Z legacy checkpoint: 1775 receipts persisted
2026-10-03T02:32:32.4956076Z legacy checkpoint: 1800 receipts persisted
2026-10-03T02:32:53.5875430Z legacy checkpoint: 1825 receipts persisted
2026-10-03T02:33:12.5055886Z legacy checkpoint: 1850 receipts persisted
2026-10-03T02:33:35.4968521Z legacy checkpoint: 1875 receipts persisted
2026-10-03T02:33:59.5785076Z legacy checkpoint: 1900 receipts persisted
2026-10-03T02:34:21.1785003Z legacy checkpoint: 1925 receipts persisted
2026-10-03T02:34:38.9487700Z legacy checkpoint: 1950 receipts persisted
2026-10-03T02:35:00.0324105Z legacy checkpoint: 1975 receipts persisted
2026-10-03T02:35:26.3344341Z legacy checkpoint: 2000 receipts persisted
2026-10-03T02:35:30.6082468Z                      mode  modern_run_tasks  modern_skipped        legacy_scope  legacy_run_docs  legacy_pending_before_run  legacy_rate_limited legacy_stop_reason  legacy_requests  legacy_quarantined_errors                   updated_at_utc
2026-10-03T02:35:30.6084870Z SUPER_VALUE_FAST_BACKFILL                 0            True ALL_MAPPED_RECEIPTS             2000                     111619                False     BATCH_COMPLETE             2000                          0 2026-10-03T02:35:30.603169+00:00
2026-10-03T02:35:31.4111501Z [main acd66cc] Fast-backfill super-value PIT inputs
