2026-10-03T18:46:57.3498562Z Legacy batch: REGULAR_BATCH; run=True
2026-10-03T18:47:34.9443792Z legacy checkpoint: 25 receipts persisted
2026-10-03T18:47:54.9928227Z legacy checkpoint: 50 receipts persisted
2026-10-03T18:48:15.3715161Z legacy checkpoint: 75 receipts persisted
2026-10-03T18:48:37.1298572Z legacy checkpoint: 100 receipts persisted
2026-10-03T18:48:53.5504352Z legacy checkpoint: 125 receipts persisted
2026-10-03T18:49:22.5708345Z legacy checkpoint: 150 receipts persisted
2026-10-03T18:49:43.3157849Z legacy checkpoint: 175 receipts persisted
2026-10-03T18:50:02.4118848Z legacy checkpoint: 200 receipts persisted
2026-10-03T18:50:22.2208868Z legacy checkpoint: 225 receipts persisted
2026-10-03T18:50:42.2397701Z legacy checkpoint: 250 receipts persisted
2026-10-03T18:50:59.8960432Z legacy checkpoint: 275 receipts persisted
2026-10-03T18:51:22.4754080Z legacy checkpoint: 300 receipts persisted
2026-10-03T18:51:40.8585296Z legacy checkpoint: 325 receipts persisted
2026-10-03T18:52:02.1440102Z legacy checkpoint: 350 receipts persisted
2026-10-03T18:52:22.5672254Z legacy checkpoint: 375 receipts persisted
2026-10-03T18:52:40.9135842Z legacy checkpoint: 400 receipts persisted
2026-10-03T18:53:02.2053397Z legacy checkpoint: 425 receipts persisted
2026-10-03T18:53:19.4966728Z legacy checkpoint: 450 receipts persisted
2026-10-03T18:53:42.7994285Z legacy checkpoint: 475 receipts persisted
2026-10-03T18:54:02.5368443Z legacy checkpoint: 500 receipts persisted
2026-10-03T18:54:20.4607333Z legacy checkpoint: 525 receipts persisted
2026-10-03T18:54:40.9485424Z legacy checkpoint: 550 receipts persisted
2026-10-03T18:55:00.4461946Z legacy checkpoint: 575 receipts persisted
2026-10-03T18:55:18.0950703Z legacy checkpoint: 600 receipts persisted
2026-10-03T18:55:40.4667748Z legacy checkpoint: 625 receipts persisted
2026-10-03T18:55:58.7321534Z legacy checkpoint: 650 receipts persisted
2026-10-03T18:56:18.7288707Z legacy checkpoint: 675 receipts persisted
2026-10-03T18:56:38.6236673Z legacy checkpoint: 700 receipts persisted
2026-10-03T18:56:57.3936720Z legacy checkpoint: 725 receipts persisted
2026-10-03T18:57:17.0005403Z legacy checkpoint: 750 receipts persisted
2026-10-03T18:57:37.0845466Z legacy checkpoint: 775 receipts persisted
2026-10-03T18:57:56.0406459Z legacy checkpoint: 800 receipts persisted
2026-10-03T18:58:19.8146706Z legacy checkpoint: 825 receipts persisted
2026-10-03T18:58:40.9020862Z legacy checkpoint: 850 receipts persisted
2026-10-03T18:59:01.8240403Z legacy checkpoint: 875 receipts persisted
2026-10-03T18:59:19.6813479Z legacy checkpoint: 900 receipts persisted
2026-10-03T18:59:40.0489119Z legacy checkpoint: 925 receipts persisted
2026-10-03T19:00:02.5390359Z legacy checkpoint: 950 receipts persisted
2026-10-03T19:00:22.5171476Z legacy checkpoint: 975 receipts persisted
2026-10-03T19:00:44.1698257Z legacy checkpoint: 1000 receipts persisted
2026-10-03T19:01:03.8804091Z legacy checkpoint: 1025 receipts persisted
2026-10-03T19:01:22.3154258Z legacy checkpoint: 1050 receipts persisted
2026-10-03T19:01:40.1945989Z legacy checkpoint: 1075 receipts persisted
2026-10-03T19:02:01.3200265Z legacy checkpoint: 1100 receipts persisted
2026-10-03T19:02:20.4951364Z legacy checkpoint: 1125 receipts persisted
2026-10-03T19:02:42.7558906Z legacy checkpoint: 1150 receipts persisted
2026-10-03T19:03:05.3254172Z legacy checkpoint: 1175 receipts persisted
2026-10-03T19:03:24.1048010Z legacy checkpoint: 1200 receipts persisted
2026-10-03T19:03:42.0476154Z legacy checkpoint: 1225 receipts persisted
2026-10-03T19:04:01.4867584Z legacy checkpoint: 1250 receipts persisted
2026-10-03T19:04:20.5068576Z legacy checkpoint: 1275 receipts persisted
2026-10-03T19:04:40.6601153Z legacy checkpoint: 1300 receipts persisted
2026-10-03T19:05:01.3116063Z legacy checkpoint: 1325 receipts persisted
2026-10-03T19:05:18.9215630Z legacy checkpoint: 1350 receipts persisted
2026-10-03T19:05:37.2929721Z legacy checkpoint: 1375 receipts persisted
2026-10-03T19:05:59.6223432Z legacy checkpoint: 1400 receipts persisted
2026-10-03T19:06:21.3231105Z legacy checkpoint: 1425 receipts persisted
2026-10-03T19:06:39.1552781Z legacy checkpoint: 1450 receipts persisted
2026-10-03T19:06:53.6739540Z legacy checkpoint: 1475 receipts persisted
2026-10-03T19:07:17.3238885Z legacy checkpoint: 1500 receipts persisted
2026-10-03T19:07:34.3620785Z legacy checkpoint: 1525 receipts persisted
2026-10-03T19:07:51.6642214Z legacy checkpoint: 1550 receipts persisted
2026-10-03T19:08:12.5194307Z legacy checkpoint: 1575 receipts persisted
2026-10-03T19:08:31.1434559Z legacy checkpoint: 1600 receipts persisted
2026-10-03T19:08:48.6038942Z legacy checkpoint: 1625 receipts persisted
2026-10-03T19:09:15.7714460Z legacy checkpoint: 1650 receipts persisted
2026-10-03T19:09:36.7489907Z legacy checkpoint: 1675 receipts persisted
2026-10-03T19:09:55.9384631Z legacy checkpoint: 1700 receipts persisted
2026-10-03T19:10:15.0813843Z legacy checkpoint: 1725 receipts persisted
2026-10-03T19:10:34.8363491Z legacy checkpoint: 1750 receipts persisted
2026-10-03T19:10:54.5865010Z legacy checkpoint: 1775 receipts persisted
2026-10-03T19:11:16.8231242Z legacy checkpoint: 1800 receipts persisted
2026-10-03T19:11:40.6959840Z legacy checkpoint: 1825 receipts persisted
2026-10-03T19:11:57.6191221Z legacy checkpoint: 1850 receipts persisted
2026-10-03T19:12:15.0505147Z legacy checkpoint: 1875 receipts persisted
2026-10-03T19:12:35.1092576Z legacy checkpoint: 1900 receipts persisted
2026-10-03T19:12:55.3257629Z legacy checkpoint: 1925 receipts persisted
2026-10-03T19:13:12.6287575Z legacy checkpoint: 1950 receipts persisted
2026-10-03T19:13:29.3828345Z legacy checkpoint: 1975 receipts persisted
2026-10-03T19:13:46.7410124Z legacy checkpoint: 2000 receipts persisted
2026-10-03T19:33:50.1004784Z                      mode  modern_total_cfs  modern_cfs_done  modern_cfs_completion_pct  modern_fallback_needed  modern_fallback_done  modern_run_tasks  modern_rate_limited        legacy_scope  legacy_run_docs  legacy_pending_before_run  legacy_rate_limited legacy_stop_reason  legacy_requests  legacy_quarantined_errors                   updated_at_utc
2026-10-03T19:33:50.1008369Z SUPER_VALUE_FAST_BACKFILL            117676            95706                      81.33                   34181                 16895              1000                False ALL_MAPPED_RECEIPTS             2000                     107619                False     BATCH_COMPLETE             2000                          0 2026-10-03T19:33:50.093828+00:00
2026-10-03T19:33:50.7580270Z [main e512c28] Fast-backfill super-value PIT inputs
